Resource Usage Report for phy_ctrl_rmii 

Mapping to part: mpf050tfcvg484std
Cell usage:
CLKINT          3 uses
CFG1           3 uses
CFG2           37 uses
CFG3           19 uses
CFG4           11 uses

Carry cells:
ARI1            52 uses - used for arithmetic functions


Sequential Cells: 
SLE            137 uses

DSP Blocks:    0 of 150 (0%)

I/O ports: 21
I/O primitives: 15
INBUF          6 uses
OUTBUF         9 uses


Global Clock Buffers: 3

Total LUTs:    122

Extra resources required for RAM and MACC_PA interface logic during P&R:

RAM64X12 Interface Logic : SLEs = 0; LUTs = 0;
RAM1K20  Interface Logic : SLEs = 0; LUTs = 0;
MACC_PA     Interface Logic : SLEs = 0; LUTs = 0;
MACC_PA_BC_ROM     Interface Logic : SLEs = 0; LUTs = 0;

Total number of SLEs after P&R:  137 + 0 + 0 + 0 = 137;
Total number of LUTs after P&R:  122 + 0 + 0 + 0 = 122;

