Resource Usage Report for top_hw 

Mapping to part: mpf050tfcvg484std
Cell usage:
CLKINT          7 uses
CFG1           22 uses
CFG2           349 uses
CFG3           784 uses
CFG4           1422 uses

Carry cells:
ARI1            348 uses - used for arithmetic functions
ARI1            345 uses - used for Wide-Mux implementation
Total ARI1      693 uses


Sequential Cells: 
SLE            2496 uses

DSP Blocks:    0 of 150 (0%)

I/O ports: 140
I/O primitives: 140
BIBUF          1 use
INBUF          69 uses
OUTBUF         70 uses


Global Clock Buffers: 7

Total LUTs:    3270

Extra resources required for RAM and MACC_PA interface logic during P&R:

RAM64X12 Interface Logic : SLEs = 48; LUTs = 48;
RAM1K20  Interface Logic : SLEs = 0; LUTs = 0;
MACC_PA     Interface Logic : SLEs = 0; LUTs = 0;
MACC_PA_BC_ROM     Interface Logic : SLEs = 0; LUTs = 0;

Total number of SLEs after P&R:  2496 + 48 + 0 + 0 = 2544;
Total number of LUTs after P&R:  3270 + 48 + 0 + 0 = 3318;

