Resource Usage Report for tr_fifo_rmii 

Mapping to part: mpf050tfcvg484std
Cell usage:
CLKINT          2 uses
CFG1           3 uses
CFG2           17 uses
CFG3           11 uses
CFG4           4 uses

Carry cells:
ARI1            26 uses - used for arithmetic functions


Sequential Cells: 
SLE            68 uses

DSP Blocks:    0 of 150 (0%)

I/O ports: 13
I/O primitives: 9
INBUF          4 uses
OUTBUF         5 uses


Global Clock Buffers: 2

Total LUTs:    61

Extra resources required for RAM and MACC_PA interface logic during P&R:

RAM64X12 Interface Logic : SLEs = 0; LUTs = 0;
RAM1K20  Interface Logic : SLEs = 0; LUTs = 0;
MACC_PA     Interface Logic : SLEs = 0; LUTs = 0;
MACC_PA_BC_ROM     Interface Logic : SLEs = 0; LUTs = 0;

Total number of SLEs after P&R:  68 + 0 + 0 + 0 = 68;
Total number of LUTs after P&R:  61 + 0 + 0 + 0 = 61;

