
Copyright (C) 1994-2023 Synopsys, Inc.
This Synopsys software and all associated documentation are proprietary to Synopsys, Inc.
and may only be used pursuant to the terms and conditions of a written license agreement
with Synopsys, Inc. All other use, reproduction, modification, or distribution of the
Synopsys software or the associated documentation is strictly prohibited.
Tool: Synplify Pro (R)
Build: V-2023.09M-3
Install: C:\Microchip\Libero_SoC_v2024.2\SynplifyPro
OS: Windows 10 or later
Hostname: LAPTOP-6FQD1N4B

Implementation : synthesis
Synopsys HDL compiler and linker, Version comp202309synp1, Build 280R, Built Jun 20 2024 08:13:40, @

Modified Files: 2
FID:  path (prevtimestamp, timestamp)
4        C:\repo1\gpb\stn\fpga_hw\component\polarfire_syn_comps.v (2025-10-17 10:48:05, 2025-10-17 10:52:54)
5        C:\repo1\gpb\stn\fpga_hw\hdl\top_hw.v (2025-10-17 10:48:00, 2025-10-17 10:52:39)

*******************************************************************
Modules that may have changed as a result of file changes: 92
MID:  lib.cell.view
72       work.ADDER_DECODE.verilog may have changed because the following files changed:
                        C:\repo1\gpb\stn\fpga_hw\hdl\top_hw.v (2025-10-17 10:48:00, 2025-10-17 10:52:39) <-- (may instantiate this module)
0        work.APBM.verilog may have changed because the following files changed:
                        C:\repo1\gpb\stn\fpga_hw\component\polarfire_syn_comps.v (2025-10-17 10:48:05, 2025-10-17 10:52:54) <-- (module definition)
1        work.APBS.verilog may have changed because the following files changed:
                        C:\repo1\gpb\stn\fpga_hw\component\polarfire_syn_comps.v (2025-10-17 10:48:05, 2025-10-17 10:52:54) <-- (module definition)
89       work.APP_IF.verilog may have changed because the following files changed:
                        C:\repo1\gpb\stn\fpga_hw\hdl\top_hw.v (2025-10-17 10:48:00, 2025-10-17 10:52:39) <-- (may instantiate this module)
2        work.BANKCTRLM.verilog may have changed because the following files changed:
                        C:\repo1\gpb\stn\fpga_hw\component\polarfire_syn_comps.v (2025-10-17 10:48:05, 2025-10-17 10:52:54) <-- (module definition)
3        work.BANKCTRL_GPIO.verilog may have changed because the following files changed:
                        C:\repo1\gpb\stn\fpga_hw\component\polarfire_syn_comps.v (2025-10-17 10:48:05, 2025-10-17 10:52:54) <-- (module definition)
4        work.BANKCTRL_HSIO.verilog may have changed because the following files changed:
                        C:\repo1\gpb\stn\fpga_hw\component\polarfire_syn_comps.v (2025-10-17 10:48:05, 2025-10-17 10:52:54) <-- (module definition)
5        work.BANKEN.verilog may have changed because the following files changed:
                        C:\repo1\gpb\stn\fpga_hw\component\polarfire_syn_comps.v (2025-10-17 10:48:05, 2025-10-17 10:52:54) <-- (module definition)
6        work.CLKBUF_DIFF.verilog may have changed because the following files changed:
                        C:\repo1\gpb\stn\fpga_hw\component\polarfire_syn_comps.v (2025-10-17 10:48:05, 2025-10-17 10:52:54) <-- (module definition)
7        work.CLKBUF_DIFF_ODT.verilog may have changed because the following files changed:
                        C:\repo1\gpb\stn\fpga_hw\component\polarfire_syn_comps.v (2025-10-17 10:48:05, 2025-10-17 10:52:54) <-- (module definition)
73       work.CLOCK_DIV.verilog may have changed because the following files changed:
                        C:\repo1\gpb\stn\fpga_hw\hdl\top_hw.v (2025-10-17 10:48:00, 2025-10-17 10:52:39) <-- (may instantiate this module)
8        work.CORELNKTMR_V.verilog may have changed because the following files changed:
                        C:\repo1\gpb\stn\fpga_hw\component\polarfire_syn_comps.v (2025-10-17 10:48:05, 2025-10-17 10:52:54) <-- (module definition)
9        work.CRN_COMMON.verilog may have changed because the following files changed:
                        C:\repo1\gpb\stn\fpga_hw\component\polarfire_syn_comps.v (2025-10-17 10:48:05, 2025-10-17 10:52:54) <-- (module definition)
10       work.CRN_INT.verilog may have changed because the following files changed:
                        C:\repo1\gpb\stn\fpga_hw\component\polarfire_syn_comps.v (2025-10-17 10:48:05, 2025-10-17 10:52:54) <-- (module definition)
11       work.CRYPTO.verilog may have changed because the following files changed:
                        C:\repo1\gpb\stn\fpga_hw\component\polarfire_syn_comps.v (2025-10-17 10:48:05, 2025-10-17 10:52:54) <-- (module definition)
12       work.CRYPTO_SOC.verilog may have changed because the following files changed:
                        C:\repo1\gpb\stn\fpga_hw\component\polarfire_syn_comps.v (2025-10-17 10:48:05, 2025-10-17 10:52:54) <-- (module definition)
74       work.ClkGen.verilog may have changed because the following files changed:
                        C:\repo1\gpb\stn\fpga_hw\hdl\top_hw.v (2025-10-17 10:48:00, 2025-10-17 10:52:39) <-- (may instantiate this module)
13       work.DEBUG.verilog may have changed because the following files changed:
                        C:\repo1\gpb\stn\fpga_hw\component\polarfire_syn_comps.v (2025-10-17 10:48:05, 2025-10-17 10:52:54) <-- (module definition)
14       work.DLL.verilog may have changed because the following files changed:
                        C:\repo1\gpb\stn\fpga_hw\component\polarfire_syn_comps.v (2025-10-17 10:48:05, 2025-10-17 10:52:54) <-- (module definition)
15       work.DRI.verilog may have changed because the following files changed:
                        C:\repo1\gpb\stn\fpga_hw\component\polarfire_syn_comps.v (2025-10-17 10:48:05, 2025-10-17 10:52:54) <-- (module definition)
126      work.EEPROM_OPB_IF_V2.verilog may have changed because the following files changed:
                        C:\repo1\gpb\stn\fpga_hw\hdl\top_hw.v (2025-10-17 10:48:00, 2025-10-17 10:52:39) <-- (may instantiate this module)
16       work.ENFORCE.verilog may have changed because the following files changed:
                        C:\repo1\gpb\stn\fpga_hw\component\polarfire_syn_comps.v (2025-10-17 10:48:05, 2025-10-17 10:52:54) <-- (module definition)
17       work.GLITCHDETECT.verilog may have changed because the following files changed:
                        C:\repo1\gpb\stn\fpga_hw\component\polarfire_syn_comps.v (2025-10-17 10:48:05, 2025-10-17 10:52:54) <-- (module definition)
88       work.GPIO.verilog may have changed because the following files changed:
                        C:\repo1\gpb\stn\fpga_hw\hdl\top_hw.v (2025-10-17 10:48:00, 2025-10-17 10:52:39) <-- (may instantiate this module)
18       work.GPSS_COMMON.verilog may have changed because the following files changed:
                        C:\repo1\gpb\stn\fpga_hw\component\polarfire_syn_comps.v (2025-10-17 10:48:05, 2025-10-17 10:52:54) <-- (module definition)
19       work.HS_IO_CLK.verilog may have changed because the following files changed:
                        C:\repo1\gpb\stn\fpga_hw\component\polarfire_syn_comps.v (2025-10-17 10:48:05, 2025-10-17 10:52:54) <-- (module definition)
20       work.ICB_BANKCLK.verilog may have changed because the following files changed:
                        C:\repo1\gpb\stn\fpga_hw\component\polarfire_syn_comps.v (2025-10-17 10:48:05, 2025-10-17 10:52:54) <-- (module definition)
21       work.ICB_CLKDIV.verilog may have changed because the following files changed:
                        C:\repo1\gpb\stn\fpga_hw\component\polarfire_syn_comps.v (2025-10-17 10:48:05, 2025-10-17 10:52:54) <-- (module definition)
22       work.ICB_CLKDIVDELAY.verilog may have changed because the following files changed:
                        C:\repo1\gpb\stn\fpga_hw\component\polarfire_syn_comps.v (2025-10-17 10:48:05, 2025-10-17 10:52:54) <-- (module definition)
23       work.ICB_CLKINT.verilog may have changed because the following files changed:
                        C:\repo1\gpb\stn\fpga_hw\component\polarfire_syn_comps.v (2025-10-17 10:48:05, 2025-10-17 10:52:54) <-- (module definition)
24       work.ICB_CLKSTOP.verilog may have changed because the following files changed:
                        C:\repo1\gpb\stn\fpga_hw\component\polarfire_syn_comps.v (2025-10-17 10:48:05, 2025-10-17 10:52:54) <-- (module definition)
25       work.ICB_CLKSTOP_EN.verilog may have changed because the following files changed:
                        C:\repo1\gpb\stn\fpga_hw\component\polarfire_syn_comps.v (2025-10-17 10:48:05, 2025-10-17 10:52:54) <-- (module definition)
26       work.ICB_INT.verilog may have changed because the following files changed:
                        C:\repo1\gpb\stn\fpga_hw\component\polarfire_syn_comps.v (2025-10-17 10:48:05, 2025-10-17 10:52:54) <-- (module definition)
27       work.ICB_MUXING.verilog may have changed because the following files changed:
                        C:\repo1\gpb\stn\fpga_hw\component\polarfire_syn_comps.v (2025-10-17 10:48:05, 2025-10-17 10:52:54) <-- (module definition)
28       work.ICB_NGMUX.verilog may have changed because the following files changed:
                        C:\repo1\gpb\stn\fpga_hw\component\polarfire_syn_comps.v (2025-10-17 10:48:05, 2025-10-17 10:52:54) <-- (module definition)
29       work.INIT.verilog may have changed because the following files changed:
                        C:\repo1\gpb\stn\fpga_hw\component\polarfire_syn_comps.v (2025-10-17 10:48:05, 2025-10-17 10:52:54) <-- (module definition)
30       work.IOD.verilog may have changed because the following files changed:
                        C:\repo1\gpb\stn\fpga_hw\component\polarfire_syn_comps.v (2025-10-17 10:48:05, 2025-10-17 10:52:54) <-- (module definition)
31       work.LANECTRL.verilog may have changed because the following files changed:
                        C:\repo1\gpb\stn\fpga_hw\component\polarfire_syn_comps.v (2025-10-17 10:48:05, 2025-10-17 10:52:54) <-- (module definition)
32       work.LANERST.verilog may have changed because the following files changed:
                        C:\repo1\gpb\stn\fpga_hw\component\polarfire_syn_comps.v (2025-10-17 10:48:05, 2025-10-17 10:52:54) <-- (module definition)
76       work.OSCILLATOR_COUNTER.verilog may have changed because the following files changed:
                        C:\repo1\gpb\stn\fpga_hw\hdl\top_hw.v (2025-10-17 10:48:00, 2025-10-17 10:52:39) <-- (may instantiate this module)
33       work.OSC_RC160MHZ.verilog may have changed because the following files changed:
                        C:\repo1\gpb\stn\fpga_hw\component\polarfire_syn_comps.v (2025-10-17 10:48:05, 2025-10-17 10:52:54) <-- (module definition)
34       work.OSC_RC200MHZ.verilog may have changed because the following files changed:
                        C:\repo1\gpb\stn\fpga_hw\component\polarfire_syn_comps.v (2025-10-17 10:48:05, 2025-10-17 10:52:54) <-- (module definition)
35       work.OSC_RC2MHZ.verilog may have changed because the following files changed:
                        C:\repo1\gpb\stn\fpga_hw\component\polarfire_syn_comps.v (2025-10-17 10:48:05, 2025-10-17 10:52:54) <-- (module definition)
36       work.PCIE.verilog may have changed because the following files changed:
                        C:\repo1\gpb\stn\fpga_hw\component\polarfire_syn_comps.v (2025-10-17 10:48:05, 2025-10-17 10:52:54) <-- (module definition)
37       work.PCIE_COMMON.verilog may have changed because the following files changed:
                        C:\repo1\gpb\stn\fpga_hw\component\polarfire_syn_comps.v (2025-10-17 10:48:05, 2025-10-17 10:52:54) <-- (module definition)
38       work.PFSOC_SCSM.verilog may have changed because the following files changed:
                        C:\repo1\gpb\stn\fpga_hw\component\polarfire_syn_comps.v (2025-10-17 10:48:05, 2025-10-17 10:52:54) <-- (module definition)
39       work.PF_SPI.verilog may have changed because the following files changed:
                        C:\repo1\gpb\stn\fpga_hw\component\polarfire_syn_comps.v (2025-10-17 10:48:05, 2025-10-17 10:52:54) <-- (module definition)
90       work.PHY_IF.verilog may have changed because the following files changed:
                        C:\repo1\gpb\stn\fpga_hw\hdl\top_hw.v (2025-10-17 10:48:00, 2025-10-17 10:52:39) <-- (may instantiate this module)
40       work.PLL.verilog may have changed because the following files changed:
                        C:\repo1\gpb\stn\fpga_hw\component\polarfire_syn_comps.v (2025-10-17 10:48:05, 2025-10-17 10:52:54) <-- (module definition)
41       work.QUADRST.verilog may have changed because the following files changed:
                        C:\repo1\gpb\stn\fpga_hw\component\polarfire_syn_comps.v (2025-10-17 10:48:05, 2025-10-17 10:52:54) <-- (module definition)
42       work.QUADRST_PCIE.verilog may have changed because the following files changed:
                        C:\repo1\gpb\stn\fpga_hw\component\polarfire_syn_comps.v (2025-10-17 10:48:05, 2025-10-17 10:52:54) <-- (module definition)
43       work.SCB.verilog may have changed because the following files changed:
                        C:\repo1\gpb\stn\fpga_hw\component\polarfire_syn_comps.v (2025-10-17 10:48:05, 2025-10-17 10:52:54) <-- (module definition)
77       work.SCRATCH_PAD_REGISTER.verilog may have changed because the following files changed:
                        C:\repo1\gpb\stn\fpga_hw\hdl\top_hw.v (2025-10-17 10:48:00, 2025-10-17 10:52:39) <-- (may instantiate this module)
44       work.SYSCTRL_RESET_STATUS.verilog may have changed because the following files changed:
                        C:\repo1\gpb\stn\fpga_hw\component\polarfire_syn_comps.v (2025-10-17 10:48:05, 2025-10-17 10:52:54) <-- (module definition)
45       work.SYSRESET.verilog may have changed because the following files changed:
                        C:\repo1\gpb\stn\fpga_hw\component\polarfire_syn_comps.v (2025-10-17 10:48:05, 2025-10-17 10:52:54) <-- (module definition)
46       work.SYS_SERVICES.verilog may have changed because the following files changed:
                        C:\repo1\gpb\stn\fpga_hw\component\polarfire_syn_comps.v (2025-10-17 10:48:05, 2025-10-17 10:52:54) <-- (module definition)
47       work.TAMPER.verilog may have changed because the following files changed:
                        C:\repo1\gpb\stn\fpga_hw\component\polarfire_syn_comps.v (2025-10-17 10:48:05, 2025-10-17 10:52:54) <-- (module definition)
48       work.TVS.verilog may have changed because the following files changed:
                        C:\repo1\gpb\stn\fpga_hw\component\polarfire_syn_comps.v (2025-10-17 10:48:05, 2025-10-17 10:52:54) <-- (module definition)
49       work.TX_PLL.verilog may have changed because the following files changed:
                        C:\repo1\gpb\stn\fpga_hw\component\polarfire_syn_comps.v (2025-10-17 10:48:05, 2025-10-17 10:52:54) <-- (module definition)
50       work.UPROM.verilog may have changed because the following files changed:
                        C:\repo1\gpb\stn\fpga_hw\component\polarfire_syn_comps.v (2025-10-17 10:48:05, 2025-10-17 10:52:54) <-- (module definition)
51       work.USPI.verilog may have changed because the following files changed:
                        C:\repo1\gpb\stn\fpga_hw\component\polarfire_syn_comps.v (2025-10-17 10:48:05, 2025-10-17 10:52:54) <-- (module definition)
52       work.VOLTAGEDETECT.verilog may have changed because the following files changed:
                        C:\repo1\gpb\stn\fpga_hw\component\polarfire_syn_comps.v (2025-10-17 10:48:05, 2025-10-17 10:52:54) <-- (module definition)
53       work.VREFBANKDYN.verilog may have changed because the following files changed:
                        C:\repo1\gpb\stn\fpga_hw\component\polarfire_syn_comps.v (2025-10-17 10:48:05, 2025-10-17 10:52:54) <-- (module definition)
54       work.VREFCTRL.verilog may have changed because the following files changed:
                        C:\repo1\gpb\stn\fpga_hw\component\polarfire_syn_comps.v (2025-10-17 10:48:05, 2025-10-17 10:52:54) <-- (module definition)
55       work.XCVR.verilog may have changed because the following files changed:
                        C:\repo1\gpb\stn\fpga_hw\component\polarfire_syn_comps.v (2025-10-17 10:48:05, 2025-10-17 10:52:54) <-- (module definition)
56       work.XCVR_64B6XB.verilog may have changed because the following files changed:
                        C:\repo1\gpb\stn\fpga_hw\component\polarfire_syn_comps.v (2025-10-17 10:48:05, 2025-10-17 10:52:54) <-- (module definition)
57       work.XCVR_8B10B.verilog may have changed because the following files changed:
                        C:\repo1\gpb\stn\fpga_hw\component\polarfire_syn_comps.v (2025-10-17 10:48:05, 2025-10-17 10:52:54) <-- (module definition)
58       work.XCVR_APB_LINK.verilog may have changed because the following files changed:
                        C:\repo1\gpb\stn\fpga_hw\component\polarfire_syn_comps.v (2025-10-17 10:48:05, 2025-10-17 10:52:54) <-- (module definition)
59       work.XCVR_APB_LINK_V.verilog may have changed because the following files changed:
                        C:\repo1\gpb\stn\fpga_hw\component\polarfire_syn_comps.v (2025-10-17 10:48:05, 2025-10-17 10:52:54) <-- (module definition)
60       work.XCVR_APB_LINK_V2.verilog may have changed because the following files changed:
                        C:\repo1\gpb\stn\fpga_hw\component\polarfire_syn_comps.v (2025-10-17 10:48:05, 2025-10-17 10:52:54) <-- (module definition)
61       work.XCVR_DUAL_PCS.verilog may have changed because the following files changed:
                        C:\repo1\gpb\stn\fpga_hw\component\polarfire_syn_comps.v (2025-10-17 10:48:05, 2025-10-17 10:52:54) <-- (module definition)
62       work.XCVR_PIPE.verilog may have changed because the following files changed:
                        C:\repo1\gpb\stn\fpga_hw\component\polarfire_syn_comps.v (2025-10-17 10:48:05, 2025-10-17 10:52:54) <-- (module definition)
63       work.XCVR_PIPE_AXI0.verilog may have changed because the following files changed:
                        C:\repo1\gpb\stn\fpga_hw\component\polarfire_syn_comps.v (2025-10-17 10:48:05, 2025-10-17 10:52:54) <-- (module definition)
64       work.XCVR_PIPE_AXI1.verilog may have changed because the following files changed:
                        C:\repo1\gpb\stn\fpga_hw\component\polarfire_syn_comps.v (2025-10-17 10:48:05, 2025-10-17 10:52:54) <-- (module definition)
65       work.XCVR_PMA.verilog may have changed because the following files changed:
                        C:\repo1\gpb\stn\fpga_hw\component\polarfire_syn_comps.v (2025-10-17 10:48:05, 2025-10-17 10:52:54) <-- (module definition)
66       work.XCVR_REF_CLK.verilog may have changed because the following files changed:
                        C:\repo1\gpb\stn\fpga_hw\component\polarfire_syn_comps.v (2025-10-17 10:48:05, 2025-10-17 10:52:54) <-- (module definition)
67       work.XCVR_REF_CLK_N.verilog may have changed because the following files changed:
                        C:\repo1\gpb\stn\fpga_hw\component\polarfire_syn_comps.v (2025-10-17 10:48:05, 2025-10-17 10:52:54) <-- (module definition)
68       work.XCVR_REF_CLK_P.verilog may have changed because the following files changed:
                        C:\repo1\gpb\stn\fpga_hw\component\polarfire_syn_comps.v (2025-10-17 10:48:05, 2025-10-17 10:52:54) <-- (module definition)
69       work.XCVR_TEST.verilog may have changed because the following files changed:
                        C:\repo1\gpb\stn\fpga_hw\component\polarfire_syn_comps.v (2025-10-17 10:48:05, 2025-10-17 10:52:54) <-- (module definition)
70       work.XCVR_VV.verilog may have changed because the following files changed:
                        C:\repo1\gpb\stn\fpga_hw\component\polarfire_syn_comps.v (2025-10-17 10:48:05, 2025-10-17 10:52:54) <-- (module definition)
78       work.afifo.verilog may have changed because the following files changed:
                        C:\repo1\gpb\stn\fpga_hw\hdl\top_hw.v (2025-10-17 10:48:00, 2025-10-17 10:52:39) <-- (may instantiate this module)
79       work.cmd_server.verilog may have changed because the following files changed:
                        C:\repo1\gpb\stn\fpga_hw\hdl\top_hw.v (2025-10-17 10:48:00, 2025-10-17 10:52:39) <-- (may instantiate this module)
80       work.cmn_uart.rtl may have changed because the following files changed:
                        C:\repo1\gpb\stn\fpga_hw\hdl\top_hw.v (2025-10-17 10:48:00, 2025-10-17 10:52:39) <-- (may instantiate this module)
125      work.ctrl_package_transceiver.verilog may have changed because the following files changed:
                        C:\repo1\gpb\stn\fpga_hw\hdl\top_hw.v (2025-10-17 10:48:00, 2025-10-17 10:52:39) <-- (may instantiate this module)
82       work.msg_buffer.verilog may have changed because the following files changed:
                        C:\repo1\gpb\stn\fpga_hw\hdl\top_hw.v (2025-10-17 10:48:00, 2025-10-17 10:52:39) <-- (may instantiate this module)
83       work.msg_read.verilog may have changed because the following files changed:
                        C:\repo1\gpb\stn\fpga_hw\hdl\top_hw.v (2025-10-17 10:48:00, 2025-10-17 10:52:39) <-- (may instantiate this module)
84       work.msg_write.verilog may have changed because the following files changed:
                        C:\repo1\gpb\stn\fpga_hw\hdl\top_hw.v (2025-10-17 10:48:00, 2025-10-17 10:52:39) <-- (may instantiate this module)
85       work.opb_emu_target.verilog may have changed because the following files changed:
                        C:\repo1\gpb\stn\fpga_hw\hdl\top_hw.v (2025-10-17 10:48:00, 2025-10-17 10:52:39) <-- (may instantiate this module)
124      work.phy_ctrl_rmii.verilog may have changed because the following files changed:
                        C:\repo1\gpb\stn\fpga_hw\hdl\top_hw.v (2025-10-17 10:48:00, 2025-10-17 10:52:39) <-- (may instantiate this module)
127      work.serial_eeprom_if_v2.rtl may have changed because the following files changed:
                        C:\repo1\gpb\stn\fpga_hw\hdl\top_hw.v (2025-10-17 10:48:00, 2025-10-17 10:52:39) <-- (may instantiate this module)
91       work.serial_mii.behavioral may have changed because the following files changed:
                        C:\repo1\gpb\stn\fpga_hw\hdl\top_hw.v (2025-10-17 10:48:00, 2025-10-17 10:52:39) <-- (may instantiate this module)
71       work.top_hw.verilog may have changed because the following files changed:
                        C:\repo1\gpb\stn\fpga_hw\hdl\top_hw.v (2025-10-17 10:48:00, 2025-10-17 10:52:39) <-- (module definition)

*******************************************************************
Unmodified files: 36
FID:  path (timestamp)
0        C:\Microchip\Libero_SoC_v2024.2\SynplifyPro\lib\generic\acg5.v (2024-07-25 23:12:34)
6        C:\Microchip\Libero_SoC_v2024.2\SynplifyPro\lib\vhd2008\arith.vhd (2024-07-25 23:03:50)
7        C:\Microchip\Libero_SoC_v2024.2\SynplifyPro\lib\vhd2008\location.map (2024-07-25 23:03:50)
8        C:\Microchip\Libero_SoC_v2024.2\SynplifyPro\lib\vhd2008\numeric.vhd (2024-07-25 23:29:38)
9        C:\Microchip\Libero_SoC_v2024.2\SynplifyPro\lib\vhd2008\std.vhd (2024-07-25 23:04:16)
10       C:\Microchip\Libero_SoC_v2024.2\SynplifyPro\lib\vhd2008\std1164.vhd (2024-07-25 23:03:50)
11       C:\Microchip\Libero_SoC_v2024.2\SynplifyPro\lib\vhd2008\std_textio.vhd (2024-07-25 23:03:50)
12       C:\Microchip\Libero_SoC_v2024.2\SynplifyPro\lib\vhd2008\unsigned.vhd (2024-07-25 23:03:50)
13       C:\Microchip\Libero_SoC_v2024.2\SynplifyPro\lib\vhd\hyperents.vhd (2024-07-25 23:03:50)
14       C:\Microchip\Libero_SoC_v2024.2\SynplifyPro\lib\vhd\math_real.vhd (2024-07-25 23:29:32)
15       C:\Microchip\Libero_SoC_v2024.2\SynplifyPro\lib\vhd\snps_haps_pkg.vhd (2024-07-25 23:03:50)
16       C:\Microchip\Libero_SoC_v2024.2\SynplifyPro\lib\vhd\umr_capim.vhd (2024-07-25 23:03:50)
1        C:\Microchip\Libero_SoC_v2024.2\SynplifyPro\lib\vlog\hypermods.v (2024-07-25 23:03:48)
2        C:\Microchip\Libero_SoC_v2024.2\SynplifyPro\lib\vlog\scemi_objects.v (2024-07-25 23:03:48)
3        C:\Microchip\Libero_SoC_v2024.2\SynplifyPro\lib\vlog\scemi_pipes.svh (2024-07-25 23:03:48)
17       C:\repo1\gpb\stn\fpga_hw\hdl\ADDR_DECODE.v (2025-07-12 13:50:11)
18       C:\repo1\gpb\stn\fpga_hw\hdl\ADDR_DEFINITION.v (2025-10-17 10:30:47)
33       C:\repo1\gpb\stn\fpga_hw\hdl\APP_IF.v (2025-08-22 10:06:05)
19       C:\repo1\gpb\stn\fpga_hw\hdl\CLOCK_DIV.V (2025-06-21 09:59:16)
20       C:\repo1\gpb\stn\fpga_hw\hdl\ClkGen.v (2025-07-12 12:25:17)
65       C:\repo1\gpb\stn\fpga_hw\hdl\EEPROM_OPB_IF_V2.v (2025-10-10 12:39:30)
22       C:\repo1\gpb\stn\fpga_hw\hdl\OSCILLATOR_COUNTER.v (2025-07-12 13:23:11)
34       C:\repo1\gpb\stn\fpga_hw\hdl\PHY_IF.v (2025-08-17 13:17:24)
23       C:\repo1\gpb\stn\fpga_hw\hdl\SCRATCH_PAD_REGISTER.v (2025-08-02 10:59:15)
35       C:\repo1\gpb\stn\fpga_hw\hdl\SERIAL_MII.vhd (2016-08-08 08:18:59)
24       C:\repo1\gpb\stn\fpga_hw\hdl\afifo.v (2025-06-21 09:59:16)
25       C:\repo1\gpb\stn\fpga_hw\hdl\cmd_server.v (2025-08-15 18:12:33)
26       C:\repo1\gpb\stn\fpga_hw\hdl\cmn_uart.vhd (2025-06-21 09:59:16)
64       C:\repo1\gpb\stn\fpga_hw\hdl\ctrl_package_transceiver.v (2025-08-17 12:56:10)
32       C:\repo1\gpb\stn\fpga_hw\hdl\gpio.v (2025-08-20 15:08:14)
27       C:\repo1\gpb\stn\fpga_hw\hdl\msg_buffer.v (2025-06-21 09:59:16)
28       C:\repo1\gpb\stn\fpga_hw\hdl\msg_read.v (2025-08-30 18:54:36)
29       C:\repo1\gpb\stn\fpga_hw\hdl\msg_write.v (2025-08-04 17:53:17)
30       C:\repo1\gpb\stn\fpga_hw\hdl\opb_emu_target.v (2025-06-21 10:02:38)
63       C:\repo1\gpb\stn\fpga_hw\hdl\phy_ctrl_rmii.v (2025-08-16 23:09:22)
66       C:\repo1\gpb\stn\fpga_hw\hdl\serial_eeprom_if_v2.vhd (2025-10-06 16:05:18)

*******************************************************************
Unchanged modules: 0
MID:  lib.cell.view
