----------------------------------------------------------------
-Pin Report - Date: Sat Jun  7 03:06:12 2025 Pinchecksum: NOT-AVAILABLE
-Product: Designer
-Release: v2024.2
-Version: 2024.2.0.13
-Design Name: top
-Family: PolarFire
-Die: MPF100T
-Package: FCG484
-----------------------------------------------------------------

Port                |Pin |Fixed |Function                                               |Bank     |I/O Std   |Direction    |Used I/O Reg       |User I/O Lock Down |Clamp Diode   |Resistor Pull                     |Use I/O Calibration from the lane |Schmitt Trigger |Vcm Input Range    |On Die Termination |Odt Value (Ohm) |Input Delay |Slew              |Output Drive (mA) |Impedance (ohm)  |Output Load (pF)         |Source Termination (Ohm) |Output Delay |
--------------------|----|------|-------------------------------------------------------|---------|----------|-------------|-------------------|-------------------|--------------|----------------------------------|----------------------------------|----------------|-------------------|-------------------|----------------|------------|------------------|------------------|-----------------|-------------------------|-------------------------|-------------|
AD_MUX1_N            H1   Yes    GPIO133PB4/DQS                                          Bank4     LVCMOS33   Output        None                No                  ON             Up                                 No                                 ---              ---                 ---                 ---              ---          OFF                8                  ---               5                         ---                       OFF           
AD_MUX2_N            J1   Yes    GPIO133NB4/DQS                                          Bank4     LVCMOS33   Output        None                No                  ON             Up                                 No                                 ---              ---                 ---                 ---              ---          OFF                8                  ---               5                         ---                       OFF           
AD_MUX3_N            F2   Yes    GPIO134PB4                                              Bank4     LVCMOS33   Output        None                No                  ON             Up                                 No                                 ---              ---                 ---                 ---              ---          OFF                8                  ---               5                         ---                       OFF           
AD_MUX4_N            F1   Yes    GPIO134NB4                                              Bank4     LVCMOS33   Output        None                No                  ON             Up                                 No                                 ---              ---                 ---                 ---              ---          OFF                8                  ---               5                         ---                       OFF           
AD_MUX5_N            G2   Yes    GPIO135PB4/CLKIN_W_3/CCC_SW_CLKIN_W_3                   Bank4     LVCMOS33   Output        None                No                  ON             Up                                 No                                 ---              ---                 ---                 ---              ---          OFF                8                  ---               5                         ---                       OFF           
AD_SEL0              J2   Yes    GPIO131NB4                                              Bank4     LVCMOS33   Output        None                No                  ON             None                               No                                 ---              ---                 ---                 ---              ---          OFF                8                  ---               5                         ---                       OFF           
AD_SEL1              K3   Yes    GPIO132PB4/CLKIN_W_4/CCC_NW_CLKIN_W_4                   Bank4     LVCMOS33   Output        None                No                  ON             None                               No                                 ---              ---                 ---                 ---              ---          OFF                8                  ---               5                         ---                       OFF           
AD_SEL2              L2   Yes    GPIO132NB4                                              Bank4     LVCMOS33   Output        None                No                  ON             None                               No                                 ---              ---                 ---                 ---              ---          OFF                8                  ---               5                         ---                       OFF           
ADC_CNVST            H4   Yes    GPIO139PB4/DQS/CCC_SW_PLL0_OUT0                         Bank4     LVCMOS33   Output        None                No                  ON             None                               No                                 ---              ---                 ---                 ---              ---          OFF                8                  ---               5                         ---                       OFF           
ADC_SDOUT            J7   Yes    GPIO137NB4                                              Bank4     LVCMOS33   Input         None                No                  ON             Up                                 No                                 OFF              ---                 ---                 ---              OFF          ---                ---                ---               ---                       ---                       ---           
CCH_LAT_LNG_FLOAT_N  A15  Yes    GPIO35PB2/CLKIN_S_9/CCC_SE_CLKIN_S_9                    Bank2     LVCMOS33   Input         None                No                  ON             Up                                 No                                 OFF              ---                 ---                 ---              OFF          ---                ---                ---               ---                       ---                       ---           
CCH_LFT_DWN_N        C17  Yes    GPIO34NB2                                               Bank2     LVCMOS33   Input         None                No                  ON             Up                                 No                                 OFF              ---                 ---                 ---              OFF          ---                ---                ---               ---                       ---                       ---           
CCH_LFT_MOT_EN_N     C16  Yes    GPIO34PB2/CCC_SE_PLL0_OUT1                              Bank2     LVCMOS33   Input         None                No                  ON             Up                                 No                                 OFF              ---                 ---                 ---              OFF          ---                ---                ---               ---                       ---                       ---           
DAC_CS_N             K6   Yes    GPIO136NB4                                              Bank4     LVCMOS33   Output        None                No                  ON             None                               No                                 ---              ---                 ---                 ---              ---          OFF                8                  ---               5                         ---                       OFF           
DAC_SDI              J6   Yes    GPIO136PB4/CCC_SW_PLL0_OUT1                             Bank4     LVCMOS33   Output        None                No                  ON             None                               No                                 ---              ---                 ---                 ---              ---          OFF                8                  ---               5                         ---                       OFF           
DAC_SDO              H7   Yes    GPIO137PB4/CLKIN_W_2/CCC_SW_CLKIN_W_2/CCC_SW_PLL0_OUT0  Bank4     LVCMOS33   Input         None                No                  ON             Up                                 No                                 OFF              ---                 ---                 ---              OFF          ---                ---                ---               ---                       ---                       ---           
DBUG_ACTIVE          K9   Yes    GPIO141NB4                                              Bank4     LVCMOS33   Input         None                No                  ON             Up                                 No                                 OFF              ---                 ---                 ---              OFF          ---                ---                ---               ---                       ---                       ---           
DBUG_CS_N            H5   Yes    GPIO140NB4                                              Bank4     LVCMOS33   Input         None                No                  ON             Up                                 No                                 OFF              ---                 ---                 ---              OFF          ---                ---                ---               ---                       ---                       ---           
DBUG_HEADER2         A3   Yes    GPIO145NB2                                              Bank2     LVCMOS33   Input         None                No                  ON             Up                                 No                                 OFF              ---                 ---                 ---              OFF          ---                ---                ---               ---                       ---                       ---           
DBUG_HEADER4         E3   Yes    GPIO146PB2/CCC_SW_PLL1_OUT1                             Bank2     LVCMOS33   Output        None                No                  ON             None                               No                                 ---              ---                 ---                 ---              ---          OFF                8                  ---               5                         ---                       OFF           
DBUG_HEADER6         D3   Yes    GPIO146NB2                                              Bank2     LVCMOS33   Output        None                No                  ON             None                               No                                 ---              ---                 ---                 ---              ---          OFF                8                  ---               5                         ---                       OFF           
DBUG_HEADER8         B2   Yes    GPIO147PB2/CLKIN_S_3/CCC_SW_CLKIN_S_3                   Bank2     LVCMOS33   Output        None                No                  ON             None                               No                                 ---              ---                 ---                 ---              ---          OFF                8                  ---               5                         ---                       OFF           
DBUG_HEADER10        B3   Yes    GPIO147NB2                                              Bank2     LVCMOS33   Input         None                No                  ON             Up                                 No                                 OFF              ---                 ---                 ---              OFF          ---                ---                ---               ---                       ---                       ---           
DBUG_MISO            J4   Yes    GPIO139NB4/DQS                                          Bank4     LVCMOS33   Output        None                No                  ON             None                               No                                 ---              ---                 ---                 ---              ---          OFF                8                  ---               5                         ---                       OFF           
DBUG_MOSI            H6   Yes    GPIO140PB4                                              Bank4     LVCMOS33   Input         None                No                  ON             Up                                 No                                 OFF              ---                 ---                 ---              OFF          ---                ---                ---               ---                       ---                       ---           
DBUG_SCLK            J9   Yes    GPIO141PB4/CLKIN_W_0/CCC_SW_CLKIN_W_0                   Bank4     LVCMOS33   Input         None                No                  ON             Up                                 No                                 OFF              ---                 ---                 ---              OFF          ---                ---                ---               ---                       ---                       ---           
DMD_PWR_OK           B10  Yes    GPIO14NB2/DQS                                           Bank2     LVCMOS33   Output        None                No                  ON             None                               No                                 ---              ---                 ---                 ---              ---          OFF                8                  ---               5                         ---                       OFF           
EEP_CS_N             M3   Yes    GPIO124PB4                                              Bank4     LVCMOS33   Output        None                No                  ON             None                               No                                 ---              ---                 ---                 ---              ---          OFF                8                  ---               5                         ---                       OFF           
EEP_SCK              L7   Yes    GPIO125PB4                                              Bank4     LVCMOS33   Output        None                No                  ON             None                               No                                 ---              ---                 ---                 ---              ---          OFF                8                  ---               5                         ---                       OFF           
EEP_SI               M2   Yes    GPIO124NB4                                              Bank4     LVCMOS33   Output        None                No                  ON             None                               No                                 ---              ---                 ---                 ---              ---          OFF                8                  ---               5                         ---                       OFF           
EEP_SO               L8   Yes    GPIO125NB4                                              Bank4     LVCMOS33   Input         None                No                  ON             Up                                 No                                 OFF              ---                 ---                 ---              OFF          ---                ---                ---               ---                       ---                       ---           
EM_CCH_24V_EN        H15  Yes    GPIO37PB2                                               Bank2     LVCMOS33   Output        None                No                  ON             None                               No                                 ---              ---                 ---                 ---              ---          OFF                8                  ---               5                         ---                       OFF           
EM_DOWN_LIMIT        B14  Yes    GPIO33PB2/CLKIN_S_8/CCC_SE_CLKIN_S_8/CCC_SE_PLL0_OUT0   Bank2     LVCMOS33   Input         None                No                  ON             Up                                 No                                 OFF              ---                 ---                 ---              OFF          ---                ---                ---               ---                       ---                       ---           
EM_UP_LIMIT          B15  Yes    GPIO33NB2                                               Bank2     LVCMOS33   Input         None                No                  ON             Up                                 No                                 OFF              ---                 ---                 ---              OFF          ---                ---                ---               ---                       ---                       ---           
EMO_GOOD_N           A16  Yes    GPIO35NB2                                               Bank2     LVCMOS33   Input         None                No                  ON             Up                                 No                                 OFF              ---                 ---                 ---              OFF          ---                ---                ---               ---                       ---                       ---           
EMOPS_STAT1          C14  Yes    GPIO31PB2                                               Bank2     LVCMOS33   Output        None                No                  ON             None                               No                                 ---              ---                 ---                 ---              ---          OFF                8                  ---               5                         ---                       OFF           
EMOPS_STAT2          C15  Yes    GPIO31NB2                                               Bank2     LVCMOS33   Output        None                No                  ON             None                               No                                 ---              ---                 ---                 ---              ---          OFF                8                  ---               5                         ---                       OFF           
EXOPS_GNT_24V_EN     D16  Yes    GPIO38PB2/DQS/CCC_SE_PLL1_OUT0                          Bank2     LVCMOS33   Output        None                No                  ON             None                               No                                 ---              ---                 ---                 ---              ---          OFF                8                  ---               5                         ---                       OFF           
EXT_BRK1_DRV_EN      C1   Yes    GPIO144PB2/DQS/CCC_SW_PLL1_OUT0                         Bank2     LVCMOS33   Output        None                No                  ON             None                               No                                 ---              ---                 ---                 ---              ---          OFF                8                  ---               5                         ---                       OFF           
EXT_BRK2_DRV_EN      B1   Yes    GPIO144NB2/DQS                                          Bank2     LVCMOS33   Output        None                No                  ON             None                               No                                 ---              ---                 ---                 ---              ---          OFF                8                  ---               5                         ---                       OFF           
EXT_BRK3_DRV_EN      A2   Yes    GPIO145PB2/CLKIN_S_2/CCC_SW_CLKIN_S_2/CCC_SW_PLL1_OUT0  Bank2     LVCMOS33   Output        None                No                  ON             None                               No                                 ---              ---                 ---                 ---              ---          OFF                8                  ---               5                         ---                       OFF           
FAN_EN               D4   Yes    GPIO1PB2                                                Bank2     LVCMOS33   Output        None                No                  ON             None                               No                                 ---              ---                 ---                 ---              ---          OFF                8                  ---               5                         ---                       OFF           
FAN_FAIL_N           E5   Yes    GPIO0NB2                                                Bank2     LVCMOS33   Input         None                No                  ON             Up                                 No                                 OFF              ---                 ---                 ---              OFF          ---                ---                ---               ---                       ---                       ---           
FPGA_100M_CLK        R1   Yes    GPIO108PB4/CLKIN_W_7/CCC_NW_CLKIN_W_7/CCC_NW_PLL0_OUT0  Bank4     LVCMOS33   Input         None                No                  ON             Up                                 No                                 OFF              ---                 ---                 ---              OFF          ---                ---                ---               ---                       ---                       ---           
GNT_BRK1_FB_N        N2   Yes    GPIO112PB4                                              Bank4     LVCMOS33   Input         None                No                  ON             Up                                 No                                 OFF              ---                 ---                 ---              OFF          ---                ---                ---               ---                       ---                       ---           
GNT_BRK1_PWM_HI      T6   Yes    GPIO113NB4                                              Bank4     LVCMOS33   Output        None                No                  ON             None                               No                                 ---              ---                 ---                 ---              ---          OFF                8                  ---               5                         ---                       OFF           
GNT_BRK1_PWM_LO      P4   Yes    GPIO114PB4/CLKIN_W_6/CCC_NW_CLKIN_W_6/CCC_NW_PLL0_OUT1  Bank4     LVCMOS33   Output        None                No                  ON             None                               No                                 ---              ---                 ---                 ---              ---          OFF                8                  ---               5                         ---                       OFF           
GNT_BRK1_RET_PWM_HI  R3   Yes    GPIO114NB4                                              Bank4     LVCMOS33   Output        None                No                  ON             None                               No                                 ---              ---                 ---                 ---              ---          OFF                8                  ---               5                         ---                       OFF           
GNT_BRK1_RET_PWM_LO  T2   Yes    GPIO115PB4/DQS/CCC_NW_PLL0_OUT0                         Bank4     LVCMOS33   Output        None                No                  ON             None                               No                                 ---              ---                 ---                 ---              ---          OFF                8                  ---               5                         ---                       OFF           
GNT_BRK2_FB_N        P2   Yes    GPIO112NB4                                              Bank4     LVCMOS33   Input         None                No                  ON             Up                                 No                                 OFF              ---                 ---                 ---              OFF          ---                ---                ---               ---                       ---                       ---           
GNT_BRK2_PWM_HI      T3   Yes    GPIO115NB4/DQS                                          Bank4     LVCMOS33   Output        None                No                  ON             None                               No                                 ---              ---                 ---                 ---              ---          OFF                8                  ---               5                         ---                       OFF           
GNT_BRK2_PWM_LO      N4   Yes    GPIO116PB4                                              Bank4     LVCMOS33   Output        None                No                  ON             None                               No                                 ---              ---                 ---                 ---              ---          OFF                8                  ---               5                         ---                       OFF           
GNT_BRK2_RET_PWM_HI  P3   Yes    GPIO116NB4                                              Bank4     LVCMOS33   Output        None                No                  ON             None                               No                                 ---              ---                 ---                 ---              ---          OFF                8                  ---               5                         ---                       OFF           
GNT_BRK2_RET_PWM_LO  R5   Yes    GPIO117PB4                                              Bank4     LVCMOS33   Output        None                No                  ON             None                               No                                 ---              ---                 ---                 ---              ---          OFF                8                  ---               5                         ---                       OFF           
GNT_BRK3_FB_N        T5   Yes    GPIO113PB4                                              Bank4     LVCMOS33   Input         None                No                  ON             Up                                 No                                 OFF              ---                 ---                 ---              OFF          ---                ---                ---               ---                       ---                       ---           
GNT_BRK3_PWM_HI      R4   Yes    GPIO117NB4                                              Bank4     LVCMOS33   Output        None                No                  ON             None                               No                                 ---              ---                 ---                 ---              ---          OFF                8                  ---               5                         ---                       OFF           
GNT_BRK3_PWM_LO      P9   Yes    GPIO118PB4                                              Bank4     LVCMOS33   Output        None                No                  ON             None                               No                                 ---              ---                 ---                 ---              ---          OFF                8                  ---               5                         ---                       OFF           
GNT_BRK3_RET_PWM_HI  R8   Yes    GPIO118NB4                                              Bank4     LVCMOS33   Output        None                No                  ON             None                               No                                 ---              ---                 ---                 ---              ---          OFF                8                  ---               5                         ---                       OFF           
GNT_BRK3_RET_PWM_LO  P6   Yes    GPIO119PB4                                              Bank4     LVCMOS33   Output        None                No                  ON             None                               No                                 ---              ---                 ---                 ---              ---          OFF                8                  ---               5                         ---                       OFF           
GNT_BRK_EXT_EN       N1   Yes    GPIO109PB4/DQS                                          Bank4     LVCMOS33   Output        None                No                  ON             None                               No                                 ---              ---                 ---                 ---              ---          OFF                8                  ---               5                         ---                       OFF           
GNT_BRK_PWR_EN       E6   Yes    GPIO4PB2                                                Bank2     LVCMOS33   Output        None                No                  ON             None                               No                                 ---              ---                 ---                 ---              ---          OFF                8                  ---               5                         ---                       OFF           
GNT_BRK_PWR_FLT_N    C7   Yes    GPIO6NB2                                                Bank2     LVCMOS33   Input         None                No                  ON             Up                                 No                                 OFF              ---                 ---                 ---              OFF          ---                ---                ---               ---                       ---                       ---           
GNT_BRK_SW_MON       P1   Yes    GPIO109NB4/DQS                                          Bank4     LVCMOS33   Output        None                No                  ON             None                               No                                 ---              ---                 ---                 ---              ---          OFF                8                  ---               5                         ---                       OFF           
GNT_CCW_LIMIT        D17  Yes    GPIO38NB2/DQS                                           Bank2     LVCMOS33   Input         None                No                  ON             Up                                 No                                 OFF              ---                 ---                 ---              OFF          ---                ---                ---               ---                       ---                       ---           
GNT_CW_LIMIT         E15  Yes    GPIO39PB2/CCC_SE_CLKIN_S_10/CCC_SE_PLL1_OUT0            Bank2     LVCMOS33   Input         None                No                  ON             Up                                 No                                 OFF              ---                 ---                 ---              OFF          ---                ---                ---               ---                       ---                       ---           
GNT_EMOPS_EN         B4   Yes    GPIO3PB2                                                Bank2     LVCMOS33   Output        None                No                  ON             None                               No                                 ---              ---                 ---                 ---              ---          OFF                8                  ---               5                         ---                       OFF           
GNT_EMOPS_OV_L       C6   Yes    GPIO7PB2                                                Bank2     LVCMOS33   Input         None                No                  ON             Up                                 No                                 OFF              ---                 ---                 ---              OFF          ---                ---                ---               ---                       ---                       ---           
GNT_HW_EN_MON        B13  Yes    GPIO12NB2                                               Bank2     LVCMOS33   Output        None                No                  ON             None                               No                                 ---              ---                 ---                 ---              ---          OFF                8                  ---               5                         ---                       OFF           
GNT_HW_EN_N          G12  Yes    GPIO24PB2                                               Bank2     LVCMOS33   Input         None                No                  ON             Up                                 No                                 OFF              ---                 ---                 ---              OFF          ---                ---                ---               ---                       ---                       ---           
GNT_MOT_PWR_EN       A5   Yes    GPIO3NB2                                                Bank2     LVCMOS33   Output        None                No                  ON             None                               No                                 ---              ---                 ---                 ---              ---          OFF                8                  ---               5                         ---                       OFF           
GNT_MOT_PWR_FLT_N    D7   Yes    GPIO6PB2                                                Bank2     LVCMOS33   Input         None                No                  ON             Up                                 No                                 OFF              ---                 ---                 ---              OFF          ---                ---                ---               ---                       ---                       ---           
GNT_PWM_PHA_HI       A7   Yes    GPIO9NB2                                                Bank2     LVCMOS33   Output        None                No                  ON             None                               No                                 ---              ---                 ---                 ---              ---          OFF                8                  ---               5                         ---                       OFF           
GNT_PWM_PHA_LO       E9   Yes    GPIO10PB2                                               Bank2     LVCMOS33   Output        None                No                  ON             None                               No                                 ---              ---                 ---                 ---              ---          OFF                8                  ---               5                         ---                       OFF           
GNT_PWM_PHB_HI       D9   Yes    GPIO10NB2                                               Bank2     LVCMOS33   Output        None                No                  ON             None                               No                                 ---              ---                 ---                 ---              ---          OFF                8                  ---               5                         ---                       OFF           
GNT_PWM_PHB_LO       B8   Yes    GPIO11PB2                                               Bank2     LVCMOS33   Output        None                No                  ON             None                               No                                 ---              ---                 ---                 ---              ---          OFF                8                  ---               5                         ---                       OFF           
GNT_PWM_PHC_HI       A8   Yes    GPIO11NB2                                               Bank2     LVCMOS33   Output        None                No                  ON             None                               No                                 ---              ---                 ---                 ---              ---          OFF                8                  ---               5                         ---                       OFF           
GNT_PWM_PHC_LO       B12  Yes    GPIO12PB2/CLKIN_S_4                                     Bank2     LVCMOS33   Output        None                No                  ON             None                               No                                 ---              ---                 ---                 ---              ---          OFF                8                  ---               5                         ---                       OFF           
GNT_SHUNT_EN         E8   Yes    GPIO8PB2/DQS                                            Bank2     LVCMOS33   Output        None                No                  ON             None                               No                                 ---              ---                 ---                 ---              ---          OFF                8                  ---               5                         ---                       OFF           
GNT_SHUNT_ON         D8   Yes    GPIO8NB2/DQS                                            Bank2     LVCMOS33   Input         None                No                  ON             Up                                 No                                 OFF              ---                 ---                 ---              OFF          ---                ---                ---               ---                       ---                       ---           
GNT_ST_DISB          A13  Yes    GPIO17NB2                                               Bank2     LVCMOS33   Input         None                No                  ON             Up                                 No                                 OFF              ---                 ---                 ---              OFF          ---                ---                ---               ---                       ---                       ---           
GNT_ST_DISB_MON      B9   Yes    GPIO14PB2/DQS                                           Bank2     LVCMOS33   Output        None                No                  ON             None                               No                                 ---              ---                 ---                 ---              ---          OFF                8                  ---               5                         ---                       OFF           
GPIO2                M8   Yes    GPIO123PB4                                              Bank4     LVCMOS33   Output        None                No                  ON             None                               No                                 ---              ---                 ---                 ---              ---          OFF                8                  ---               5                         ---                       OFF           
GPIO3                M9   Yes    GPIO123NB4                                              Bank4     LVCMOS33   Output        None                No                  ON             None                               No                                 ---              ---                 ---                 ---              ---          OFF                8                  ---               5                         ---                       OFF           
GPIO5                M7   Yes    GPIO126NB4                                              Bank4     LVCMOS33   Output        None                No                  ON             None                               No                                 ---              ---                 ---                 ---              ---          OFF                8                  ---               5                         ---                       OFF           
HSWAP_FAULT          C2   Yes    GPIO143NB2                                              Bank2     LVCMOS33   Output        None                No                  ON             None                               No                                 ---              ---                 ---                 ---              ---          OFF                8                  ---               5                         ---                       OFF           
LAT_LNG_BRK_RLS      B17  Yes    GPIO32NB2/DQS                                           Bank2     LVCMOS33   Output        None                No                  ON             None                               No                                 ---              ---                 ---                 ---              ---          OFF                8                  ---               5                         ---                       OFF           
LFT_DOWN_LIMIT       L1   Yes    GPIO130NB4                                              Bank4     LVCMOS33   Input         None                No                  ON             Up                                 No                                 OFF              ---                 ---                 ---              OFF          ---                ---                ---               ---                       ---                       ---           
LFT_EMOPS_EN         E13  Yes    GPIO29NB2                                               Bank2     LVCMOS33   Output        None                No                  ON             None                               No                                 ---              ---                 ---                 ---              ---          OFF                8                  ---               5                         ---                       OFF           
LFT_EMOPS_OV_L       D13  Yes    GPIO29PB2                                               Bank2     LVCMOS33   Input         None                No                  ON             Up                                 No                                 OFF              ---                 ---                 ---              OFF          ---                ---                ---               ---                       ---                       ---           
LFT_HALL_PWR_EN_N    G13  Yes    GPIO24NB2                                               Bank2     LVCMOS33   Output        None                No                  ON             Up                                 No                                 ---              ---                 ---                 ---              ---          OFF                8                  ---               5                         ---                       OFF           
LFT_HALL_PWR_OK      F10  Yes    GPIO25PB2                                               Bank2     LVCMOS33   Input         None                No                  ON             Up                                 No                                 OFF              ---                 ---                 ---              OFF          ---                ---                ---               ---                       ---                       ---           
LFT_HALL_SNS1_N      E10  Yes    GPIO25NB2                                               Bank2     LVCMOS33   Input         None                No                  ON             Up                                 No                                 OFF              ---                 ---                 ---              OFF          ---                ---                ---               ---                       ---                       ---           
LFT_HALL_SNS2_N      D11  Yes    GPIO26PB2/DQS                                           Bank2     LVCMOS33   Input         None                No                  ON             Up                                 No                                 OFF              ---                 ---                 ---              OFF          ---                ---                ---               ---                       ---                       ---           
LFT_HALL_SNS3_N      D12  Yes    GPIO26NB2/DQS                                           Bank2     LVCMOS33   Input         None                No                  ON             Up                                 No                                 OFF              ---                 ---                 ---              OFF          ---                ---                ---               ---                       ---                       ---           
LFT_HW_EN_MON        C10  Yes    GPIO13NB2                                               Bank2     LVCMOS33   Output        None                No                  ON             None                               No                                 ---              ---                 ---                 ---              ---          OFF                8                  ---               5                         ---                       OFF           
LFT_HW_EN_N          A12  Yes    GPIO17PB2/CLKIN_S_7                                     Bank2     LVCMOS33   Input         None                No                  ON             Up                                 No                                 OFF              ---                 ---                 ---              OFF          ---                ---                ---               ---                       ---                       ---           
LFT_MOT_PWR_EN       D14  Yes    GPIO30PB2                                               Bank2     LVCMOS33   Output        None                No                  ON             None                               No                                 ---              ---                 ---                 ---              ---          OFF                8                  ---               5                         ---                       OFF           
LFT_MOT_PWR_FLT_N    E14  Yes    GPIO30NB2                                               Bank2     LVCMOS33   Input         None                No                  ON             Up                                 No                                 OFF              ---                 ---                 ---              OFF          ---                ---                ---               ---                       ---                       ---           
LFT_MTN_EN_N         M5   Yes    GPIO129NB4                                              Bank4     LVCMOS33   Input         None                No                  ON             Up                                 No                                 OFF              ---                 ---                 ---              OFF          ---                ---                ---               ---                       ---                       ---           
LFT_PWM_PHA_HI       P7   Yes    GPIO120PB4                                              Bank4     LVCMOS33   Output        None                No                  ON             None                               No                                 ---              ---                 ---                 ---              ---          OFF                8                  ---               5                         ---                       OFF           
LFT_PWM_PHA_LO       P8   Yes    GPIO120NB4                                              Bank4     LVCMOS33   Output        None                No                  ON             None                               No                                 ---              ---                 ---                 ---              ---          OFF                8                  ---               5                         ---                       OFF           
LFT_PWM_PHB_HI       N7   Yes    GPIO121PB4/DQS                                          Bank4     LVCMOS33   Output        None                No                  ON             None                               No                                 ---              ---                 ---                 ---              ---          OFF                8                  ---               5                         ---                       OFF           
LFT_PWM_PHB_LO       N8   Yes    GPIO121NB4/DQS                                          Bank4     LVCMOS33   Output        None                No                  ON             None                               No                                 ---              ---                 ---                 ---              ---          OFF                8                  ---               5                         ---                       OFF           
LFT_PWM_PHC_HI       N6   Yes    GPIO122PB4                                              Bank4     LVCMOS33   Output        None                No                  ON             None                               No                                 ---              ---                 ---                 ---              ---          OFF                8                  ---               5                         ---                       OFF           
LFT_PWM_PHC_LO       N5   Yes    GPIO122NB4                                              Bank4     LVCMOS33   Output        None                No                  ON             None                               No                                 ---              ---                 ---                 ---              ---          OFF                8                  ---               5                         ---                       OFF           
LFT_ROT_BRK_RLS      A17  Yes    GPIO32PB2/DQS/CCC_SE_PLL0_OUT0                          Bank2     LVCMOS33   Output        None                No                  ON             None                               No                                 ---              ---                 ---                 ---              ---          OFF                8                  ---               5                         ---                       OFF           
LFT_SER_CLK          K5   Yes    GPIO127PB4/DQS                                          Bank4     LVCMOS33   Output        None                No                  ON             None                               No                                 ---              ---                 ---                 ---              ---          OFF                8                  ---               5                         ---                       OFF           
LFT_SER_DATA0        L3   Yes    GPIO128PB4                                              Bank4     LVCMOS33   Output        None                No                  ON             None                               No                                 ---              ---                 ---                 ---              ---          OFF                8                  ---               5                         ---                       OFF           
LFT_SER_DATA1        M4   Yes    GPIO128NB4                                              Bank4     LVCMOS33   Output        None                No                  ON             None                               No                                 ---              ---                 ---                 ---              ---          OFF                8                  ---               5                         ---                       OFF           
LFT_SER_PAGE_SEL_N   K1   Yes    GPIO130PB4                                              Bank4     LVCMOS33   Input         None                No                  ON             Up                                 No                                 OFF              ---                 ---                 ---              OFF          ---                ---                ---               ---                       ---                       ---           
LFT_SER_SYNC         K4   Yes    GPIO127NB4/DQS                                          Bank4     LVCMOS33   Output        None                No                  ON             None                               No                                 ---              ---                 ---                 ---              ---          OFF                8                  ---               5                         ---                       OFF           
LFT_SERIO_FLT_N      L5   Yes    GPIO129PB4                                              Bank4     LVCMOS33   Input         None                No                  ON             Up                                 No                                 OFF              ---                 ---                 ---              OFF          ---                ---                ---               ---                       ---                       ---           
LFT_SHUNT_EN         E11  Yes    GPIO28PB2                                               Bank2     LVCMOS33   Output        None                No                  ON             None                               No                                 ---              ---                 ---                 ---              ---          OFF                8                  ---               5                         ---                       OFF           
LFT_SHUNT_ON         F11  Yes    GPIO28NB2                                               Bank2     LVCMOS33   Input         None                No                  ON             Up                                 No                                 OFF              ---                 ---                 ---              OFF          ---                ---                ---               ---                       ---                       ---           
LFT_ST_DISB          A11  Yes    GPIO16NB2/LPRB_B                                        Bank2     LVCMOS33   Input         None                No                  ON             Up                                 No                                 OFF              ---                 ---                 ---              OFF          ---                ---                ---               ---                       ---                       ---           
LFT_ST_DISB_MON      C9   Yes    GPIO13PB2/CLKIN_S_5                                     Bank2     LVCMOS33   Output        None                No                  ON             None                               No                                 ---              ---                 ---                 ---              ---          OFF                8                  ---               5                         ---                       OFF           
LFT_UP_LIMIT         J3   Yes    GPIO131PB4/CLKIN_W_5/CCC_NW_CLKIN_W_5                   Bank4     LVCMOS33   Input         None                No                  ON             Up                                 No                                 OFF              ---                 ---                 ---              OFF          ---                ---                ---               ---                       ---                       ---           
MAINS_LEVEL_FB       E1   Yes    GPIO142PB2/CCC_SW_CLKIN_S_0                             Bank2     LVCMOS33   Input         None                No                  ON             Up                                 No                                 OFF              ---                 ---                 ---              OFF          ---                ---                ---               ---                       ---                       ---           
MSSB_COMM_FAULT      D2   Yes    GPIO143PB2/CCC_SW_CLKIN_S_1                             Bank2     LVCMOS33   Output        None                No                  ON             None                               No                                 ---              ---                 ---                 ---              ---          OFF                12                 ---               5                         ---                       OFF           
MSSB_RX              G17  Yes    GPIO40PB2/CCC_SE_PLL1_OUT1                              Bank2     LVCMOS33   Input         None                No                  ON             Up                                 No                                 OFF              ---                 ---                 ---              OFF          ---                ---                ---               ---                       ---                       ---           
OC_V_GNT_BRK_DRV     B5   Yes    GPIO5NB2                                                Bank2     LVCMOS33   Input         None                No                  ON             Up                                 No                                 OFF              ---                 ---                 ---              OFF          ---                ---                ---               ---                       ---                       ---           
OC_V_GNT_MOT_DRV     C5   Yes    GPIO5PB2                                                Bank2     LVCMOS33   Input         None                No                  ON             Up                                 No                                 OFF              ---                 ---                 ---              OFF          ---                ---                ---               ---                       ---                       ---           
OC_V_LFT_MOT_DRV     F12  Yes    GPIO27NB2                                               Bank2     LVCMOS33   Input         None                No                  ON             Up                                 No                                 OFF              ---                 ---                 ---              OFF          ---                ---                ---               ---                       ---                       ---           
P5V_ISO_MON_GNT      B7   Yes    GPIO7NB2                                                Bank2     LVCMOS33   Input         None                No                  ON             Up                                 No                                 OFF              ---                 ---                 ---              OFF          ---                ---                ---               ---                       ---                       ---           
P5V_ISO_MON_LFT      A6   Yes    GPIO9PB2                                                Bank2     LVCMOS33   Input         None                No                  ON             Up                                 No                                 OFF              ---                 ---                 ---              OFF          ---                ---                ---               ---                       ---                       ---           
P12V_ACT_DIODE_ON_N  J8   Yes    GPIO138PB4/CLKIN_W_1/CCC_SW_CLKIN_W_1                   Bank4     LVCMOS33   Input         None                No                  ON             Up                                 No                                 OFF              ---                 ---                 ---              OFF          ---                ---                ---               ---                       ---                       ---           
P12V_ISO_EN          C4   Yes    GPIO1NB2                                                Bank2     LVCMOS33   Output        None                No                  ON             None                               No                                 ---              ---                 ---                 ---              ---          OFF                8                  ---               5                         ---                       OFF           
P24V_GNT_EMOPS_EN    E4   Yes    GPIO2NB2/DQS                                            Bank2     LVCMOS33   Output        None                No                  ON             None                               No                                 ---              ---                 ---                 ---              ---          OFF                8                  ---               5                         ---                       OFF           
P24V_GNT_EMOPS_PG    F3   Yes    GPIO2PB2/DQS                                            Bank2     LVCMOS33   Input         None                No                  ON             Up                                 No                                 OFF              ---                 ---                 ---              OFF          ---                ---                ---               ---                       ---                       ---           
P24V_GOOD_N          F5   Yes    GPIO0PB2                                                Bank2     LVCMOS33   Input         None                No                  ON             Up                                 No                                 OFF              ---                 ---                 ---              OFF          ---                ---                ---               ---                       ---                       ---           
P24V_LFT_EMOPS_EN    F13  Yes    GPIO27PB2                                               Bank2     LVCMOS33   Output        None                No                  ON             None                               No                                 ---              ---                 ---                 ---              ---          OFF                8                  ---               5                         ---                       OFF           
P24V_LFT_EMOPS_PG    R6   Yes    GPIO119NB4                                              Bank4     LVCMOS33   Input         None                No                  ON             Up                                 No                                 OFF              ---                 ---                 ---              OFF          ---                ---                ---               ---                       ---                       ---           
PAN_24V_SW           F16  Yes    GPIO41NB2                                               Bank2     LVCMOS33   Output        None                No                  ON             None                               No                                 ---              ---                 ---                 ---              ---          OFF                8                  ---               5                         ---                       OFF           
POWER_GOOD           D1   Yes    GPIO142NB2                                              Bank2     LVCMOS33   Output        None                No                  ON             None                               No                                 ---              ---                 ---                 ---              ---          OFF                12                 ---               5                         ---                       OFF           
PWM_BRK_EXT_FAULT    T1   Yes    GPIO108NB4                                              Bank4     LVCMOS33   Input         None                No                  ON             Up                                 No                                 OFF              ---                 ---                 ---              OFF          ---                ---                ---               ---                       ---                       ---           
RESET_N              L6   Yes    GPIO126PB4                                              Bank4     LVCMOS33   Input         None                No                  ON             Up                                 No                                 OFF              ---                 ---                 ---              OFF          ---                ---                ---               ---                       ---                       ---           
SITE_24V_PWR_OK_N    G14  Yes    GPIO36PB2                                               Bank2     LVCMOS33   Input         None                No                  ON             Up                                 No                                 OFF              ---                 ---                 ---              OFF          ---                ---                ---               ---                       ---                       ---           
SPARE_MON            C11  Yes    GPIO15PB2/CLKIN_S_6                                     Bank2     LVCMOS33   Output        None                No                  ON             None                               No                                 ---              ---                 ---                 ---              ---          OFF                8                  ---               5                         ---                       OFF           
SPD2_24V_STATUS_N    A10  Yes    GPIO16PB2/LPRB_A                                        Bank2     LVCMOS33   Input         None                No                  ON             Up                                 No                                 OFF              ---                 ---                 ---              OFF          ---                ---                ---               ---                       ---                       ---           
SPD_EMOPS_FLT_N      G15  Yes    GPIO37NB2                                               Bank2     LVCMOS33   Input         None                No                  ON             Up                                 No                                 OFF              ---                 ---                 ---              OFF          ---                ---                ---               ---                       ---                       ---           
SPDIO_FLT_N          C12  Yes    GPIO15NB2                                               Bank2     LVCMOS33   Input         None                No                  ON             Up                                 No                                 OFF              ---                 ---                 ---              OFF          ---                ---                ---               ---                       ---                       ---           
SRV_MSSB_RX          F15  Yes    GPIO41PB2/CCC_SE_CLKIN_S_11                             Bank2     LVCMOS33   Input         None                No                  ON             Up                                 No                                 OFF              ---                 ---                 ---              OFF          ---                ---                ---               ---                       ---                       ---           
SRVC_CCH_GNT_N       H13  Yes    GPIO36NB2                                               Bank2     LVCMOS33   Output        None                No                  ON             Up                                 No                                 ---              ---                 ---                 ---              ---          OFF                8                  ---               5                         ---                       OFF           
ST_ADC_CLK           K8   Yes    GPIO138NB4                                              Bank4     LVCMOS33   Output        None                No                  ON             None                               No                                 ---              ---                 ---                 ---              ---          OFF                8                  ---               5                         ---                       OFF           
ST_DAC_CLK           H2   Yes    GPIO135NB4                                              Bank4     LVCMOS33   Output        None                No                  ON             None                               No                                 ---              ---                 ---                 ---              ---          OFF                8                  ---               5                         ---                       OFF           
ST_MSSB_TX           E16  Yes    GPIO39NB2                                               Bank2     LVCMOS33   Output        None                No                  ON             None                               No                                 ---              ---                 ---                 ---              ---          OFF                8                  ---               5                         ---                       OFF           
ST_SRV_MSSB_TX       F17  Yes    GPIO40NB2                                               Bank2     LVCMOS33   Output        None                No                  ON             None                               No                                 ---              ---                 ---                 ---              ---          OFF                8                  ---               5                         ---                       OFF           
WD_TRIG              D6   Yes    GPIO4NB2                                                Bank2     LVCMOS33   Output        None                No                  ON             None                               No                                 ---              ---                 ---                 ---              ---          OFF                8                  ---               5                         ---                       OFF           
