Compile Report
Microchip Technology Inc. - Microchip Libero Software Release v2024.2 (Version 2024.2.0.13)
Date: Fri Apr 25 20:24:57 2025

Device Selection
+------------------------+-------------+
| Family                 | PolarFire   |
| Device                 | MPF100T     |
| Package                | FCG484      |
| Speed Grade            | STD         |
| Core Voltage           | 1.0V        |
| Part Range             | EXT         |
| Default I/O technology | LVCMOS 1.8V |
+------------------------+-------------+

Source Files
+---------+-------------------------------------------------+
| Topcell | top                                             |
| Format  | Verilog                                         |
| Source  | C:\repo2\gpb\dmd\P1060973_FPGA\synthesis\top.vm |
+---------+-------------------------------------------------+

Options
+----------------------------------------------------+----+
| Limit the number of high fanout nets to display to | 10 |
+----------------------------------------------------+----+

Resource Usage
+---------------------------+------+--------+------------+
| Type                      | Used | Total  | Percentage |
+---------------------------+------+--------+------------+
| 4LUT                      | 740  | 108600 | 0.68       |
| DFF                       | 547  | 108600 | 0.50       |
| I/O Register              | 0    | 732    | 0.00       |
| User I/O                  | 8    | 244    | 3.28       |
| -- Single-ended I/O       | 8    | 244    | 3.28       |
| -- Differential I/O Pairs | 0    | 122    | 0.00       |
| uSRAM                     | 2    | 1008   | 0.20       |
| LSRAM                     | 0    | 352    | 0.00       |
| Math                      | 0    | 336    | 0.00       |
| H-Chip Global             | 2    | 48     | 4.17       |
| PLL                       | 0    | 8      | 0.00       |
| DLL                       | 0    | 8      | 0.00       |
| Transceiver Lanes         | 0    | 8      | 0.00       |
| Transceiver PCIe          | 0    | 2      | 0.00       |
+---------------------------+------+--------+------------+

Detailed Logic Resource Usage
+-----------------------+------+-----+
| Type                  | 4LUT | DFF |
+-----------------------+------+-----+
| Fabric Logic          | 716  | 523 |
| uSRAM Interface Logic | 24   | 24  |
| LSRAM Interface Logic | 0    | 0   |
| Math Interface Logic  | 0    | 0   |
| Total Used            | 740  | 547 |
+-----------------------+------+-----+

Detailed Carry Chains Resource Usage
+--------+------+
| Length | Used |
| 9      | 2    |
| 14     | 1    |
| 15     | 1    |
| 16     | 4    |
| 17     | 1    |
| Total  | 9    |
+--------+------+

I/O Function
+-------------------------------+--------------+-------------+-----------------+
| Type                          | w/o register | w/ register | w/ DDR register |
+-------------------------------+--------------+-------------+-----------------+
| Input I/O                     | 4            | 0           | 0               |
| Output I/O                    | 4            | 0           | 0               |
| Bidirectional I/O             | 0            | 0           | 0               |
| Differential Input I/O Pairs  | 0            | 0           | 0               |
| Differential Output I/O Pairs | 0            | 0           | 0               |
+-------------------------------+--------------+-------------+-----------------+

Nets assigned to chip global resources
+--------+---------+----------------------------------------------------------+
| Fanout | Type    | Name                                                     |
+--------+---------+----------------------------------------------------------+
| 474    | INT_NET | Net   : NN_1                                             |
|        |         | Driver: I_1/U0_RGB1                                      |
|        |         | Source: NETLIST                                          |
| 51     | INT_NET | Net   : DBUG_HEADER6_c                                   |
|        |         | Driver: clk_gen_0/pulse2khz_div/CLK_OUT_RNIP6F97/U0_RGB1 |
|        |         | Source: NETLIST                                          |
+--------+---------+----------------------------------------------------------+

Nets assigned to row global resources
+--------+------+------+
| Fanout | Type | Name |
+--------+------+------+
+--------+------+------+

High fanout nets
+--------+---------+-----------------------------------------------------------------------------------+
| Fanout | Type    | Name                                                                              |
+--------+---------+-----------------------------------------------------------------------------------+
| 508    | INT_NET | Net   : RESET_N_c                                                                 |
|        |         | Driver: RESET_N_ibuf                                                              |
| 47     | INT_NET | Net   : cmd_server_0/opb_emu_target_inst/N_94_1                                   |
|        |         | Driver: cmd_server_0/opb_emu_target_inst/ping_mode_65_1                           |
| 46     | INT_NET | Net   : cmd_server_0_opb_emu_target_inst_msg_write_inst_OPB_WE                    |
|        |         | Driver: cmd_server_0/opb_emu_target_inst/msg_read_inst/OPB_WE                     |
| 40     | INT_NET | Net   : cmd_server_0/opb_emu_target_inst/msg_read_inst/N_405                      |
|        |         | Driver: cmd_server_0/opb_emu_target_inst/msg_read_inst/OPB_ADDR_6_i_0_0_o2[3]     |
| 39     | INT_NET | Net   : cmd_server_0/opb_emu_target_inst/msg_read_inst/N_308                      |
|        |         | Driver: cmd_server_0/opb_emu_target_inst/msg_read_inst/un1_next_state72_1_i_0_0_0 |
| 34     | INT_NET | Net   : cmd_server_0_opb_emu_target_inst_msg_write_inst_OPB_RE                    |
|        |         | Driver: cmd_server_0/opb_emu_target_inst/msg_read_inst/OPB_RE                     |
| 32     | INT_NET | Net   : cmd_server_0/opb_emu_target_inst/msg_write_inst/un1_OPB_WE_2_i            |
|        |         | Driver: cmd_server_0/opb_emu_target_inst/msg_write_inst/state_RNIIHLD8[3]         |
| 32     | INT_NET | Net   : cmd_server_0/opb_emu_target_inst/msg_write_inst/un1_OPB_WE_3_i            |
|        |         | Driver: cmd_server_0/opb_emu_target_inst/msg_write_inst/state_RNIHGLD8[2]         |
| 32     | INT_NET | Net   : cmd_server_0/opb_emu_target_inst/msg_read_inst/N_310                      |
|        |         | Driver: cmd_server_0/opb_emu_target_inst/msg_read_inst/un1_next_state28_1_i_0_0_0 |
| 31     | INT_NET | Net   : clk_gen_0_clk16khz_div[3]                                                 |
|        |         | Driver: clk_gen_0/clk16khz_div[3]                                                 |
+--------+---------+-----------------------------------------------------------------------------------+

High fanout nets (through buffer trees)
+--------+---------+-----------------------------------------------------------------------------------+
| Fanout | Type    | Name                                                                              |
+--------+---------+-----------------------------------------------------------------------------------+
| 508    | INT_NET | Net   : RESET_N_c                                                                 |
|        |         | Driver: RESET_N_ibuf                                                              |
| 47     | INT_NET | Net   : cmd_server_0/opb_emu_target_inst/N_94_1                                   |
|        |         | Driver: cmd_server_0/opb_emu_target_inst/ping_mode_65_1                           |
| 46     | INT_NET | Net   : cmd_server_0_opb_emu_target_inst_msg_write_inst_OPB_WE                    |
|        |         | Driver: cmd_server_0/opb_emu_target_inst/msg_read_inst/OPB_WE                     |
| 40     | INT_NET | Net   : cmd_server_0/opb_emu_target_inst/msg_read_inst/N_405                      |
|        |         | Driver: cmd_server_0/opb_emu_target_inst/msg_read_inst/OPB_ADDR_6_i_0_0_o2[3]     |
| 39     | INT_NET | Net   : cmd_server_0/opb_emu_target_inst/msg_read_inst/N_308                      |
|        |         | Driver: cmd_server_0/opb_emu_target_inst/msg_read_inst/un1_next_state72_1_i_0_0_0 |
| 34     | INT_NET | Net   : cmd_server_0_opb_emu_target_inst_msg_write_inst_OPB_RE                    |
|        |         | Driver: cmd_server_0/opb_emu_target_inst/msg_read_inst/OPB_RE                     |
| 32     | INT_NET | Net   : cmd_server_0/opb_emu_target_inst/msg_write_inst/un1_OPB_WE_2_i            |
|        |         | Driver: cmd_server_0/opb_emu_target_inst/msg_write_inst/state_RNIIHLD8[3]         |
| 32     | INT_NET | Net   : cmd_server_0/opb_emu_target_inst/msg_write_inst/un1_OPB_WE_3_i            |
|        |         | Driver: cmd_server_0/opb_emu_target_inst/msg_write_inst/state_RNIHGLD8[2]         |
| 32     | INT_NET | Net   : cmd_server_0/opb_emu_target_inst/msg_read_inst/N_310                      |
|        |         | Driver: cmd_server_0/opb_emu_target_inst/msg_read_inst/un1_next_state28_1_i_0_0_0 |
| 31     | INT_NET | Net   : clk_gen_0_clk16khz_div[3]                                                 |
|        |         | Driver: clk_gen_0/clk16khz_div[3]                                                 |
+--------+---------+-----------------------------------------------------------------------------------+

