C:\Microchip\Libero_SoC_v2024.2\SynplifyPro\bin64\c_hdl.exe  -osyn  C:\repo1\gpb\stn\fpga_app\synthesis\synwork\top_app_comp.srs  -top  top_app  -hdllog  C:\repo1\gpb\stn\fpga_app\synthesis\synlog\top_app_compiler.srr  -encrypt  -mp  4  -verification_mode 0  -vhdl  -prodtype  synplify_pro   -infer_seqShift -primux -dspmac -pqdpadd -fixsmult -sdff_counter -divnmod -nram  -actel -work_is_curlib 1  -encrypt  -pro  -dmgen  C:\repo1\gpb\stn\fpga_app\synthesis\dm  -lite -ui -fid2 -ram -sharing on -ll 2000 -autosm  -vhdl2008 -work_is_curlib 1  -ignore_undefined_lib  -lib work C:\repo1\gpb\stn\fpga_app\hdl\cmn_uart.vhd  -verilog  -prodtype  synplify_pro   -infer_seqShift -primux -dspmac -pqdpadd -fixsmult -sdff_counter -divnmod -nram  -actel   -I C:\repo1\gpb\stn\fpga_app\hdl  -I C:\repo1\gpb\stn\fpga_app\synthesis\  -I C:\Microchip\Libero_SoC_v2024.2\SynplifyPro\lib   -sysv  -devicelib  C:\Microchip\Libero_SoC_v2024.2\SynplifyPro\lib\generic\acg5.v  -encrypt  -pro  -dmgen  C:\repo1\gpb\stn\fpga_app\synthesis\dm  -ui -fid2 -ram -sharing on -ll 2000 -autosm  -lib work C:\repo1\gpb\stn\fpga_app\component\polarfire_syn_comps.v -lib work C:\repo1\gpb\stn\fpga_app\hdl\CLOCK_DIV.V -lib work C:\repo1\gpb\stn\fpga_app\hdl\DP_RAM_2R_1W.v -lib work C:\repo1\gpb\stn\fpga_app\hdl\ADC_ADS8864_IF.v -lib work C:\repo1\gpb\stn\fpga_app\hdl\ADDR_DECODE.v -lib work C:\repo1\gpb\stn\fpga_app\hdl\APP2HW_IF.v -lib work C:\repo1\gpb\stn\fpga_app\component\Microchip\DirectCore\CORECAN\2.0.100\rtl\core_encrypted\corecan.v -lib work C:\repo1\gpb\stn\fpga_app\component\work\CORECAN_C0\CORECAN_C0.v -lib work C:\repo1\gpb\stn\fpga_app\hdl\CORECAN_wrapper.v -lib work C:\repo1\gpb\stn\fpga_app\hdl\CAN_IF.v -lib work C:\repo1\gpb\stn\fpga_app\hdl\ClkGen.v -lib work C:\repo1\gpb\stn\fpga_app\hdl\afifo.v -lib work C:\repo1\gpb\stn\fpga_app\hdl\DAC_DACx0504_IF.v -lib work C:\repo1\gpb\stn\fpga_app\hdl\gpio.v -lib work C:\repo1\gpb\stn\fpga_app\hdl\OSCILLATOR_COUNTER.v -lib work C:\repo1\gpb\stn\fpga_app\hdl\RS422_TEST_IF.v -lib work C:\repo1\gpb\stn\fpga_app\hdl\msg_buffer.v -lib work C:\repo1\gpb\stn\fpga_app\hdl\msg_read.v -lib work C:\repo1\gpb\stn\fpga_app\hdl\msg_write.v -lib work C:\repo1\gpb\stn\fpga_app\hdl\opb_emu_target.v -lib work C:\repo1\gpb\stn\fpga_app\hdl\cmd_server.v -lib work C:\repo1\gpb\stn\fpga_app\hdl\SCRATCH_PAD_REGISTER.v -lib work C:\repo1\gpb\stn\fpga_app\hdl\top_app.v  -jobname  "compiler" 
relcom:..\..\..\..\..\..\Microchip\Libero_SoC_v2024.2\SynplifyPro\bin64\c_hdl.exe -osyn ..\synwork\top_app_comp.srs -top top_app -hdllog ..\synlog\top_app_compiler.srr -encrypt -mp 4 -verification_mode 0 -vhdl -prodtype synplify_pro -infer_seqShift -primux -dspmac -pqdpadd -fixsmult -sdff_counter -divnmod -nram -actel -work_is_curlib 1 -encrypt -pro -dmgen ..\dm -lite -ui -fid2 -ram -sharing on -ll 2000 -autosm -vhdl2008 -work_is_curlib 1 -ignore_undefined_lib -lib work ..\..\hdl\cmn_uart.vhd -verilog -prodtype synplify_pro -infer_seqShift -primux -dspmac -pqdpadd -fixsmult -sdff_counter -divnmod -nram -actel -I ..\..\hdl -I ..\ -I ..\..\..\..\..\..\Microchip\Libero_SoC_v2024.2\SynplifyPro\lib -sysv -devicelib ..\..\..\..\..\..\Microchip\Libero_SoC_v2024.2\SynplifyPro\lib\generic\acg5.v -encrypt -pro -dmgen ..\dm -ui -fid2 -ram -sharing on -ll 2000 -autosm -lib work ..\..\component\polarfire_syn_comps.v -lib work ..\..\hdl\CLOCK_DIV.V -lib work ..\..\hdl\DP_RAM_2R_1W.v -lib work ..\..\hdl\ADC_ADS8864_IF.v -lib work ..\..\hdl\ADDR_DECODE.v -lib work ..\..\hdl\APP2HW_IF.v -lib work ..\..\component\Microchip\DirectCore\CORECAN\2.0.100\rtl\core_encrypted\corecan.v -lib work ..\..\component\work\CORECAN_C0\CORECAN_C0.v -lib work ..\..\hdl\CORECAN_wrapper.v -lib work ..\..\hdl\CAN_IF.v -lib work ..\..\hdl\ClkGen.v -lib work ..\..\hdl\afifo.v -lib work ..\..\hdl\DAC_DACx0504_IF.v -lib work ..\..\hdl\gpio.v -lib work ..\..\hdl\OSCILLATOR_COUNTER.v -lib work ..\..\hdl\RS422_TEST_IF.v -lib work ..\..\hdl\msg_buffer.v -lib work ..\..\hdl\msg_read.v -lib work ..\..\hdl\msg_write.v -lib work ..\..\hdl\opb_emu_target.v -lib work ..\..\hdl\cmd_server.v -lib work ..\..\hdl\SCRATCH_PAD_REGISTER.v -lib work ..\..\hdl\top_app.v -jobname "compiler"
rc:0 success:1 runtime:27
file:..\synwork\top_app_comp.srs|io:o|time:1757048573|size:841677|exec:0|csum:
file:..\synlog\top_app_compiler.srr|io:o|time:1757048573|size:94887|exec:0|csum:
file:..\..\hdl\cmn_uart.vhd|io:i|time:1750471156|size:25394|exec:0|csum:AB17D104A0DE7906A3EB92FC827D9EE6
file:..\..\..\..\..\..\microchip\libero_soc_v2024.2\synplifypro\lib\generic\acg5.v|io:i|time:1721920354|size:43686|exec:0|csum:C5B8CD150154D193C7B0D4301122DDFB
file:..\..\component\polarfire_syn_comps.v|io:i|time:1757048545|size:501962|exec:0|csum:9D7BCB9DCEAECB8D4D889904A10D8265
file:..\..\hdl\clock_div.v|io:i|time:1750471156|size:1308|exec:0|csum:E10BB5900275A0E1EDF6FEFE8125C462
file:..\..\hdl\dp_ram_2r_1w.v|io:i|time:1753930656|size:1602|exec:0|csum:4A315AE8E97A8D35B296D4C8325A7C38
file:..\..\hdl\adc_ads8864_if.v|io:i|time:1750472507|size:12816|exec:0|csum:29BFF72323694B3E0DEF139EFC1E86E8
file:..\..\hdl\addr_decode.v|io:i|time:1754964958|size:6789|exec:0|csum:B07CA331DBEC2761DD488CE8271EF495
file:..\..\hdl\app2hw_if.v|io:i|time:1755829201|size:4778|exec:0|csum:B7120BF7E0BE584720BBEF2584DA3743
file:..\..\component\microchip\directcore\corecan\2.0.100\rtl\core_encrypted\corecan.v|io:i|time:1753938261|size:163084|exec:0|csum:0DE29C6338EC2F513E7D06DA0CF5D8D7
file:..\..\component\work\corecan_c0\corecan_c0.v|io:i|time:1753939336|size:3727|exec:0|csum:C43BC5F2D01B5ACC441BA3EABB7714E6
file:..\..\hdl\corecan_wrapper.v|io:i|time:1754971759|size:3908|exec:0|csum:0D2A204A198DE67B04220D49E056CBA3
file:..\..\hdl\can_if.v|io:i|time:1754971683|size:3417|exec:0|csum:19A0EBE736372AD8C0D2CF45DFCF6E4A
file:..\..\hdl\clkgen.v|io:i|time:1752294317|size:5487|exec:0|csum:A4EB51FD2908EA4E41904ADF6EE57CA2
file:..\..\hdl\afifo.v|io:i|time:1750471156|size:20479|exec:0|csum:8B02ABF961DA4FF7EDA436F7F0165F44
file:..\..\hdl\dac_dacx0504_if.v|io:i|time:1750472264|size:6652|exec:0|csum:1D7B09D0ED0C3E1BC156F39B0B4BBDEF
file:..\..\hdl\gpio.v|io:i|time:1754824150|size:15704|exec:0|csum:BBE93741F91C948D3B254F22BAD50044
file:..\..\hdl\oscillator_counter.v|io:i|time:1752297791|size:4887|exec:0|csum:9B69AA9096D3CE7D543360CCC4944380
file:..\..\hdl\rs422_test_if.v|io:i|time:1757044065|size:14926|exec:0|csum:CAD1B609F001DA119E025E0937080466
file:..\..\hdl\msg_buffer.v|io:i|time:1750471156|size:2269|exec:0|csum:08ABC7551FD62E63ED1E3099076E0D67
file:..\..\hdl\msg_read.v|io:i|time:1750471358|size:10591|exec:0|csum:E7C550E55F2619CA947F378B8B5AE537
file:..\..\hdl\msg_write.v|io:i|time:1750471156|size:10004|exec:0|csum:F20893816FDA0E114624AFCCD5838132
file:..\..\hdl\opb_emu_target.v|io:i|time:1750471358|size:5613|exec:0|csum:1B9577FC57070E0034877FC95AC093BD
file:..\..\hdl\cmd_server.v|io:i|time:1752288799|size:3117|exec:0|csum:952AD7F73A40E03EDEBA86A90950856B
file:..\..\hdl\scratch_pad_register.v|io:i|time:1754097795|size:2804|exec:0|csum:FF719317879863EDB82C85FE5755E4AE
file:..\..\hdl\top_app.v|io:i|time:1757048454|size:28372|exec:0|csum:E5E097D007DAAEC6DBF6B2E41EA9D4E8
file:..\..\..\..\..\..\microchip\libero_soc_v2024.2\synplifypro\bin64\c_hdl.exe|io:i|time:1721969608|size:7450112|exec:1|csum:9A75A5B83AB344F306883ED2955C0E70
