******************************************************************************
             TMS320C2000 Linker PC v22.6.2                     
******************************************************************************
>> Linked Tue Apr  8 10:05:54 2025

OUTPUT FILE NAME:   <C:/repo/jabil2025/gpb/gpb_project_v3/projects/example_nonBIOS_ram/../../projects/Debug/example_nonBIOS_ram.out>
ENTRY POINT SYMBOL: "_c_int00"  address: 003f5361


MEMORY CONFIGURATION

         name            origin    length      used     unused   attr    fill
----------------------  --------  ---------  --------  --------  ----  --------
PAGE 0:
  ZONE0                 00002000   00002000  00000000  00002000  RWIX
  ZONE1                 00004000   00002000  00000000  00002000  RWIX
  L0SARAM               00008000   00001000  0000001f  00000fe1  RWIX
  ZONE2                 00080000   00080000  00000000  00080000  RWIX
  ZONE6                 00100000   00080000  00000000  00080000  RWIX
  OTP                   003d7800   00000400  00000000  00000400  RWIX
  FLASH_IJ              003d8000   00004000  00000000  00004000  RWIX
  FLASH_GH              003dc000   00008000  00000000  00008000  RWIX
  FLASH_EF              003e4000   00008000  00000000  00008000  RWIX
  FLASH_CD              003ec000   00008000  00000281  00007d7f  RWIX
  FLASH_AB              003f4000   00003f80  00001543  00002a3d  RWIX
  CSM_RSVD              003f7f80   00000076  00000000  00000076  RWIX
  BEGIN_FLASH           003f7ff6   00000002  00000002  00000000  RWIX
  PASSWORDS             003f7ff8   00000008  00000000  00000008  RWIX
  BEGIN_H0              003f8000   00000002  00000000  00000002  RWIX
  H0SARAM               003f8002   00001ffe  00000000  00001ffe  RWIX
  BOOTROM               003ff000   00000fc0  00000000  00000fc0  RWIX
  RESET                 003fffc0   00000002  00000000  00000002  RWIX
  VECTORS               003fffc2   0000003e  00000000  0000003e  RWIX

PAGE 1:
  M0SARAM               00000000   00000400  00000000  00000400  RWIX
  M1SARAM               00000400   00000400  00000200  00000200  RWIX
  DEV_EMU               00000880   00000180  000000d0  000000b0  RWIX
  FLASH_REGS            00000a80   00000060  00000008  00000058  RWIX
  CSM                   00000ae0   00000010  00000010  00000000  RWIX
  XINTF                 00000b20   00000020  00000020  00000000  RWIX
  CPU_TIMER0            00000c00   00000008  00000008  00000000  RWIX
  CPU_TIMER1            00000c08   00000008  00000000  00000008  RWIX
  CPU_TIMER2            00000c10   00000008  00000000  00000008  RWIX
  PIE_CTRL              00000ce0   00000020  0000001a  00000006  RWIX
  PIE_VECT              00000d00   00000100  00000100  00000000  RWIX
  ECANA                 00006000   00000040  00000034  0000000c  RWIX
  ECANA_LAM             00006040   00000040  00000040  00000000  RWIX
  ECANA_MOTS            00006080   00000040  00000040  00000000  RWIX
  ECANA_MOTO            000060c0   00000040  00000040  00000000  RWIX
  ECANA_MBOX            00006100   00000100  00000100  00000000  RWIX
  SYSTEM                00007010   00000020  00000020  00000000  RWIX
  SPIA                  00007040   00000010  00000010  00000000  RWIX
  SCIA                  00007050   00000010  00000010  00000000  RWIX
  XINTRUPT              00007070   00000010  00000010  00000000  RWIX
  GPIOMUX               000070c0   00000020  00000020  00000000  RWIX
  GPIODAT               000070e0   00000020  00000020  00000000  RWIX
  ADC                   00007100   00000020  0000001a  00000006  RWIX
  EVA                   00007400   00000040  00000032  0000000e  RWIX
  EVB                   00007500   00000040  00000032  0000000e  RWIX
  SCIB                  00007750   00000010  00000010  00000000  RWIX
  MCBSPA                00007800   00000040  00000025  0000001b  RWIX
  L1SARAM               00009000   00001000  00000212  00000dee  RWIX
  CSM_PWL               003f7ff8   00000008  00000008  00000000  RWIX


SECTION ALLOCATION MAP

 output                                  attributes/
section   page    origin      length       input sections
--------  ----  ----------  ----------   ----------------
DevEmuRegsFile 
*          1    00000880    000000d0     UNINITIALIZED
                  00000880    000000d0     DSP281x_GlobalVariableDefs.obj (DevEmuRegsFile)

FlashRegsFile 
*          1    00000a80    00000008     UNINITIALIZED
                  00000a80    00000008     DSP281x_GlobalVariableDefs.obj (FlashRegsFile)

CsmRegsFile 
*          1    00000ae0    00000010     UNINITIALIZED
                  00000ae0    00000010     DSP281x_GlobalVariableDefs.obj (CsmRegsFile)

XintfRegsFile 
*          1    00000b20    00000020     UNINITIALIZED
                  00000b20    00000020     DSP281x_GlobalVariableDefs.obj (XintfRegsFile)

CpuTimer0RegsFile 
*          1    00000c00    00000008     UNINITIALIZED
                  00000c00    00000008     DSP281x_GlobalVariableDefs.obj (CpuTimer0RegsFile)

PieVectTableFile 
*          1    00000d00    00000100     UNINITIALIZED
                  00000d00    00000100     DSP281x_GlobalVariableDefs.obj (PieVectTableFile)

.cinit     0    003ec000    00000221     
                  003ec000    00000203     Eeprom.obj (.cinit:_crctable)
                  003ec203    0000000e     rts2800_ml.lib : exit.c.obj (.cinit)
                  003ec211    00000005                    : _lock.c.obj (.cinit:__lock)
                  003ec216    00000005                    : _lock.c.obj (.cinit:__unlock)
                  003ec21b    00000004     main_nonBIOS.obj (.cinit)
                  003ec21f    00000002     --HOLE-- [fill = 0]

.text      0    003f401f    00001524     
                  003f401f    00000783     main_nonBIOS.obj (.text)
                  003f47a2    0000022d     eCanCtrl.obj (.text)
                  003f49cf    0000022c     Eeprom.obj (.text)
                  003f4bfb    000001a3     Xintf.obj (.text)
                  003f4d9e    00000198     Gpio.obj (.text)
                  003f4f36    000000ff     Adc.obj (.text)
                  003f5035    000000a4     Dac.obj (.text)
                  003f50d9    00000083     rts2800_ml.lib : fs_div28.asm.obj (.text)
                  003f515c    00000078                    : fs_add28.asm.obj (.text)
                  003f51d4    00000076     Spi.obj (.text)
                  003f524a    00000063     Adc1570.obj (.text)
                  003f52ad    0000005a     SysCtrl.obj (.text)
                  003f5307    0000005a     rts2800_ml.lib : fs_mpy28.asm.obj (.text)
                  003f5361    00000054                    : boot28.asm.obj (.text)
                  003f53b5    00000039     Ev.obj (.text)
                  003f53ee    00000029     rts2800_ml.lib : exit.c.obj (.text)
                  003f5417    00000029                    : fs_tol28.asm.obj (.text)
                  003f5440    00000024                    : cpy_tbl.c.obj (.text)
                  003f5464    0000001d                    : fs_tou28.asm.obj (.text)
                  003f5481    0000001d                    : memcpy.c.obj (.text)
                  003f549e    0000001a                    : i_tofs28.asm.obj (.text)
                  003f54b8    0000001a                    : l_tofs28.asm.obj (.text)
                  003f54d2    00000017                    : fs_cmp28.asm.obj (.text)
                  003f54e9    00000013                    : ul_tofs28.asm.obj (.text)
                  003f54fc    00000011                    : args_main.c.obj (.text)
                  003f550d    00000010     DelayUs.obj (.text)
                  003f551d    00000010     rts2800_ml.lib : u_tofs28.asm.obj (.text)
                  003f552d    00000009                    : _lock.c.obj (.text)
                  003f5536    00000007     CodeStartBranch.obj (.text)
                  003f553d    00000003     SetDBGIER.obj (.text)
                  003f5540    00000002     rts2800_ml.lib : pre_init.c.obj (.text)
                  003f5542    00000001                    : startup.c.obj (.text)

PieCtrlRegsFile 
*          1    00000ce0    0000001a     UNINITIALIZED
                  00000ce0    0000001a     DSP281x_GlobalVariableDefs.obj (PieCtrlRegsFile)

ECanaRegsFile 
*          1    00006000    00000034     UNINITIALIZED
                  00006000    00000034     DSP281x_GlobalVariableDefs.obj (ECanaRegsFile)

ECanaLAMRegsFile 
*          1    00006040    00000040     UNINITIALIZED
                  00006040    00000040     DSP281x_GlobalVariableDefs.obj (ECanaLAMRegsFile)

ECanaMOTSRegsFile 
*          1    00006080    00000040     UNINITIALIZED
                  00006080    00000040     DSP281x_GlobalVariableDefs.obj (ECanaMOTSRegsFile)

ECanaMOTORegsFile 
*          1    000060c0    00000040     UNINITIALIZED
                  000060c0    00000040     DSP281x_GlobalVariableDefs.obj (ECanaMOTORegsFile)

ECanaMboxesFile 
*          1    00006100    00000100     UNINITIALIZED
                  00006100    00000100     DSP281x_GlobalVariableDefs.obj (ECanaMboxesFile)

SysCtrlRegsFile 
*          1    00007010    00000020     UNINITIALIZED
                  00007010    00000020     DSP281x_GlobalVariableDefs.obj (SysCtrlRegsFile)

SpiaRegsFile 
*          1    00007040    00000010     UNINITIALIZED
                  00007040    00000010     DSP281x_GlobalVariableDefs.obj (SpiaRegsFile)

SciaRegsFile 
*          1    00007050    00000010     UNINITIALIZED
                  00007050    00000010     DSP281x_GlobalVariableDefs.obj (SciaRegsFile)

XIntruptRegsFile 
*          1    00007070    00000010     UNINITIALIZED
                  00007070    00000010     DSP281x_GlobalVariableDefs.obj (XIntruptRegsFile)

GpioMuxRegsFile 
*          1    000070c0    00000020     UNINITIALIZED
                  000070c0    00000020     DSP281x_GlobalVariableDefs.obj (GpioMuxRegsFile)

GpioDataRegsFile 
*          1    000070e0    00000020     UNINITIALIZED
                  000070e0    00000020     DSP281x_GlobalVariableDefs.obj (GpioDataRegsFile)

AdcRegsFile 
*          1    00007100    0000001a     UNINITIALIZED
                  00007100    0000001a     DSP281x_GlobalVariableDefs.obj (AdcRegsFile)

EvaRegsFile 
*          1    00007400    00000032     UNINITIALIZED
                  00007400    00000032     DSP281x_GlobalVariableDefs.obj (EvaRegsFile)

EvbRegsFile 
*          1    00007500    00000032     UNINITIALIZED
                  00007500    00000032     DSP281x_GlobalVariableDefs.obj (EvbRegsFile)

ScibRegsFile 
*          1    00007750    00000010     UNINITIALIZED
                  00007750    00000010     DSP281x_GlobalVariableDefs.obj (ScibRegsFile)

McbspaRegsFile 
*          1    00007800    00000025     UNINITIALIZED
                  00007800    00000025     DSP281x_GlobalVariableDefs.obj (McbspaRegsFile)

CsmPwlFile 
*          1    003f7ff8    00000008     UNINITIALIZED
                  003f7ff8    00000008     DSP281x_GlobalVariableDefs.obj (CsmPwlFile)

.pinit     0    003ec000    00000000     UNINITIALIZED

.reset     0    003fffc0    00000002     DSECT
                  003fffc0    00000002     rts2800_ml.lib : boot28.asm.obj (.reset)

.switch    0    003ec222    00000060     
                  003ec222    00000060     main_nonBIOS.obj (.switch:_main)

.bss       1    00009000    00000000     UNINITIALIZED

.ebss      1    00009000    00000212     UNINITIALIZED
                  00009000    00000200     Eeprom.obj (.ebss:_crctable)
                  00009200    00000008     main_nonBIOS.obj (.ebss)
                  00009208    00000006     rts2800_ml.lib : exit.c.obj (.ebss)
                  0000920e    00000002                    : _lock.c.obj (.ebss:__lock)
                  00009210    00000002                    : _lock.c.obj (.ebss:__unlock)

.stack     1    00000400    00000200     UNINITIALIZED
                  00000400    00000200     --HOLE--

codestart 
*          0    003f7ff6    00000002     
                  003f7ff6    00000002     CodeStartBranch.obj (codestart)

secureRamFuncs 
*          0    003f4000    0000001f     RUN ADDR = 00008000
                  003f4000    0000001f     SysCtrl.obj (secureRamFuncs)

IQmath     0    003ec000    00000000     UNINITIALIZED

MODULE SUMMARY

       Module                           code   initialized data   uninitialized data
       ------                           ----   ----------------   ------------------
    C:\repo\jabil2025\gpb\gpb_project_v3\projects\Debug\
       main_nonBIOS.obj                 1923   100                8                 
       Eeprom.obj                       556    515                512               
       DSP281x_GlobalVariableDefs.obj   0      0                  1385              
       eCanCtrl.obj                     557    0                  0                 
       Xintf.obj                        419    0                  0                 
       Gpio.obj                         408    0                  0                 
       Adc.obj                          255    0                  0                 
       Dac.obj                          164    0                  0                 
       SysCtrl.obj                      152    0                  0                 
       Spi.obj                          118    0                  0                 
       Adc1570.obj                      99     0                  0                 
       Ev.obj                           57     0                  0                 
       DelayUs.obj                      16     0                  0                 
       CodeStartBranch.obj              9      0                  0                 
       SetDBGIER.obj                    3      0                  0                 
    +--+--------------------------------+------+------------------+--------------------+
       Total:                           4736   615                1905              
                                                                                    
    C:/ti/ccs1281/ccs/tools/compiler/ti-cgt-c2000_22.6.2.LTS/lib/rts2800_ml.lib
       fs_div28.asm.obj                 131    0                  0                 
       fs_add28.asm.obj                 120    0                  0                 
       fs_mpy28.asm.obj                 90     0                  0                 
       boot28.asm.obj                   84     0                  0                 
       exit.c.obj                       41     14                 6                 
       fs_tol28.asm.obj                 41     0                  0                 
       cpy_tbl.c.obj                    36     0                  0                 
       fs_tou28.asm.obj                 29     0                  0                 
       memcpy.c.obj                     29     0                  0                 
       i_tofs28.asm.obj                 26     0                  0                 
       l_tofs28.asm.obj                 26     0                  0                 
       _lock.c.obj                      9      10                 4                 
       fs_cmp28.asm.obj                 23     0                  0                 
       ul_tofs28.asm.obj                19     0                  0                 
       args_main.c.obj                  17     0                  0                 
       u_tofs28.asm.obj                 16     0                  0                 
       pre_init.c.obj                   2      0                  0                 
       startup.c.obj                    1      0                  0                 
    +--+--------------------------------+------+------------------+--------------------+
       Total:                           740    24                 10                
                                                                                    
       Stack:                           0      0                  512               
    +--+--------------------------------+------+------------------+--------------------+
       Grand Total:                     5476   639                2427              


GLOBAL DATA SYMBOLS: SORTED BY DATA PAGE

address     data page           name
--------    ----------------    ----
00000400      10 (00000400)     __stack

00000880      22 (00000880)     _DevEmuRegs

00000a80      2a (00000a80)     _FlashRegs

00000ae0      2b (00000ac0)     _CsmRegs

00000b20      2c (00000b00)     _XintfRegs

00000c00      30 (00000c00)     _CpuTimer0Regs

00000ce0      33 (00000cc0)     _PieCtrlRegs

00000d00      34 (00000d00)     _PieVectTable

00006000     180 (00006000)     _ECanaRegs

00006040     181 (00006040)     _ECanaLAMRegs

00006080     182 (00006080)     _ECanaMOTSRegs

000060c0     183 (000060c0)     _ECanaMOTORegs

00006100     184 (00006100)     _ECanaMboxes

00007010     1c0 (00007000)     _SysCtrlRegs

00007040     1c1 (00007040)     _SpiaRegs
00007050     1c1 (00007040)     _SciaRegs
00007070     1c1 (00007040)     _XIntruptRegs

000070c0     1c3 (000070c0)     _GpioMuxRegs
000070e0     1c3 (000070c0)     _GpioDataRegs

00007100     1c4 (00007100)     _AdcRegs

00007400     1d0 (00007400)     _EvaRegs

00007500     1d4 (00007500)     _EvbRegs

00007750     1dd (00007740)     _ScibRegs

00007800     1e0 (00007800)     _McbspaRegs

00009200     248 (00009200)     _DSP_OUT
00009201     248 (00009200)     _DSP_IN
00009208     248 (00009200)     ___TI_enable_exit_profile_output
0000920a     248 (00009200)     ___TI_cleanup_ptr
0000920c     248 (00009200)     ___TI_dtors_ptr
0000920e     248 (00009200)     __lock
00009210     248 (00009200)     __unlock

003f7ff8    fdff (003f7fc0)     _CsmPwl


GLOBAL SYMBOLS: SORTED ALPHABETICALLY BY Name 

page  address   name                            
----  -------   ----                            
1     00009000  .bss                            
0     003f401f  .text                           
0     003f53ee  C$$EXIT                         
0     003f5161  FS$$ADD                         
0     003f54d2  FS$$CMP                         
0     003f50d9  FS$$DIV                         
0     003f5307  FS$$MPY                         
0     003f515c  FS$$SUB                         
0     003f5417  FS$$TOL                         
0     003f5464  FS$$TOU                         
0     003f549e  I$$TOFS                         
0     003f54b8  L$$TOFS                         
0     003f551d  U$$TOFS                         
0     003f54e9  UL$$TOFS                        
1     00007100  _AdcRegs                        
n/a   UNDEFED   _AuxEepromReadByte              
n/a   UNDEFED   _AuxEepromReadStatus            
n/a   UNDEFED   _AuxEepromTest                  
n/a   UNDEFED   _AuxEepromWriteByte             
n/a   UNDEFED   _AuxEepromWriteEnable           
n/a   UNDEFED   _AuxEepromWriteStatus           
0     003f4994  _CheckRxMailBoxes               
0     003f5035  _ConfigDacInterface             
0     003f4816  _ConfigECan                     
0     003f49cf  _ConfigEepromInterface          
n/a   UNDEFED   _ConfigMax7301DIO               
n/a   UNDEFED   _ConfigMax7301Interface         
0     003f51db  _ConfigSpi                      
0     003f524a  _ConfigTlv1570Interface         
1     00000c00  _CpuTimer0Regs                  
1     003f7ff8  _CsmPwl                         
1     00000ae0  _CsmRegs                        
1     00009201  _DSP_IN                         
1     00009200  _DSP_OUT                        
0     003f50a8  _DacChipSel                     
0     003f50b7  _DacFrameStart                  
0     003f550d  _DelayUs                        
1     00000880  _DevEmuRegs                     
0     003f49e0  _DevNotReady                    
1     00006040  _ECanaLAMRegs                   
1     000060c0  _ECanaMOTORegs                  
1     00006080  _ECanaMOTSRegs                  
1     00006100  _ECanaMboxes                    
1     00006000  _ECanaRegs                      
0     003f4abe  _EepromReadByte                 
0     003f49e8  _EepromReadStatus               
0     003f4b18  _EepromTest                     
0     003f4a64  _EepromWriteByte                
0     003f4a3f  _EepromWriteEnable              
0     003f4a13  _EepromWriteStatus              
1     00007400  _EvaRegs                        
1     00007500  _EvbRegs                        
1     00000a80  _FlashRegs                      
0     003f5228  _FormatSpiTxWord                
0     003f4f7a  _GetAdcCalibrationFactors       
0     003f5008  _GetAdcConversion               
1     000070e0  _GpioDataRegs                   
1     000070c0  _GpioMuxRegs                    
0     003f4f36  _InitAdc                        
0     003f47a2  _InitECan                       
0     003f53b5  _InitEv                         
0     00008000  _InitFlash                      
0     003f4d9e  _InitGpio                       
n/a   UNDEFED   _InitPieCtrl                    
0     003f51d4  _InitSpi                        
0     003f52ad  _InitSysCtrl                    
0     003f4bfb  _InitXintf                      
0     003f49b4  _LnOfTwoToTheN                  
0     003f50cd  _LoadDac                        
n/a   UNDEFED   _Max7301Input                   
n/a   UNDEFED   _Max7301Write                   
1     00007800  _McbspaRegs                     
1     00000ce0  _PieCtrlRegs                    
1     00000d00  _PieVectTable                   
0     003f4d95  _ReadCpld                       
0     003f4f1f  _ReadDspDI_B                    
0     003f4f08  _ReadDspID_A                    
0     003f494b  _RxECanMsg                      
0     003f5224  _RxSpi                          
1     00007050  _SciaRegs                       
1     00007750  _ScibRegs                       
0     003f553d  _SetDBGIER                      
0     003f523a  _SpiRxNotReady                  
0     003f5242  _SpiTxNotReady                  
1     00007040  _SpiaRegs                       
0     003f4ffb  _StartConversion                
1     00007010  _SysCtrlRegs                    
0     003f4ca7  _TestRam                        
0     003f529e  _Tlv1570ChipSel                 
0     003f525f  _Tlv1570Convert                 
0     003f4999  _TwoToTheN                      
0     003f5046  _TxDacData                      
0     003f48ef  _TxECanMsg                      
0     003f521d  _TxSpi                          
0     003f4d8a  _WriteCpld                      
0     003f4e7a  _WriteDspDO_A                   
0     003f4ef2  _WriteDspDO_EN                  
1     00007070  _XIntruptRegs                   
1     00000b20  _XintfRegs                      
0     003f4d71  _ZeroRam                        
1     00000600  __STACK_END                     
abs   00000200  __STACK_SIZE                    
1     0000920a  ___TI_cleanup_ptr               
1     0000920c  ___TI_dtors_ptr                 
1     00009208  ___TI_enable_exit_profile_output
abs   ffffffff  ___TI_pprof_out_hndl            
abs   ffffffff  ___TI_prof_data_size            
abs   ffffffff  ___TI_prof_data_start           
abs   ffffffff  ___binit__                      
1     00009000  ___bss__                        
abs   ffffffff  ___c_args__                     
0     003ec000  ___cinit__                      
1     00009000  ___end__                        
0     003f5543  ___etext__                      
abs   ffffffff  ___pinit__                      
0     003f401f  ___text__                       
0     003f54fc  __args_main                     
1     0000920e  __lock                          
0     003f5535  __nop                           
0     003f5531  __register_lock                 
0     003f552d  __register_unlock               
1     00000400  __stack                         
0     003f5542  __system_post_cinit             
0     003f5540  __system_pre_init               
1     00009210  __unlock                        
0     003f53ee  _abort                          
0     003f5361  _c_int00                        
0     003f5440  _copy_in                        
0     003f4b91  _crcCalc32                      
0     003f53f0  _exit                           
0     003ec000  _iqfuncs_loadend                
0     003ec000  _iqfuncs_loadstart              
0     003f401f  _main                           
0     003f5481  _memcpy                         
0     003f401f  _secureRamFuncs_loadend         
0     003f4000  _secureRamFuncs_loadstart       
0     00008000  _secureRamFuncs_runstart        
abs   ffffffff  binit                           
0     003ec000  cinit                           
1     00009000  end                             
0     003f5543  etext                           
0     003ec000  iqfuncs_runstart                
abs   ffffffff  pinit                           


GLOBAL SYMBOLS: SORTED BY Symbol Address 

page  address   name                            
----  -------   ----                            
0     00008000  _InitFlash                      
0     00008000  _secureRamFuncs_runstart        
0     003ec000  ___cinit__                      
0     003ec000  _iqfuncs_loadend                
0     003ec000  _iqfuncs_loadstart              
0     003ec000  cinit                           
0     003ec000  iqfuncs_runstart                
0     003f4000  _secureRamFuncs_loadstart       
0     003f401f  .text                           
0     003f401f  ___text__                       
0     003f401f  _main                           
0     003f401f  _secureRamFuncs_loadend         
0     003f47a2  _InitECan                       
0     003f4816  _ConfigECan                     
0     003f48ef  _TxECanMsg                      
0     003f494b  _RxECanMsg                      
0     003f4994  _CheckRxMailBoxes               
0     003f4999  _TwoToTheN                      
0     003f49b4  _LnOfTwoToTheN                  
0     003f49cf  _ConfigEepromInterface          
0     003f49e0  _DevNotReady                    
0     003f49e8  _EepromReadStatus               
0     003f4a13  _EepromWriteStatus              
0     003f4a3f  _EepromWriteEnable              
0     003f4a64  _EepromWriteByte                
0     003f4abe  _EepromReadByte                 
0     003f4b18  _EepromTest                     
0     003f4b91  _crcCalc32                      
0     003f4bfb  _InitXintf                      
0     003f4ca7  _TestRam                        
0     003f4d71  _ZeroRam                        
0     003f4d8a  _WriteCpld                      
0     003f4d95  _ReadCpld                       
0     003f4d9e  _InitGpio                       
0     003f4e7a  _WriteDspDO_A                   
0     003f4ef2  _WriteDspDO_EN                  
0     003f4f08  _ReadDspID_A                    
0     003f4f1f  _ReadDspDI_B                    
0     003f4f36  _InitAdc                        
0     003f4f7a  _GetAdcCalibrationFactors       
0     003f4ffb  _StartConversion                
0     003f5008  _GetAdcConversion               
0     003f5035  _ConfigDacInterface             
0     003f5046  _TxDacData                      
0     003f50a8  _DacChipSel                     
0     003f50b7  _DacFrameStart                  
0     003f50cd  _LoadDac                        
0     003f50d9  FS$$DIV                         
0     003f515c  FS$$SUB                         
0     003f5161  FS$$ADD                         
0     003f51d4  _InitSpi                        
0     003f51db  _ConfigSpi                      
0     003f521d  _TxSpi                          
0     003f5224  _RxSpi                          
0     003f5228  _FormatSpiTxWord                
0     003f523a  _SpiRxNotReady                  
0     003f5242  _SpiTxNotReady                  
0     003f524a  _ConfigTlv1570Interface         
0     003f525f  _Tlv1570Convert                 
0     003f529e  _Tlv1570ChipSel                 
0     003f52ad  _InitSysCtrl                    
0     003f5307  FS$$MPY                         
0     003f5361  _c_int00                        
0     003f53b5  _InitEv                         
0     003f53ee  C$$EXIT                         
0     003f53ee  _abort                          
0     003f53f0  _exit                           
0     003f5417  FS$$TOL                         
0     003f5440  _copy_in                        
0     003f5464  FS$$TOU                         
0     003f5481  _memcpy                         
0     003f549e  I$$TOFS                         
0     003f54b8  L$$TOFS                         
0     003f54d2  FS$$CMP                         
0     003f54e9  UL$$TOFS                        
0     003f54fc  __args_main                     
0     003f550d  _DelayUs                        
0     003f551d  U$$TOFS                         
0     003f552d  __register_unlock               
0     003f5531  __register_lock                 
0     003f5535  __nop                           
0     003f553d  _SetDBGIER                      
0     003f5540  __system_pre_init               
0     003f5542  __system_post_cinit             
0     003f5543  ___etext__                      
0     003f5543  etext                           
1     00000400  __stack                         
1     00000600  __STACK_END                     
1     00000880  _DevEmuRegs                     
1     00000a80  _FlashRegs                      
1     00000ae0  _CsmRegs                        
1     00000b20  _XintfRegs                      
1     00000c00  _CpuTimer0Regs                  
1     00000ce0  _PieCtrlRegs                    
1     00000d00  _PieVectTable                   
1     00006000  _ECanaRegs                      
1     00006040  _ECanaLAMRegs                   
1     00006080  _ECanaMOTSRegs                  
1     000060c0  _ECanaMOTORegs                  
1     00006100  _ECanaMboxes                    
1     00007010  _SysCtrlRegs                    
1     00007040  _SpiaRegs                       
1     00007050  _SciaRegs                       
1     00007070  _XIntruptRegs                   
1     000070c0  _GpioMuxRegs                    
1     000070e0  _GpioDataRegs                   
1     00007100  _AdcRegs                        
1     00007400  _EvaRegs                        
1     00007500  _EvbRegs                        
1     00007750  _ScibRegs                       
1     00007800  _McbspaRegs                     
1     00009000  .bss                            
1     00009000  ___bss__                        
1     00009000  ___end__                        
1     00009000  end                             
1     00009200  _DSP_OUT                        
1     00009201  _DSP_IN                         
1     00009208  ___TI_enable_exit_profile_output
1     0000920a  ___TI_cleanup_ptr               
1     0000920c  ___TI_dtors_ptr                 
1     0000920e  __lock                          
1     00009210  __unlock                        
1     003f7ff8  _CsmPwl                         
abs   00000200  __STACK_SIZE                    
abs   ffffffff  ___TI_pprof_out_hndl            
abs   ffffffff  ___TI_prof_data_size            
abs   ffffffff  ___TI_prof_data_start           
abs   ffffffff  ___binit__                      
abs   ffffffff  ___c_args__                     
abs   ffffffff  ___pinit__                      
abs   ffffffff  binit                           
abs   ffffffff  pinit                           
n/a   UNDEFED   _AuxEepromReadByte              
n/a   UNDEFED   _AuxEepromReadStatus            
n/a   UNDEFED   _AuxEepromTest                  
n/a   UNDEFED   _AuxEepromWriteByte             
n/a   UNDEFED   _AuxEepromWriteEnable           
n/a   UNDEFED   _AuxEepromWriteStatus           
n/a   UNDEFED   _ConfigMax7301DIO               
n/a   UNDEFED   _ConfigMax7301Interface         
n/a   UNDEFED   _InitPieCtrl                    
n/a   UNDEFED   _Max7301Input                   
n/a   UNDEFED   _Max7301Write                   

[143 symbols]
