******************************************************************************
        TMS320C2000 COFF Linker PC v4.1.0                      
******************************************************************************
>> Linked Tue Sep 16 13:22:12 2008

OUTPUT FILE NAME:   <G:/VMS/Tsunami/100025092/Firmware/spra958f/eZdspF2812/projects/Debug/example_nonBIOS_flash.out>
ENTRY POINT SYMBOL: "_c_int00"  address: 003f4000


MEMORY CONFIGURATION

                  name            origin    length      used    attr    fill
         ----------------------  --------  ---------  --------  ----  --------
PAGE  0: ZONE0                   00002000   00002000  00000000  RWIX
         ZONE1                   00004000   00002000  00000000  RWIX
         L0SARAM                 00008000   00001000  0000001f  RWIX
         ZONE2                   00080000   00080000  00000000  RWIX
         ZONE6                   00100000   00080000  00000000  RWIX
         OTP                     003d7800   00000400  00000000  RWIX
         FLASH_IJ                003d8000   00004000  00000000  RWIX
         FLASH_GH                003dc000   00008000  00000000  RWIX
         FLASH_EF                003e4000   00008000  00000000  RWIX
         FLASH_CD                003ec000   00008000  0000034e  RWIX
         FLASH_AB                003f4000   00003f80  0000174f  RWIX
         CSM_RSVD                003f7f80   00000076  00000076  RWIX
         BEGIN_FLASH             003f7ff6   00000002  00000002  RWIX
         PASSWORDS               003f7ff8   00000008  00000008  RWIX
         BEGIN_H0                003f8000   00000002  00000000  RWIX
         H0SARAM                 003f8002   00001ffe  00000000  RWIX
         BOOTROM                 003ff000   00000fc0  00000000  RWIX
         RESET                   003fffc0   00000002  00000000  RWIX
         VECTORS                 003fffc2   0000003e  00000000  RWIX

PAGE  1: M0SARAM                 00000000   00000400  00000000  RWIX
         M1SARAM                 00000400   00000400  00000200  RWIX
         DEV_EMU                 00000880   00000180  000000d2  RWIX
         FLASH_REGS              00000a80   00000060  00000008  RWIX
         CSM                     00000ae0   00000010  00000010  RWIX
         XINTF                   00000b20   00000020  00000020  RWIX
         CPU_TIMER0              00000c00   00000008  00000008  RWIX
         PIE_CTRL                00000ce0   00000020  0000001a  RWIX
         PIE_VECT                00000d00   00000100  00000100  RWIX
         ECANA                   00006000   00000040  00000034  RWIX
         ECANA_LAM               00006040   00000040  00000040  RWIX
         ECANA_MOTS              00006080   00000040  00000040  RWIX
         ECANA_MOTO              000060c0   00000040  00000040  RWIX
         ECANA_MBOX              00006100   00000100  00000100  RWIX
         SYSTEM                  00007010   00000020  00000020  RWIX
         SPIA                    00007040   00000010  00000010  RWIX
         SCIA                    00007050   00000010  00000010  RWIX
         XINTRUPT                00007070   00000010  00000010  RWIX
         GPIOMUX                 000070c0   00000020  00000020  RWIX
         GPIODAT                 000070e0   00000020  00000020  RWIX
         ADC                     00007100   00000020  0000001a  RWIX
         EVA                     00007400   00000040  00000032  RWIX
         EVB                     00007500   00000040  00000032  RWIX
         SCIB                    00007750   00000010  00000010  RWIX
         MCBSPA                  00007800   00000040  00000025  RWIX
         L1SARAM                 00009000   00001000  0000028b  RWIX
         CSM_PWL                 003f7ff8   00000008  00000008  RWIX


SECTION ALLOCATION MAP

 output                                  attributes/
section   page    origin      length       input sections
--------  ----  ----------  ----------   ----------------
.const     0    003ec000    00000000     UNINITIALIZED

.pinit     0    003ec000    00000000     UNINITIALIZED

.cinit     0    003ec000    00000224     
                  003ec000    0000000e     rts2800_ml.lib : exit.obj (.cinit)
                  003ec00e    0000000a                    : _lock.obj (.cinit)
                  003ec018    00000004     DefaultIsr_nonBIOS.obj (.cinit)
                  003ec01c    00000203     Eeprom.obj (.cinit)
                  003ec21f    00000004     main_nonBIOS.obj (.cinit)
                  003ec223    00000001     --HOLE-- [fill = 0]

.econst    0    003ec224    00000102     
                  003ec224    00000100     PieVect_nonBIOS.obj (.econst)
                  003ec324    00000002     main_nonBIOS.obj (.econst)

.switch    0    003ec326    00000028     
                  003ec326    00000028     main_nonBIOS.obj (.switch)

.text      0    003f4000    00001730     
                  003f4000    00000044     rts2800_ml.lib : boot.obj (.text)
                  003f4044    0000004a                    : exit.obj (.text)
                  003f408e    00000009                    : _lock.obj (.text)
                  003f4097    00000011                    : args_main.obj (.text)
                  003f40a8    0000010b     Adc.obj (.text)
                  003f41b3    00000063     Adc1570.obj (.text)
                  003f4216    000001c3     AuxEeprom.obj (.text)
                  003f43d9    00000007     CodeStartBranch.obj (.text)
                  003f43e0    000000a4     Dac.obj (.text)
                  003f4484    0000022b     DefaultIsr_nonBIOS.obj (.text)
                  003f46af    00000010     DelayUs.obj (.text)
                  003f46bf    00000238     eCanCtrl.obj (.text)
                  003f48f7    00000233     Eeprom.obj (.text)
                  003f4b2a    00000038     Ev.obj (.text)
                  003f4b62    000001a8     Gpio.obj (.text)
                  003f4d0a    000004aa     main_nonBIOS.obj (.text)
                  003f51b4    000000a2     Max7301.obj (.text)
                  003f5256    00000030     PieCtrl_nonBIOS.obj (.text)
                  003f5286    00000003     SetDBGIER.obj (.text)
                  003f5289    00000078     Spi.obj (.text)
                  003f5301    0000005a     SysCtrl.obj (.text)
                  003f535b    000001a5     Xintf.obj (.text)
                  003f5500    00000078     rts2800_ml.lib : fs_add.obj (.text)
                  003f5578    00000017                    : fs_cmp.obj (.text)
                  003f558f    00000083                    : fs_div.obj (.text)
                  003f5612    0000005a                    : fs_mpy.obj (.text)
                  003f566c    00000029                    : fs_tol.obj (.text)
                  003f5695    0000001d                    : fs_tou.obj (.text)
                  003f56b2    0000001a                    : l_tofs.obj (.text)
                  003f56cc    00000041                    : memcpy.obj (.text)
                  003f570d    00000010                    : u_tofs.obj (.text)
                  003f571d    00000013                    : ul_tofs.obj (.text)

secureRamFuncs 
*          0    003f5730    0000001f     RUN ADDR = 00008000
                  003f5730    0000001f     SysCtrl.obj (secureRamFuncs)

csm_rsvd   0    003f7f80    00000076     
                  003f7f80    00000076     passwords.obj (csm_rsvd)

codestart 
*          0    003f7ff6    00000002     
                  003f7ff6    00000002     CodeStartBranch.obj (codestart)

passwords 
*          0    003f7ff8    00000008     
                  003f7ff8    00000008     passwords.obj (passwords)

.reset     0    003fffc0    00000002     DSECT
                  003fffc0    00000002     rts2800_ml.lib : boot.obj (.reset)

.cio       1    00000000    00000000     UNINITIALIZED

.data      1    00000000    00000000     UNINITIALIZED

.stack     1    00000400    00000200     UNINITIALIZED

DevEmuRegsFile 
*          1    00000880    000000d2     UNINITIALIZED
                  00000880    000000d2     DSP281x_GlobalVariableDefs.obj (DevEmuRegsFile)

FlashRegsFile 
*          1    00000a80    00000008     UNINITIALIZED
                  00000a80    00000008     DSP281x_GlobalVariableDefs.obj (FlashRegsFile)

CsmRegsFile 
*          1    00000ae0    00000010     UNINITIALIZED
                  00000ae0    00000010     DSP281x_GlobalVariableDefs.obj (CsmRegsFile)

XintfRegsFile 
*          1    00000b20    00000020     UNINITIALIZED
                  00000b20    00000020     DSP281x_GlobalVariableDefs.obj (XintfRegsFile)

CpuTimer0RegsFile 
*          1    00000c00    00000008     UNINITIALIZED
                  00000c00    00000008     DSP281x_GlobalVariableDefs.obj (CpuTimer0RegsFile)

PieCtrlRegsFile 
*          1    00000ce0    0000001a     UNINITIALIZED
                  00000ce0    0000001a     DSP281x_GlobalVariableDefs.obj (PieCtrlRegsFile)

PieVectTableFile 
*          1    00000d00    00000100     UNINITIALIZED
                  00000d00    00000100     DSP281x_GlobalVariableDefs.obj (PieVectTableFile)

ECanaRegsFile 
*          1    00006000    00000034     UNINITIALIZED
                  00006000    00000034     DSP281x_GlobalVariableDefs.obj (ECanaRegsFile)

ECanaLAMRegsFile 
*          1    00006040    00000040     UNINITIALIZED
                  00006040    00000040     DSP281x_GlobalVariableDefs.obj (ECanaLAMRegsFile)

ECanaMOTSRegsFile 
*          1    00006080    00000040     UNINITIALIZED
                  00006080    00000040     DSP281x_GlobalVariableDefs.obj (ECanaMOTSRegsFile)

ECanaMOTORegsFile 
*          1    000060c0    00000040     UNINITIALIZED
                  000060c0    00000040     DSP281x_GlobalVariableDefs.obj (ECanaMOTORegsFile)

ECanaMboxesFile 
*          1    00006100    00000100     UNINITIALIZED
                  00006100    00000100     DSP281x_GlobalVariableDefs.obj (ECanaMboxesFile)

SysCtrlRegsFile 
*          1    00007010    00000020     UNINITIALIZED
                  00007010    00000020     DSP281x_GlobalVariableDefs.obj (SysCtrlRegsFile)

SpiaRegsFile 
*          1    00007040    00000010     UNINITIALIZED
                  00007040    00000010     DSP281x_GlobalVariableDefs.obj (SpiaRegsFile)

SciaRegsFile 
*          1    00007050    00000010     UNINITIALIZED
                  00007050    00000010     DSP281x_GlobalVariableDefs.obj (SciaRegsFile)

XIntruptRegsFile 
*          1    00007070    00000010     UNINITIALIZED
                  00007070    00000010     DSP281x_GlobalVariableDefs.obj (XIntruptRegsFile)

GpioMuxRegsFile 
*          1    000070c0    00000020     UNINITIALIZED
                  000070c0    00000020     DSP281x_GlobalVariableDefs.obj (GpioMuxRegsFile)

GpioDataRegsFile 
*          1    000070e0    00000020     UNINITIALIZED
                  000070e0    00000020     DSP281x_GlobalVariableDefs.obj (GpioDataRegsFile)

AdcRegsFile 
*          1    00007100    0000001a     UNINITIALIZED
                  00007100    0000001a     DSP281x_GlobalVariableDefs.obj (AdcRegsFile)

EvaRegsFile 
*          1    00007400    00000032     UNINITIALIZED
                  00007400    00000032     DSP281x_GlobalVariableDefs.obj (EvaRegsFile)

EvbRegsFile 
*          1    00007500    00000032     UNINITIALIZED
                  00007500    00000032     DSP281x_GlobalVariableDefs.obj (EvbRegsFile)

ScibRegsFile 
*          1    00007750    00000010     UNINITIALIZED
                  00007750    00000010     DSP281x_GlobalVariableDefs.obj (ScibRegsFile)

McbspaRegsFile 
*          1    00007800    00000025     UNINITIALIZED
                  00007800    00000025     DSP281x_GlobalVariableDefs.obj (McbspaRegsFile)

.bss       1    00009000    00000000     UNINITIALIZED

.sysmem    1    00009000    00000000     UNINITIALIZED

.esysmem   1    00009000    00000000     UNINITIALIZED

.ebss      1    00009000    0000028b     UNINITIALIZED
                  00009000    00000200     Eeprom.obj (.ebss)
                  00009200    00000080     rts2800_ml.lib : exit.obj (.ebss)
                  00009280    00000006     main_nonBIOS.obj (.ebss)
                  00009286    00000004     rts2800_ml.lib : _lock.obj (.ebss)
                  0000928a    00000001     DefaultIsr_nonBIOS.obj (.ebss)

CsmPwlFile 
*          1    003f7ff8    00000008     UNINITIALIZED
                  003f7ff8    00000008     DSP281x_GlobalVariableDefs.obj (CsmPwlFile)


GLOBAL SYMBOLS: SORTED ALPHABETICALLY BY Name 

address    name
--------   ----
00009000   .bss
00000000   .data
003f4000   .text
003f406a   C$$EXIT
003f5505   FS$$ADD
003f5578   FS$$CMP
003f558f   FS$$DIV
003f5612   FS$$MPY
003f5500   FS$$SUB
003f566c   FS$$TOL
003f5695   FS$$TOU
003f56b2   L$$TOFS
003f570d   U$$TOFS
003f571d   UL$$TOFS
003f4507   _ADCINT_ISR
00007100   _AdcRegs
003f4227   _AuxDevNotReady
003f4305   _AuxEepromReadByte
003f422f   _AuxEepromReadStatus
003f435f   _AuxEepromTest
003f42ab   _AuxEepromWriteByte
003f4286   _AuxEepromWriteEnable
003f425a   _AuxEepromWriteStatus
003f45b2   _CAPINT1_ISR
003f45bb   _CAPINT2_ISR
003f45c4   _CAPINT3_ISR
003f4630   _CAPINT4_ISR
003f4639   _CAPINT5_ISR
003f4642   _CAPINT6_ISR
003f454f   _CMP1INT_ISR
003f4558   _CMP2INT_ISR
003f4561   _CMP3INT_ISR
003f45cd   _CMP4INT_ISR
003f45d6   _CMP5INT_ISR
003f45df   _CMP6INT_ISR
003f48b9   _CheckRxMailBoxes
003f4216   _ConfigAuxEepromInterface
003f43e0   _ConfigDacInterface
003f4732   _ConfigECan
003f48f7   _ConfigEepromInterface
003f51c5   _ConfigMax7301DIO
003f51b4   _ConfigMax7301Interface
003f5290   _ConfigSpi
003f41b3   _ConfigTlv1570Interface
00000c00   _CpuTimer0Regs
003f7ff8   _CsmPwl
00000ae0   _CsmRegs
003f448e   _DATALOG_ISR
00009282   _DSP_IN
00009280   _DSP_OUT
003f4453   _DacChipSel
003f4462   _DacFrameStart
003f46af   _DelayUs
00000880   _DevEmuRegs
003f4908   _DevNotReady
003f4693   _ECAN0INTA_ISR
003f469c   _ECAN1INTA_ISR
00006040   _ECanaLAMRegs
000060c0   _ECanaMOTORegs
00006080   _ECanaMOTSRegs
00006100   _ECanaMboxes
00006000   _ECanaRegs
003f4498   _EMUINT_ISR
003f49e6   _EepromReadByte
003f4910   _EepromReadStatus
003f4a40   _EepromTest
003f498c   _EepromWriteByte
003f4967   _EepromWriteEnable
003f493b   _EepromWriteStatus
00007400   _EvaRegs
00007500   _EvbRegs
00000a80   _FlashRegs
003f52dd   _FormatSpiTxWord
003f40ec   _GetAdcCalibrationFactors
003f4184   _GetAdcConversion
000070e0   _GpioDataRegs
000070c0   _GpioMuxRegs
003f44a2   _ILLEGAL_ISR
003f4484   _INT13_ISR
003f4489   _INT14_ISR
003f40a8   _InitAdc
003f46bf   _InitECan
003f4b2a   _InitEv
00008000   _InitFlash
003f4b62   _InitGpio
003f5256   _InitPieCtrl
003f5289   _InitSpi
003f5301   _InitSysCtrl
003f535b   _InitXintf
003f48da   _LnOfTwoToTheN
003f4478   _LoadDac
003f465d   _MRINTA_ISR
003f4666   _MXINTA_ISR
003f5247   _Max7301ChipSel
003f520a   _Max7301Input
003f51e6   _Max7301Write
00007800   _McbspaRegs
003f449d   _NMI_ISR
003f44e3   _PDPINTA_ISR
003f44ec   _PDPINTB_ISR
003f46a5   _PIE_RESERVED
00000ce0   _PieCtrlRegs
00000d00   _PieVectTable
003ec224   _PieVectTableInit
003f4493   _RTOSINT_ISR
003f54f6   _ReadCpld
003f4ceb   _ReadDspDI_B
003f4ccc   _ReadDspID_A
003f486f   _RxECanMsg
003f52d9   _RxSpi
003f466f   _SCIRXINTA_ISR
003f4681   _SCIRXINTB_ISR
003f4678   _SCITXINTA_ISR
003f468a   _SCITXINTB_ISR
003f464b   _SPIRXINTA_ISR
003f4654   _SPITXINTA_ISR
00007050   _SciaRegs
00007750   _ScibRegs
003f5286   _SetDBGIER
003f52ed   _SpiRxNotReady
003f52f7   _SpiTxNotReady
00007040   _SpiaRegs
003f4173   _StartConversion
00007010   _SysCtrlRegs
003f4573   _T1CINT_ISR
003f4585   _T1OFINT_ISR
003f456a   _T1PINT_ISR
003f457c   _T1UFINT_ISR
003f4597   _T2CINT_ISR
003f45a9   _T2OFINT_ISR
003f458e   _T2PINT_ISR
003f45a0   _T2UFINT_ISR
003f45f1   _T3CINT_ISR
003f4603   _T3OFINT_ISR
003f45e8   _T3PINT_ISR
003f45fa   _T3UFINT_ISR
003f4615   _T4CINT_ISR
003f4627   _T4OFINT_ISR
003f460c   _T4PINT_ISR
003f461e   _T4UFINT_ISR
003f4510   _TINT0_ISR
003f5407   _TestRam
003f4207   _Tlv1570ChipSel
003f41c8   _Tlv1570Convert
003f48be   _TwoToTheN
003f43f1   _TxDacData
003f480c   _TxECanMsg
003f52d2   _TxSpi
003f44d4   _USER10_ISR
003f44d9   _USER11_ISR
003f44de   _USER12_ISR
003f44a7   _USER1_ISR
003f44ac   _USER2_ISR
003f44b1   _USER3_ISR
003f44b6   _USER4_ISR
003f44bb   _USER5_ISR
003f44c0   _USER6_ISR
003f44c5   _USER7_ISR
003f44ca   _USER8_ISR
003f44cf   _USER9_ISR
003f4546   _WAKEINT_ISR
003f54ea   _WriteCpld
003f4c3e   _WriteDspDO_A
003f4cb6   _WriteDspDO_EN
003f44f5   _XINT1_ISR
003f44fe   _XINT2_ISR
00007070   _XIntruptRegs
00000b20   _XintfRegs
003f54d1   _ZeroRam
00000200   __STACK_SIZE
ffffffff   ___binit__
00009000   ___bss__
ffffffff   ___c_args__
003ec000   ___cinit__
00000000   ___data__
00000000   ___edata__
00009000   ___end__
003f5730   ___etext__
003f56cf   ___memcpy
003f56ed   ___memcpy_ff
003f56e3   ___memcpy_fn
003f56d9   ___memcpy_nf
ffffffff   ___pinit__
003f4000   ___text__
003f4097   __args_main
00009204   __cleanup_ptr
00009202   __dtors_ptr
00009288   __lock
003f408e   __nop
003f408f   __register_lock
003f4093   __register_unlock
00009286   __unlock
003f408d   _abort
003f406c   _atexit
003f4000   _c_int00
003f4aba   _crcCalc32
003f4044   _exit
003f4d0a   _main
003f56cc   _memcpy
003f46aa   _rsvd_ISR
003f574f   _secureRamFuncs_loadend
003f5730   _secureRamFuncs_loadstart
00008000   _secureRamFuncs_runstart
ffffffff   binit
003ec000   cinit
00000000   edata
00009000   end
003f5730   etext
ffffffff   pinit


GLOBAL SYMBOLS: SORTED BY Symbol Address 

address    name
--------   ----
00000000   ___data__
00000000   edata
00000000   ___edata__
00000000   .data
00000200   __STACK_SIZE
00000880   _DevEmuRegs
00000a80   _FlashRegs
00000ae0   _CsmRegs
00000b20   _XintfRegs
00000c00   _CpuTimer0Regs
00000ce0   _PieCtrlRegs
00000d00   _PieVectTable
00006000   _ECanaRegs
00006040   _ECanaLAMRegs
00006080   _ECanaMOTSRegs
000060c0   _ECanaMOTORegs
00006100   _ECanaMboxes
00007010   _SysCtrlRegs
00007040   _SpiaRegs
00007050   _SciaRegs
00007070   _XIntruptRegs
000070c0   _GpioMuxRegs
000070e0   _GpioDataRegs
00007100   _AdcRegs
00007400   _EvaRegs
00007500   _EvbRegs
00007750   _ScibRegs
00007800   _McbspaRegs
00008000   _secureRamFuncs_runstart
00008000   _InitFlash
00009000   .bss
00009000   ___bss__
00009000   ___end__
00009000   end
00009202   __dtors_ptr
00009204   __cleanup_ptr
00009280   _DSP_OUT
00009282   _DSP_IN
00009286   __unlock
00009288   __lock
003ec000   ___cinit__
003ec000   cinit
003ec224   _PieVectTableInit
003f4000   ___text__
003f4000   .text
003f4000   _c_int00
003f4044   _exit
003f406a   C$$EXIT
003f406c   _atexit
003f408d   _abort
003f408e   __nop
003f408f   __register_lock
003f4093   __register_unlock
003f4097   __args_main
003f40a8   _InitAdc
003f40ec   _GetAdcCalibrationFactors
003f4173   _StartConversion
003f4184   _GetAdcConversion
003f41b3   _ConfigTlv1570Interface
003f41c8   _Tlv1570Convert
003f4207   _Tlv1570ChipSel
003f4216   _ConfigAuxEepromInterface
003f4227   _AuxDevNotReady
003f422f   _AuxEepromReadStatus
003f425a   _AuxEepromWriteStatus
003f4286   _AuxEepromWriteEnable
003f42ab   _AuxEepromWriteByte
003f4305   _AuxEepromReadByte
003f435f   _AuxEepromTest
003f43e0   _ConfigDacInterface
003f43f1   _TxDacData
003f4453   _DacChipSel
003f4462   _DacFrameStart
003f4478   _LoadDac
003f4484   _INT13_ISR
003f4489   _INT14_ISR
003f448e   _DATALOG_ISR
003f4493   _RTOSINT_ISR
003f4498   _EMUINT_ISR
003f449d   _NMI_ISR
003f44a2   _ILLEGAL_ISR
003f44a7   _USER1_ISR
003f44ac   _USER2_ISR
003f44b1   _USER3_ISR
003f44b6   _USER4_ISR
003f44bb   _USER5_ISR
003f44c0   _USER6_ISR
003f44c5   _USER7_ISR
003f44ca   _USER8_ISR
003f44cf   _USER9_ISR
003f44d4   _USER10_ISR
003f44d9   _USER11_ISR
003f44de   _USER12_ISR
003f44e3   _PDPINTA_ISR
003f44ec   _PDPINTB_ISR
003f44f5   _XINT1_ISR
003f44fe   _XINT2_ISR
003f4507   _ADCINT_ISR
003f4510   _TINT0_ISR
003f4546   _WAKEINT_ISR
003f454f   _CMP1INT_ISR
003f4558   _CMP2INT_ISR
003f4561   _CMP3INT_ISR
003f456a   _T1PINT_ISR
003f4573   _T1CINT_ISR
003f457c   _T1UFINT_ISR
003f4585   _T1OFINT_ISR
003f458e   _T2PINT_ISR
003f4597   _T2CINT_ISR
003f45a0   _T2UFINT_ISR
003f45a9   _T2OFINT_ISR
003f45b2   _CAPINT1_ISR
003f45bb   _CAPINT2_ISR
003f45c4   _CAPINT3_ISR
003f45cd   _CMP4INT_ISR
003f45d6   _CMP5INT_ISR
003f45df   _CMP6INT_ISR
003f45e8   _T3PINT_ISR
003f45f1   _T3CINT_ISR
003f45fa   _T3UFINT_ISR
003f4603   _T3OFINT_ISR
003f460c   _T4PINT_ISR
003f4615   _T4CINT_ISR
003f461e   _T4UFINT_ISR
003f4627   _T4OFINT_ISR
003f4630   _CAPINT4_ISR
003f4639   _CAPINT5_ISR
003f4642   _CAPINT6_ISR
003f464b   _SPIRXINTA_ISR
003f4654   _SPITXINTA_ISR
003f465d   _MRINTA_ISR
003f4666   _MXINTA_ISR
003f466f   _SCIRXINTA_ISR
003f4678   _SCITXINTA_ISR
003f4681   _SCIRXINTB_ISR
003f468a   _SCITXINTB_ISR
003f4693   _ECAN0INTA_ISR
003f469c   _ECAN1INTA_ISR
003f46a5   _PIE_RESERVED
003f46aa   _rsvd_ISR
003f46af   _DelayUs
003f46bf   _InitECan
003f4732   _ConfigECan
003f480c   _TxECanMsg
003f486f   _RxECanMsg
003f48b9   _CheckRxMailBoxes
003f48be   _TwoToTheN
003f48da   _LnOfTwoToTheN
003f48f7   _ConfigEepromInterface
003f4908   _DevNotReady
003f4910   _EepromReadStatus
003f493b   _EepromWriteStatus
003f4967   _EepromWriteEnable
003f498c   _EepromWriteByte
003f49e6   _EepromReadByte
003f4a40   _EepromTest
003f4aba   _crcCalc32
003f4b2a   _InitEv
003f4b62   _InitGpio
003f4c3e   _WriteDspDO_A
003f4cb6   _WriteDspDO_EN
003f4ccc   _ReadDspID_A
003f4ceb   _ReadDspDI_B
003f4d0a   _main
003f51b4   _ConfigMax7301Interface
003f51c5   _ConfigMax7301DIO
003f51e6   _Max7301Write
003f520a   _Max7301Input
003f5247   _Max7301ChipSel
003f5256   _InitPieCtrl
003f5286   _SetDBGIER
003f5289   _InitSpi
003f5290   _ConfigSpi
003f52d2   _TxSpi
003f52d9   _RxSpi
003f52dd   _FormatSpiTxWord
003f52ed   _SpiRxNotReady
003f52f7   _SpiTxNotReady
003f5301   _InitSysCtrl
003f535b   _InitXintf
003f5407   _TestRam
003f54d1   _ZeroRam
003f54ea   _WriteCpld
003f54f6   _ReadCpld
003f5500   FS$$SUB
003f5505   FS$$ADD
003f5578   FS$$CMP
003f558f   FS$$DIV
003f5612   FS$$MPY
003f566c   FS$$TOL
003f5695   FS$$TOU
003f56b2   L$$TOFS
003f56cc   _memcpy
003f56cf   ___memcpy
003f56d9   ___memcpy_nf
003f56e3   ___memcpy_fn
003f56ed   ___memcpy_ff
003f570d   U$$TOFS
003f571d   UL$$TOFS
003f5730   _secureRamFuncs_loadstart
003f5730   etext
003f5730   ___etext__
003f574f   _secureRamFuncs_loadend
003f7ff8   _CsmPwl
ffffffff   ___c_args__
ffffffff   pinit
ffffffff   ___binit__
ffffffff   binit
ffffffff   ___pinit__

[209 symbols]
