----------------------------------------------------------------
-Pin Report - Date: Fri Oct 17 11:04:37 2025 Pinchecksum: NOT-AVAILABLE
-Product: Designer
-Release: v2024.2
-Version: 2024.2.0.13
-Design Name: top_hw
-Family: PolarFire
-Die: MPF050T
-Package: FCVG484
-----------------------------------------------------------------

Port               |Pin  |Fixed |Function                                              |Bank     |I/O Std   |Direction    |Used I/O Reg       |User I/O Lock Down |Clamp Diode   |Resistor Pull                     |Use I/O Calibration from the lane |Schmitt Trigger |Vcm Input Range    |On Die Termination |Odt Value (Ohm) |Input Delay |Slew              |Output Drive (mA) |Impedance (ohm)  |Output Load (pF)         |Source Termination (Ohm) |Output Delay |
-------------------|-----|------|------------------------------------------------------|---------|----------|-------------|-------------------|-------------------|--------------|----------------------------------|----------------------------------|----------------|-------------------|-------------------|----------------|------------|------------------|------------------|-----------------|-------------------------|-------------------------|-------------|
APP_AUX_IO0         U10   Yes    HSIO46NB0                                              Bank0     LVCMOS18   Input         None                No                  ON             Up                                 No                                 OFF              ---                 OFF                 120              OFF          ---                ---                ---               ---                       ---                       ---           
APP_AUX_IO1         T11   Yes    HSIO46PB0                                              Bank0     LVCMOS18   Input         None                No                  ON             Up                                 No                                 OFF              ---                 OFF                 120              OFF          ---                ---                ---               ---                       ---                       ---           
APP_AUX_IO2         T8    Yes    HSIO47NB0                                              Bank0     LVCMOS18   Input         None                No                  ON             Up                                 No                                 OFF              ---                 OFF                 120              OFF          ---                ---                ---               ---                       ---                       ---           
APP_AUX_IO3         U8    Yes    HSIO47PB0                                              Bank0     LVCMOS18   Input         None                No                  ON             Up                                 No                                 OFF              ---                 OFF                 120              OFF          ---                ---                ---               ---                       ---                       ---           
APP_AUX_IO4         AB8   Yes    HSIO48NB0                                              Bank0     LVCMOS18   Input         None                No                  ON             Up                                 No                                 OFF              ---                 OFF                 120              OFF          ---                ---                ---               ---                       ---                       ---           
APP_AUX_IO5         AB7   Yes    HSIO48PB0                                              Bank0     LVCMOS18   Input         None                No                  ON             Up                                 No                                 OFF              ---                 OFF                 120              OFF          ---                ---                ---               ---                       ---                       ---           
APP_FPGA_SPI0_CS_N  W19   Yes    HSIO24NB1                                              Bank1     LVCMOS18   Input         None                No                  ON             Up                                 No                                 OFF              ---                 OFF                 120              OFF          ---                ---                ---               ---                       ---                       ---           
APP_FPGA_SPI0_MISO  W17   Yes    HSIO25PB1/CCC_NE_PLL1_OUT1                             Bank1     LVCMOS18   Output        None                No                  ON             None                               No                                 ---              ---                 ---                 120              ---          OFF                8                  ---               5                         ---                       OFF           
APP_FPGA_SPI0_MOSI  W18   Yes    HSIO25NB1                                              Bank1     LVCMOS18   Input         None                No                  ON             Up                                 No                                 OFF              ---                 OFF                 120              OFF          ---                ---                ---               ---                       ---                       ---           
APP_FPGA_SPI1_CS_N  Y18   Yes    HSIO26NB1                                              Bank1     LVCMOS18   Input         None                No                  ON             Up                                 No                                 OFF              ---                 OFF                 120              OFF          ---                ---                ---               ---                       ---                       ---           
APP_FPGA_SPI1_MISO  AB19  Yes    HSIO27NB1/DQS                                          Bank1     LVCMOS18   Output        None                No                  ON             None                               No                                 ---              ---                 ---                 120              ---          OFF                8                  ---               5                         ---                       OFF           
APP_FPGA_SPI1_MOSI  AA18  Yes    HSIO26PB1/CLKIN_N_8/CCC_NE_CLKIN_N_8/CCC_NE_PLL1_OUT0  Bank1     LVCMOS18   Input         None                No                  ON             Up                                 No                                 OFF              ---                 OFF                 120              OFF          ---                ---                ---               ---                       ---                       ---           
APP_FPGA_SPI_CLK    Y19   Yes    HSIO24PB1/CLKIN_N_9/CCC_NE_CLKIN_N_9                   Bank1     LVCMOS18   Input         None                No                  ON             Up                                 No                                 OFF              ---                 OFF                 120              OFF          ---                ---                ---               ---                       ---                       ---           
BEL_SW_CONFIG0      J1    Yes    GPIO71NB4                                              Bank4     LVCMOS33   Input         None                No                  ON             Up                                 No                                 OFF              ---                 ---                 ---              OFF          ---                ---                ---               ---                       ---                       ---           
BEL_SW_CONFIG1      H1    Yes    GPIO71PB4/CLKIN_W_5/CCC_NW_CLKIN_W_5                   Bank4     LVCMOS33   Input         None                No                  ON             Up                                 No                                 OFF              ---                 ---                 ---              OFF          ---                ---                ---               ---                       ---                       ---           
BEL_SW_CONFIG2      L2    Yes    GPIO72NB4                                              Bank4     LVCMOS33   Input         None                No                  ON             Up                                 No                                 OFF              ---                 ---                 ---              OFF          ---                ---                ---               ---                       ---                       ---           
BEL_SW_CONFIG3      L3    Yes    GPIO72PB4/CLKIN_W_4/CCC_NW_CLKIN_W_4                   Bank4     LVCMOS33   Input         None                No                  ON             Up                                 No                                 OFF              ---                 ---                 ---              OFF          ---                ---                ---               ---                       ---                       ---           
BEL_SW_CONFIG4      K3    Yes    GPIO73NB4/DQS                                          Bank4     LVCMOS33   Input         None                No                  ON             Up                                 No                                 OFF              ---                 ---                 ---              OFF          ---                ---                ---               ---                       ---                       ---           
BEL_SW_CONFIG5      J3    Yes    GPIO73PB4/DQS                                          Bank4     LVCMOS33   Input         None                No                  ON             Up                                 No                                 OFF              ---                 ---                 ---              OFF          ---                ---                ---               ---                       ---                       ---           
BEL_SW_CONFIG6      G5    Yes    GPIO81PB4/CLKIN_W_0/CCC_SW_CLKIN_W_0                   Bank4     LVCMOS33   Input         None                No                  ON             Up                                 No                                 OFF              ---                 ---                 ---              OFF          ---                ---                ---               ---                       ---                       ---           
BEL_SW_CONFIG7      F5    Yes    GPIO81NB4                                              Bank4     LVCMOS33   Input         None                No                  ON             Up                                 No                                 OFF              ---                 ---                 ---              OFF          ---                ---                ---               ---                       ---                       ---           
BMENLP_CNTL         A2    Yes    GPIO84PB2/DQS/CCC_SW_PLL1_OUT0                         Bank2     LVCMOS33   Output        None                No                  ON             None                               No                                 ---              ---                 ---                 ---              ---          OFF                8                  ---               5                         ---                       OFF           
BMENLP_LOC_CNTL     F16   Yes    GPIO17PB2/CCC_SE_CLKIN_S_11                            Bank2     LVCMOS33   Output        None                No                  ON             None                               No                                 ---              ---                 ---                 ---              ---          OFF                8                  ---               5                         ---                       OFF           
BMENLP_STATE        B13   Yes    GPIO2NB2/DQS                                           Bank2     LVCMOS33   Input         None                No                  ON             Up                                 No                                 OFF              ---                 ---                 ---              OFF          ---                ---                ---               ---                       ---                       ---           
CDOS_STS_N          D12   Yes    GPIO3NB2                                               Bank2     LVCMOS33   Input         None                No                  ON             Up                                 No                                 OFF              ---                 ---                 ---              OFF          ---                ---                ---               ---                       ---                       ---           
CMNR_STS_N          D14   Yes    GPIO4PB2/LPRB_A                                        Bank2     LVCMOS33   Input         None                No                  ON             Up                                 No                                 OFF              ---                 ---                 ---              OFF          ---                ---                ---               ---                       ---                       ---           
CSPARESW1_N         J2    Yes    GPIO74NB4                                              Bank4     LVCMOS33   Input         None                No                  ON             Up                                 No                                 OFF              ---                 ---                 ---              OFF          ---                ---                ---               ---                       ---                       ---           
CSPARESW2_N         H2    Yes    GPIO74PB4                                              Bank4     LVCMOS33   Input         None                No                  ON             Up                                 No                                 OFF              ---                 ---                 ---              OFF          ---                ---                ---               ---                       ---                       ---           
DC_MAIN_DOOR_SW_N   D13   Yes    GPIO4NB2/LPRB_B                                        Bank2     LVCMOS33   Input         None                No                  ON             Up                                 No                                 OFF              ---                 ---                 ---              OFF          ---                ---                ---               ---                       ---                       ---           
DISABLE_HDW_FPGA    T10   Yes    HSIO45PB0/DQS                                          Bank0     LVCMOS18   Input         None                No                  ON             Up                                 No                                 OFF              ---                 OFF                 120              OFF          ---                ---                ---               ---                       ---                       ---           
EMO_GOOD_N          A21   Yes    GPIO7NB2                                               Bank2     LVCMOS33   Input         None                No                  ON             Up                                 No                                 OFF              ---                 ---                 ---              OFF          ---                ---                ---               ---                       ---                       ---           
ETH_LED1            T7    Yes    HSIO55NB0                                              Bank0     LVCMOS18   Output        None                No                  ON             None                               No                                 ---              ---                 ---                 120              ---          OFF                8                  ---               5                         ---                       OFF           
ETH_LED2            T6    Yes    HSIO55PB0                                              Bank0     LVCMOS18   Output        None                No                  ON             None                               No                                 ---              ---                 ---                 120              ---          OFF                8                  ---               5                         ---                       OFF           
HDW_DBUG_ACTIVE     U5    Yes    HSIO59NB0                                              Bank0     LVCMOS18   Output        None                No                  ON             None                               No                                 ---              ---                 ---                 120              ---          OFF                8                  ---               5                         ---                       OFF           
HDW_DBUG_CS_N       W4    Yes    HSIO58PB0                                              Bank0     LVCMOS18   Output        None                No                  ON             None                               No                                 ---              ---                 ---                 120              ---          OFF                8                  ---               5                         ---                       OFF           
HDW_DBUG_HEADER2    V6    Yes    HSIO56NB0                                              Bank0     LVCMOS18   Output        None                No                  ON             None                               No                                 ---              ---                 ---                 120              ---          OFF                8                  ---               5                         ---                       OFF           
HDW_DBUG_HEADER4    V5    Yes    HSIO56PB0                                              Bank0     LVCMOS18   Output        None                No                  ON             None                               No                                 ---              ---                 ---                 120              ---          OFF                8                  ---               5                         ---                       OFF           
HDW_DBUG_HEADER6    V7    Yes    HSIO57NB0/DQS                                          Bank0     LVCMOS18   Output        None                No                  ON             None                               No                                 ---              ---                 ---                 120              ---          OFF                8                  ---               5                         ---                       OFF           
HDW_DBUG_HEADER8    U7    Yes    HSIO57PB0/DQS                                          Bank0     LVCMOS18   Output        None                No                  ON             None                               No                                 ---              ---                 ---                 120              ---          OFF                8                  ---               5                         ---                       OFF           
HDW_DBUG_HEADER10   V4    Yes    HSIO58NB0                                              Bank0     LVCMOS18   Output        None                No                  ON             None                               No                                 ---              ---                 ---                 120              ---          OFF                8                  ---               5                         ---                       OFF           
HDW_DBUG_MISO       W1    Yes    HSIO60NB0                                              Bank0     LVCMOS18   Input         None                No                  ON             Up                                 No                                 OFF              ---                 OFF                 120              OFF          ---                ---                ---               ---                       ---                       ---           
HDW_DBUG_MOSI       U4    Yes    HSIO59PB0                                              Bank0     LVCMOS18   Output        None                No                  ON             None                               No                                 ---              ---                 ---                 120              ---          OFF                8                  ---               5                         ---                       OFF           
HDW_DBUG_SCLK       W2    Yes    HSIO60PB0/CLKIN_N_3/CCC_NW_CLKIN_N_3                   Bank0     LVCMOS18   Input         None                No                  ON             Up                                 No                                 OFF              ---                 OFF                 120              OFF          ---                ---                ---               ---                       ---                       ---           
HDW_DEVRST_N        D16   Yes    GPIO14NB2/DQS                                          Bank2     LVCMOS33   Input         None                No                  ON             Up                                 No                                 OFF              ---                 ---                 ---              OFF          ---                ---                ---               ---                       ---                       ---           
HDW_EEP_CS_N        U19   Yes    HSIO30PB1                                              Bank1     LVCMOS18   Output        None                No                  ON             None                               No                                 ---              ---                 ---                 120              ---          OFF                8                  ---               5                         ---                       OFF           
HDW_EEP_SCLK        V19   Yes    HSIO30NB1                                              Bank1     LVCMOS18   Output        None                No                  ON             None                               No                                 ---              ---                 ---                 120              ---          OFF                8                  ---               5                         ---                       OFF           
HDW_EEP_SDI         V17   Yes    HSIO31NB1                                              Bank1     LVCMOS18   Output        None                No                  ON             None                               No                                 ---              ---                 ---                 120              ---          OFF                8                  ---               5                         ---                       OFF           
HDW_EEP_SDO         V16   Yes    HSIO31PB1                                              Bank1     LVCMOS18   Input         None                No                  ON             Up                                 No                                 OFF              ---                 OFF                 120              OFF          ---                ---                ---               ---                       ---                       ---           
HDW_FPGA_50M_CLK    Y1    Yes    HSIO65PB0/CCC_NW_CLKIN_N_0                             Bank0     LVCMOS18   Input         None                No                  ON             Up                                 No                                 OFF              ---                 OFF                 120              OFF          ---                ---                ---               ---                       ---                       ---           
HDW_FPGA_100M_CLK   B3    Yes    GPIO87PB2/CLKIN_S_3/CCC_SW_CLKIN_S_3                   Bank2     LVCMOS33   Input         None                No                  ON             Up                                 No                                 OFF              ---                 ---                 ---              OFF          ---                ---                ---               ---                       ---                       ---           
HDW_FPGA_DONE       J4    Yes    GPIO75NB4                                              Bank4     LVCMOS33   Output        None                No                  ON             None                               No                                 ---              ---                 ---                 ---              ---          OFF                8                  ---               5                         ---                       OFF           
HDW_FPGA_STAT_LED1  T1    Yes    GPIO66NB4                                              Bank4     LVCMOS33   Output        None                No                  ON             None                               No                                 ---              ---                 ---                 ---              ---          OFF                8                  ---               5                         ---                       OFF           
HDW_FPGA_STAT_LED2  R1    Yes    GPIO66PB4/CLKIN_W_7/CCC_NW_CLKIN_W_7/CCC_NW_PLL0_OUT0  Bank4     LVCMOS33   Output        None                No                  ON             None                               No                                 ---              ---                 ---                 ---              ---          OFF                8                  ---               5                         ---                       OFF           
HDW_GANT_ROT_EN     B21   Yes    GPIO8PB2/DQS/CCC_SE_PLL0_OUT0                          Bank2     LVCMOS33   Output        None                No                  ON             None                               No                                 ---              ---                 ---                 ---              ---          OFF                8                  ---               5                         ---                       OFF           
HSSB_PMII_CLK       V21   Yes    HSIO18PB1/CCC_NE_CLKIN_N_11                            Bank1     LVCMOS18   Output        None                No                  ON             None                               No                                 ---              ---                 ---                 120              ---          OFF                8                  ---               5                         ---                       OFF           
HSSB_PMII_RESET_N   V20   Yes    HSIO18NB1                                              Bank1     LVCMOS18   Output        None                No                  ON             None                               No                                 ---              ---                 ---                 120              ---          OFF                8                  ---               5                         ---                       OFF           
HSSB_PMII_RX_DATA0  Y20   Yes    HSIO22NB1                                              Bank1     LVCMOS18   Output        None                No                  ON             None                               No                                 ---              ---                 ---                 120              ---          OFF                8                  ---               5                         ---                       OFF           
HSSB_PMII_RX_DATA1  AA20  Yes    HSIO22PB1                                              Bank1     LVCMOS18   Output        None                No                  ON             None                               No                                 ---              ---                 ---                 120              ---          OFF                8                  ---               5                         ---                       OFF           
HSSB_PMII_RX_DATA2  AB21  Yes    HSIO23NB1                                              Bank1     LVCMOS18   Output        None                No                  ON             None                               No                                 ---              ---                 ---                 120              ---          OFF                8                  ---               5                         ---                       OFF           
HSSB_PMII_RX_DATA3  AB20  Yes    HSIO23PB1                                              Bank1     LVCMOS18   Output        None                No                  ON             None                               No                                 ---              ---                 ---                 120              ---          OFF                8                  ---               5                         ---                       OFF           
HSSB_PMII_RX_DV     Y21   Yes    HSIO21PB1/DQS/CCC_NE_PLL0_OUT0                         Bank1     LVCMOS18   Output        None                No                  ON             None                               No                                 ---              ---                 ---                 120              ---          OFF                8                  ---               5                         ---                       OFF           
HSSB_PMII_TX_DATA0  V22   Yes    HSIO19NB1                                              Bank1     LVCMOS18   Input         None                No                  ON             Up                                 No                                 OFF              ---                 OFF                 120              OFF          ---                ---                ---               ---                       ---                       ---           
HSSB_PMII_TX_DATA1  W22   Yes    HSIO19PB1/CCC_NE_PLL0_OUT1                             Bank1     LVCMOS18   Input         None                No                  ON             Up                                 No                                 OFF              ---                 OFF                 120              OFF          ---                ---                ---               ---                       ---                       ---           
HSSB_PMII_TX_DATA2  AA22  Yes    HSIO20NB1                                              Bank1     LVCMOS18   Input         None                No                  ON             Up                                 No                                 OFF              ---                 OFF                 120              OFF          ---                ---                ---               ---                       ---                       ---           
HSSB_PMII_TX_DATA3  AA21  Yes    HSIO20PB1/CCC_NE_CLKIN_N_10/CCC_NE_PLL0_OUT0           Bank1     LVCMOS18   Input         None                No                  ON             Up                                 No                                 OFF              ---                 OFF                 120              OFF          ---                ---                ---               ---                       ---                       ---           
HSSB_PMII_TX_EN     W21   Yes    HSIO21NB1/DQS                                          Bank1     LVCMOS18   Input         None                No                  ON             Up                                 No                                 OFF              ---                 OFF                 120              OFF          ---                ---                ---               ---                       ---                       ---           
KVBEL_SW_CONFIG0    F1    Yes    GPIO77NB4                                              Bank4     LVCMOS33   Input         None                No                  ON             Up                                 No                                 OFF              ---                 ---                 ---              OFF          ---                ---                ---               ---                       ---                       ---           
KVBEL_SW_CONFIG1    E1    Yes    GPIO77PB4/CLKIN_W_2/CCC_SW_CLKIN_W_2/CCC_SW_PLL0_OUT0  Bank4     LVCMOS33   Input         None                No                  ON             Up                                 No                                 OFF              ---                 ---                 ---              OFF          ---                ---                ---               ---                       ---                       ---           
KVBEL_SW_CONFIG2    G3    Yes    GPIO78NB4                                              Bank4     LVCMOS33   Input         None                No                  ON             Up                                 No                                 OFF              ---                 ---                 ---              OFF          ---                ---                ---               ---                       ---                       ---           
KVBEL_SW_CONFIG3    G4    Yes    GPIO78PB4/CLKIN_W_1/CCC_SW_CLKIN_W_1                   Bank4     LVCMOS33   Input         None                No                  ON             Up                                 No                                 OFF              ---                 ---                 ---              OFF          ---                ---                ---               ---                       ---                       ---           
KVBEL_SW_CONFIG4    D1    Yes    GPIO79NB4/DQS                                          Bank4     LVCMOS33   Input         None                No                  ON             Up                                 No                                 OFF              ---                 ---                 ---              OFF          ---                ---                ---               ---                       ---                       ---           
KVBEL_SW_CONFIG5    D2    Yes    GPIO79PB4/DQS/CCC_SW_PLL0_OUT0                         Bank4     LVCMOS33   Input         None                No                  ON             Up                                 No                                 OFF              ---                 ---                 ---              OFF          ---                ---                ---               ---                       ---                       ---           
KVBEL_SW_CONFIG6    F3    Yes    GPIO80NB4                                              Bank4     LVCMOS33   Input         None                No                  ON             Up                                 No                                 OFF              ---                 ---                 ---              OFF          ---                ---                ---               ---                       ---                       ---           
KVBEL_SW_CONFIG7    E3    Yes    GPIO80PB4                                              Bank4     LVCMOS33   Input         None                No                  ON             Up                                 No                                 OFF              ---                 ---                 ---              OFF          ---                ---                ---               ---                       ---                       ---           
KVBMENLP_CNTL       A3    Yes    GPIO84NB2/DQS                                          Bank2     LVCMOS33   Output        None                No                  ON             None                               No                                 ---              ---                 ---                 ---              ---          OFF                8                  ---               5                         ---                       OFF           
KVBMENLP_STATE      B22   Yes    GPIO8NB2/DQS                                           Bank2     LVCMOS33   Input         None                No                  ON             Up                                 No                                 OFF              ---                 ---                 ---              OFF          ---                ---                ---               ---                       ---                       ---           
LS_ERROR_N          B7    Yes    GPIO93NB2                                              Bank2     LVCMOS33   Input         None                No                  ON             Up                                 No                                 OFF              ---                 ---                 ---              OFF          ---                ---                ---               ---                       ---                       ---           
LS_OSSD1_N          A7    Yes    GPIO93PB2                                              Bank2     LVCMOS33   Input         None                No                  ON             Up                                 No                                 OFF              ---                 ---                 ---              OFF          ---                ---                ---               ---                       ---                       ---           
MEL_SW_CONFIG0      R4    Yes    GPIO67NB4/DQS                                          Bank4     LVCMOS33   Input         None                No                  ON             Up                                 No                                 OFF              ---                 ---                 ---              OFF          ---                ---                ---               ---                       ---                       ---           
MEL_SW_CONFIG1      R3    Yes    GPIO67PB4/DQS                                          Bank4     LVCMOS33   Input         None                No                  ON             Up                                 No                                 OFF              ---                 ---                 ---              OFF          ---                ---                ---               ---                       ---                       ---           
MEL_SW_CONFIG2      M4    Yes    GPIO68NB4                                              Bank4     LVCMOS33   Input         None                No                  ON             Up                                 No                                 OFF              ---                 ---                 ---              OFF          ---                ---                ---               ---                       ---                       ---           
MEL_SW_CONFIG3      M5    Yes    GPIO68PB4/CLKIN_W_6/CCC_NW_CLKIN_W_6/CCC_NW_PLL0_OUT1  Bank4     LVCMOS33   Input         None                No                  ON             Up                                 No                                 OFF              ---                 ---                 ---              OFF          ---                ---                ---               ---                       ---                       ---           
MEL_SW_CONFIG4      P2    Yes    GPIO69NB4/DQS                                          Bank4     LVCMOS33   Input         None                No                  ON             Up                                 No                                 OFF              ---                 ---                 ---              OFF          ---                ---                ---               ---                       ---                       ---           
MEL_SW_CONFIG5      N2    Yes    GPIO69PB4/DQS/CCC_NW_PLL0_OUT0                         Bank4     LVCMOS33   Input         None                No                  ON             Up                                 No                                 OFF              ---                 ---                 ---              OFF          ---                ---                ---               ---                       ---                       ---           
MEL_SW_CONFIG6      L1    Yes    GPIO70NB4                                              Bank4     LVCMOS33   Input         None                No                  ON             Up                                 No                                 OFF              ---                 ---                 ---              OFF          ---                ---                ---               ---                       ---                       ---           
MEL_SW_CONFIG7      K1    Yes    GPIO70PB4                                              Bank4     LVCMOS33   Input         None                No                  ON             Up                                 No                                 OFF              ---                 ---                 ---              OFF          ---                ---                ---               ---                       ---                       ---           
MTNENLP_CCH_STATE   D19   Yes    GPIO15PB2/CCC_SE_CLKIN_S_10/CCC_SE_PLL1_OUT0           Bank2     LVCMOS33   Input         None                No                  ON             Up                                 No                                 OFF              ---                 ---                 ---              OFF          ---                ---                ---               ---                       ---                       ---           
MTNENLP_CNTL        C1    Yes    GPIO83PB2/CCC_SW_CLKIN_S_1                             Bank2     LVCMOS33   Output        None                No                  ON             None                               No                                 ---              ---                 ---                 ---              ---          OFF                8                  ---               5                         ---                       OFF           
MTNENLP_DKB_STATE   D18   Yes    GPIO15NB2                                              Bank2     LVCMOS33   Input         None                No                  ON             Up                                 No                                 OFF              ---                 ---                 ---              OFF          ---                ---                ---               ---                       ---                       ---           
MTNENLP_LOC_CNTL    E15   Yes    GPIO16NB2                                              Bank2     LVCMOS33   Output        None                No                  ON             None                               No                                 ---              ---                 ---                 ---              ---          OFF                8                  ---               5                         ---                       OFF           
MTNENLP_STATE       F15   Yes    GPIO16PB2/CCC_SE_PLL1_OUT1                             Bank2     LVCMOS33   Input         None                No                  ON             Up                                 No                                 OFF              ---                 ---                 ---              OFF          ---                ---                ---               ---                       ---                       ---           
NEUTRON_DR_SW1_N    A12   Yes    GPIO5PB2/CLKIN_S_7                                     Bank2     LVCMOS33   Input         None                No                  ON             Up                                 No                                 OFF              ---                 ---                 ---              OFF          ---                ---                ---               ---                       ---                       ---           
NEUTRON_DR_SW2_N    B12   Yes    GPIO5NB2                                               Bank2     LVCMOS33   Input         None                No                  ON             Up                                 No                                 OFF              ---                 ---                 ---              OFF          ---                ---                ---               ---                       ---                       ---           
PENDANT_INST        E19   Yes    GPIO13PB2                                              Bank2     LVCMOS33   Input         None                No                  ON             Up                                 No                                 OFF              ---                 ---                 ---              OFF          ---                ---                ---               ---                       ---                       ---           
PENDANT_MEB_N       E18   Yes    GPIO13NB2                                              Bank2     LVCMOS33   Input         None                No                  ON             Up                                 No                                 OFF              ---                 ---                 ---              OFF          ---                ---                ---               ---                       ---                       ---           
PHY_MDC             W3    Yes    HSIO61PB0/CCC_NW_PLL1_OUT1                             Bank0     LVCMOS18   Output        None                No                  ON             None                               No                                 ---              ---                 ---                 120              ---          OFF                8                  ---               5                         ---                       OFF           
PHY_MDIO            Y3    Yes    HSIO61NB0                                              Bank0     LVCMOS18   Inout         None                No                  ON             Up                                 No                                 OFF              ---                 OFF                 120              OFF          OFF                8                  ---               5                         ---                       OFF           
PHY_RMII_RX_DATA0   U3    Yes    HSIO64PB0/CCC_NW_CLKIN_N_1                             Bank0     LVCMOS18   Input         None                No                  ON             Up                                 No                                 OFF              ---                 OFF                 120              OFF          ---                ---                ---               ---                       ---                       ---           
PHY_RMII_RX_DATA1   U2    Yes    HSIO64NB0                                              Bank0     LVCMOS18   Input         None                No                  ON             Up                                 No                                 OFF              ---                 OFF                 120              OFF          ---                ---                ---               ---                       ---                       ---           
PHY_RMII_RX_DV      AA1   Yes    HSIO65NB0                                              Bank0     LVCMOS18   Input         None                No                  ON             Up                                 No                                 OFF              ---                 OFF                 120              OFF          ---                ---                ---               ---                       ---                       ---           
PHY_RMII_TX_DATA0   V2    Yes    HSIO63PB0/DQS/CCC_NW_PLL1_OUT0                         Bank0     LVCMOS18   Output        None                No                  ON             None                               No                                 ---              ---                 ---                 120              ---          OFF                8                  ---               5                         ---                       OFF           
PHY_RMII_TX_DATA1   V1    Yes    HSIO63NB0/DQS                                          Bank0     LVCMOS18   Output        None                No                  ON             None                               No                                 ---              ---                 ---                 120              ---          OFF                8                  ---               5                         ---                       OFF           
PHY_RMII_TX_EN      AA2   Yes    HSIO62PB0/CLKIN_N_2/CCC_NW_CLKIN_N_2/CCC_NW_PLL1_OUT0  Bank0     LVCMOS18   Output        None                No                  ON             None                               No                                 ---              ---                 ---                 120              ---          OFF                8                  ---               5                         ---                       OFF           
PHY_RST_N           AB2   Yes    HSIO62NB0                                              Bank0     LVCMOS18   Output        None                No                  ON             None                               No                                 ---              ---                 ---                 120              ---          OFF                8                  ---               5                         ---                       OFF           
PWRENLP_CNTL        B1    Yes    GPIO83NB2                                              Bank2     LVCMOS33   Output        None                No                  ON             None                               No                                 ---              ---                 ---                 ---              ---          OFF                8                  ---               5                         ---                       OFF           
PWRENLP_LOC_CNTL    E16   Yes    GPIO17NB2                                              Bank2     LVCMOS33   Output        None                No                  ON             None                               No                                 ---              ---                 ---                 ---              ---          OFF                8                  ---               5                         ---                       OFF           
PWRENLP_STATE       D17   Yes    GPIO14PB2/DQS/CCC_SE_PLL1_OUT0                         Bank2     LVCMOS33   Input         None                No                  ON             Up                                 No                                 OFF              ---                 ---                 ---              OFF          ---                ---                ---               ---                       ---                       ---           
SPD_AC_DR_N         A13   Yes    GPIO2PB2/DQS                                           Bank2     LVCMOS33   Input         None                No                  ON             Up                                 No                                 OFF              ---                 ---                 ---              OFF          ---                ---                ---               ---                       ---                       ---           
TP85                T17   Yes    HSIO33NB1/DQS                                          Bank1     LVCMOS18   Output        None                No                  ON             None                               No                                 ---              ---                 ---                 120              ---          OFF                8                  ---               5                         ---                       OFF           
TP86                R16   Yes    HSIO35PB1                                              Bank1     LVCMOS18   Output        None                No                  ON             None                               No                                 ---              ---                 ---                 120              ---          OFF                8                  ---               5                         ---                       OFF           
TP88                R15   Yes    HSIO35NB1                                              Bank1     LVCMOS18   Output        None                No                  ON             None                               No                                 ---              ---                 ---                 120              ---          OFF                8                  ---               5                         ---                       OFF           
TP89                T16   Yes    HSIO33PB1/DQS                                          Bank1     LVCMOS18   Output        None                No                  ON             None                               No                                 ---              ---                 ---                 120              ---          OFF                8                  ---               5                         ---                       OFF           
TP91                U15   Yes    HSIO34NB1                                              Bank1     LVCMOS18   Output        None                No                  ON             None                               No                                 ---              ---                 ---                 120              ---          OFF                8                  ---               5                         ---                       OFF           
TP92                T15   Yes    HSIO34PB1                                              Bank1     LVCMOS18   Output        None                No                  ON             None                               No                                 ---              ---                 ---                 120              ---          OFF                8                  ---               5                         ---                       OFF           
TP93                U12   Yes    HSIO36PB1/CLKIN_N_7                                    Bank1     LVCMOS18   Output        None                No                  ON             None                               No                                 ---              ---                 ---                 120              ---          OFF                8                  ---               5                         ---                       OFF           
TP94                V12   Yes    HSIO36NB1                                              Bank1     LVCMOS18   Output        None                No                  ON             None                               No                                 ---              ---                 ---                 120              ---          OFF                8                  ---               5                         ---                       OFF           
TP95                R12   Yes    HSIO42PB0/CLKIN_N_5                                    Bank0     LVCMOS18   Output        None                No                  ON             None                               No                                 ---              ---                 ---                 120              ---          OFF                8                  ---               5                         ---                       OFF           
TP96                V11   Yes    HSIO43PB0                                              Bank0     LVCMOS18   Output        None                No                  ON             None                               No                                 ---              ---                 ---                 120              ---          OFF                8                  ---               5                         ---                       OFF           
TP97                R11   Yes    HSIO42NB0                                              Bank0     LVCMOS18   Output        None                No                  ON             None                               No                                 ---              ---                 ---                 120              ---          OFF                8                  ---               5                         ---                       OFF           
TP98                V10   Yes    HSIO43NB0                                              Bank0     LVCMOS18   Output        None                No                  ON             None                               No                                 ---              ---                 ---                 120              ---          OFF                8                  ---               5                         ---                       OFF           
TP99                AA6   Yes    HSIO49PB0                                              Bank0     LVCMOS18   Output        None                No                  ON             None                               No                                 ---              ---                 ---                 120              ---          OFF                8                  ---               5                         ---                       OFF           
TP100               AA7   Yes    HSIO49NB0                                              Bank0     LVCMOS18   Output        None                No                  ON             None                               No                                 ---              ---                 ---                 120              ---          OFF                8                  ---               5                         ---                       OFF           
TP101               Y4    Yes    HSIO50PB0                                              Bank0     LVCMOS18   Output        None                No                  ON             None                               No                                 ---              ---                 ---                 120              ---          OFF                8                  ---               5                         ---                       OFF           
TP102               AA5   Yes    HSIO50NB0                                              Bank0     LVCMOS18   Output        None                No                  ON             None                               No                                 ---              ---                 ---                 120              ---          OFF                8                  ---               5                         ---                       OFF           
TP140               D22   Yes    GPIO9NB2                                               Bank2     LVCMOS33   Output        None                No                  ON             None                               No                                 ---              ---                 ---                 ---              ---          OFF                8                  ---               5                         ---                       OFF           
TP141               C22   Yes    GPIO9PB2/CLKIN_S_8/CCC_SE_CLKIN_S_8/CCC_SE_PLL0_OUT0   Bank2     LVCMOS33   Output        None                No                  ON             None                               No                                 ---              ---                 ---                 ---              ---          OFF                8                  ---               5                         ---                       OFF           
TP142               D21   Yes    GPIO11PB2/CLKIN_S_9/CCC_SE_CLKIN_S_9                   Bank2     LVCMOS33   Output        None                No                  ON             None                               No                                 ---              ---                 ---                 ---              ---          OFF                8                  ---               5                         ---                       OFF           
TP143               D20   Yes    GPIO11NB2                                              Bank2     LVCMOS33   Output        None                No                  ON             None                               No                                 ---              ---                 ---                 ---              ---          OFF                8                  ---               5                         ---                       OFF           
TP144               C20   Yes    GPIO10PB2/CCC_SE_PLL0_OUT1                             Bank2     LVCMOS33   Output        None                No                  ON             None                               No                                 ---              ---                 ---                 ---              ---          OFF                8                  ---               5                         ---                       OFF           
TP145               C19   Yes    GPIO10NB2                                              Bank2     LVCMOS33   Output        None                No                  ON             None                               No                                 ---              ---                 ---                 ---              ---          OFF                8                  ---               5                         ---                       OFF           
TP146               G17   Yes    GPIO12NB2                                              Bank2     LVCMOS33   Output        None                No                  ON             None                               No                                 ---              ---                 ---                 ---              ---          OFF                8                  ---               5                         ---                       OFF           
TP147               F17   Yes    GPIO12PB2                                              Bank2     LVCMOS33   Output        None                No                  ON             None                               No                                 ---              ---                 ---                 ---              ---          OFF                8                  ---               5                         ---                       OFF           
TP148               C6    Yes    GPIO90NB2/DQS                                          Bank2     LVCMOS33   Output        None                No                  ON             None                               No                                 ---              ---                 ---                 ---              ---          OFF                8                  ---               5                         ---                       OFF           
TP149               D6    Yes    GPIO90PB2/DQS                                          Bank2     LVCMOS33   Output        None                No                  ON             None                               No                                 ---              ---                 ---                 ---              ---          OFF                8                  ---               5                         ---                       OFF           
TP150               E6    Yes    GPIO88NB2                                              Bank2     LVCMOS33   Output        None                No                  ON             None                               No                                 ---              ---                 ---                 ---              ---          OFF                8                  ---               5                         ---                       OFF           
TP151               A6    Yes    GPIO91NB2                                              Bank2     LVCMOS33   Output        None                No                  ON             None                               No                                 ---              ---                 ---                 ---              ---          OFF                8                  ---               5                         ---                       OFF           
TP152               B5    Yes    GPIO89NB2                                              Bank2     LVCMOS33   Output        None                No                  ON             None                               No                                 ---              ---                 ---                 ---              ---          OFF                8                  ---               5                         ---                       OFF           
TP153               A5    Yes    GPIO91PB2                                              Bank2     LVCMOS33   Output        None                No                  ON             None                               No                                 ---              ---                 ---                 ---              ---          OFF                8                  ---               5                         ---                       OFF           
TP154               E5    Yes    GPIO88PB2                                              Bank2     LVCMOS33   Output        None                No                  ON             None                               No                                 ---              ---                 ---                 ---              ---          OFF                8                  ---               5                         ---                       OFF           
TP155               C5    Yes    GPIO89PB2                                              Bank2     LVCMOS33   Output        None                No                  ON             None                               No                                 ---              ---                 ---                 ---              ---          OFF                8                  ---               5                         ---                       OFF           
