
Copyright (C) 1994-2023 Synopsys, Inc.
This Synopsys software and all associated documentation are proprietary to Synopsys, Inc.
and may only be used pursuant to the terms and conditions of a written license agreement
with Synopsys, Inc. All other use, reproduction, modification, or distribution of the
Synopsys software or the associated documentation is strictly prohibited.
Tool: Synplify Pro (R)
Build: V-2023.09M-3
Install: C:\Microchip\Libero_SoC_v2024.2\SynplifyPro
OS: Windows 10 or later
Hostname: LAPTOP-6FQD1N4B

Implementation : synthesis

# Written on Sat Aug 16 12:35:50 2025

##### DESIGN INFO #######################################################

Top View:                "mezz_fifo"
Constraint File(s):      "C:\repo1\gpb\stn\fpga_hw\designer\mezz_fifo\synthesis.fdc"




##### SUMMARY ############################################################

Found 0 issues in 0 out of 0 constraints


##### DETAILS ############################################################



Clock Relationships
*******************

Starting     Ending     |     rise to rise     |     fall to fall     |     rise to fall     |     fall to rise                     
-----------------------------------------------------------------------------------------------------------------------------------
===================================================================================================================================
 Note: 'No paths' indicates there are no paths in the design for that pair of clock edges.
       'Diff grp' indicates that paths exist but the starting clock and ending clock are in different clock groups.


Unconstrained Start/End Points
******************************

p:AEMPTY
p:DATA[0]
p:DATA[1]
p:DATA[2]
p:DATA[3]
p:DVLD
p:EMPTY
p:FULL
p:Q[0]
p:Q[1]
p:Q[2]
p:Q[3]
p:RCLOCK
p:RE
p:RESET
p:WCLOCK
p:WE


Inapplicable constraints
************************

(none)


Applicable constraints with issues
**********************************

(none)


Constraints with matching wildcard expressions
**********************************************

(none)


Library Report
**************


# End of Constraint Checker Report
