
Copyright (C) 1994-2023 Synopsys, Inc.
This Synopsys software and all associated documentation are proprietary to Synopsys, Inc.
and may only be used pursuant to the terms and conditions of a written license agreement
with Synopsys, Inc. All other use, reproduction, modification, or distribution of the
Synopsys software or the associated documentation is strictly prohibited.
Tool: Synplify Pro (R)
Build: V-2023.09M-3
Install: C:\Microchip\Libero_SoC_v2024.2\SynplifyPro
OS: Windows 10 or later
Hostname: LAPTOP-6FQD1N4B

Implementation : synthesis

# Written on Sat Aug 16 13:39:40 2025

##### FILES SYNTAX CHECKED ##############################################
Constraint File(s):      "C:\repo1\gpb\stn\fpga_hw\designer\phy_ctrl_rmii\synthesis.fdc"

#Run constraint checker to find more issues with constraints.
#########################################################################



No issues found in constraint syntax.



Clock Summary
*************

          Start                        Requested     Requested     Clock        Clock          Clock
Level     Clock                        Frequency     Period        Type         Group          Load 
----------------------------------------------------------------------------------------------------
0 -       phy_ctrl_rmii|sysclk         100.0 MHz     10.000        inferred     (multiple)     77   
                                                                                                    
0 -       phy_ctrl_rmii|phy_tx_clk     100.0 MHz     10.000        inferred     (multiple)     43   
                                                                                                    
0 -       phy_ctrl_rmii|phy_rx_clk     100.0 MHz     10.000        inferred     (multiple)     37   
====================================================================================================


Clock Load Summary
******************

                             Clock     Source               Clock Pin                  Non-clock Pin     Non-clock Pin
Clock                        Load      Pin                  Seq Example                Seq Example       Comb Example 
----------------------------------------------------------------------------------------------------------------------
phy_ctrl_rmii|sysclk         77        sysclk(port)         rx_fifo.fifo_read_en.C     -                 I_1.A(CLKINT)
                                                                                                                      
phy_ctrl_rmii|phy_tx_clk     43        phy_tx_clk(port)     tx_fifo.fifo_dvld_p.C      -                 I_2.A(CLKINT)
                                                                                                                      
phy_ctrl_rmii|phy_rx_clk     37        phy_rx_clk(port)     rx_fifo.rx_fifo_we.C       -                 I_3.A(CLKINT)
======================================================================================================================
