
Copyright (C) 1994-2023 Synopsys, Inc.
This Synopsys software and all associated documentation are proprietary to Synopsys, Inc.
and may only be used pursuant to the terms and conditions of a written license agreement
with Synopsys, Inc. All other use, reproduction, modification, or distribution of the
Synopsys software or the associated documentation is strictly prohibited.
Tool: Synplify Pro (R)
Build: V-2023.09M-3
Install: C:\Microchip\Libero_SoC_v2024.2\SynplifyPro
OS: Windows 10 or later
Hostname: LAPTOP-6FQD1N4B

Implementation : synthesis

# Written on Fri Oct 17 10:53:26 2025

##### FILES SYNTAX CHECKED ##############################################
Constraint File(s):      "C:\repo1\gpb\stn\fpga_hw\designer\top_hw\synthesis.fdc"

#Run constraint checker to find more issues with constraints.
#########################################################################



No issues found in constraint syntax.



Clock Summary
*************

          Start                                 Requested     Requested     Clock        Clock                     Clock
Level     Clock                                 Frequency     Period        Type         Group                     Load 
------------------------------------------------------------------------------------------------------------------------
0 -       clk_100mhz                            100.0 MHz     10.000        declared     default_clkgroup          2067 
                                                                                                                        
0 -       clk_50mhz                             50.0 MHz      20.000        declared     default_clkgroup          324  
                                                                                                                        
0 -       CLOCK_DIV_7|N_1_inferred_clock        100.0 MHz     10.000        inferred     Inferred_clkgroup_0_3     126  
                                                                                                                        
0 -       CLOCK_DIV_4|clkout_inferred_clock     100.0 MHz     10.000        inferred     Inferred_clkgroup_0_1     50   
                                                                                                                        
0 -       top_hw|HDW_DBUG_MISO                  100.0 MHz     10.000        inferred     Inferred_clkgroup_0_4     26   
                                                                                                                        
0 -       CLOCK_DIV_8|N_1_inferred_clock        100.0 MHz     10.000        inferred     Inferred_clkgroup_0_2     4    
========================================================================================================================


Clock Load Summary
******************

                                      Clock     Source                                        Clock Pin                                                Non-clock Pin                Non-clock Pin                           
Clock                                 Load      Pin                                           Seq Example                                              Seq Example                  Comb Example                            
----------------------------------------------------------------------------------------------------------------------------------------------------------------------------------------------------------------------------
clk_100mhz                            2067      HDW_FPGA_100M_CLK(port)                       opb_wakeup.C                                             -                            I_2.A(CLKINT)                           
                                                                                                                                                                                                                            
clk_50mhz                             324       HDW_FPGA_50M_CLK(port)                        phy_if_0.tx_start_sync1.C                                -                            I_3.A(CLKINT)                           
                                                                                                                                                                                                                            
CLOCK_DIV_7|N_1_inferred_clock        126       clkgen_25mhz.clkout.Q[0](dffre)               phy_if_0.smii_read_data_reg[24:0].C                      clkgen_25mhz.clkout.D[0]     clkgen_25mhz.clkout_2.I[0](inv)         
                                                                                                                                                                                                                            
CLOCK_DIV_4|clkout_inferred_clock     50        u_clkgen.pulse2khz_div.clkout.Q[0](dffre)     u_cmd_server.opb_emu_target_inst.clkgen_1hz.clkout.C     -                            u_clkgen.pulse2khz_div.CLK_OUT.B[0](mux)
                                                                                                                                                                                                                            
top_hw|HDW_DBUG_MISO                  26        HDW_DBUG_MISO(port)                           oscillator_counter_1.cntr_trig.C                         -                            I_4.A(CLKINT)                           
                                                                                                                                                                                                                            
CLOCK_DIV_8|N_1_inferred_clock        4         clkgen_2khz.clkout.Q[0](dffre)                seconds[3:0].C                                           clkgen_2khz.clkout.D[0]      HDW_FPGA_STAT_LED1.A[0](mux)            
============================================================================================================================================================================================================================
