{
"Synplify Pro (R) Job Log" : {
	"Date" : "13:03:38    05-Sep-2025",
	"Working Directory" : "C:/repo1/gpb/stn/fpga_app/synthesis",
	"Install" : "C:/Microchip/Libero_SoC_v2024.2/SynplifyPro"
},
"synthesis" :{
   "Job Flow" : "Sequential",
   "Start Time" : "13:02:27",
   "Runtime" : "01m:11s",
   "Executable Run Time" : "01m:09s",
   "synthesis" : {
      "Job Flow" : "Sequential",
      "Start Time" : "13:02:27",
      "Runtime" : "01m:11s",
      "Executable Run Time" : "01m:09s",
      "compile" : {
         "Job Flow" : "Sequential",
         "Start Time" : "13:02:27",
         "Runtime" : "36s",
         "Executable Run Time" : "34s",
         "compile_flow" : {
            "Job Flow" : "Sequential",
            "Start Time" : "13:02:27",
            "Runtime" : "28s",
            "Executable Run Time" : "27s",
            "compiler" : {
               "executable" : "bin64/c_hdl.exe",
               "Run Directory" : "C:/repo1/gpb/stn/fpga_app/synthesis",
               "Run State" : "Complete",
               "Return Code" : "0",
               "Has Errors" : "no",
               "Run Start Time" : "13:02:27",
               "Run Time" : "27s",
               "Exe Run Time" : "26s",
               "Memory Usage" : "-",
               "Up-to-date (run skipped)" : "no"
            },
            "multi_srs_gen" : {
               "executable" : "bin64/syn_nfilter.exe",
               "Run Directory" : "C:/repo1/gpb/stn/fpga_app/synthesis",
               "Run State" : "Complete",
               "Return Code" : "0",
               "Has Errors" : "no",
               "Run Start Time" : "13:02:54",
               "Run Time" : "01s",
               "Exe Run Time" : "01s",
               "Memory Usage" : "-",
               "Up-to-date (run skipped)" : "no"
            }
         },
         "premap" : {
            "executable" : "bin64/m_generic.exe",
            "Run Directory" : "C:/repo1/gpb/stn/fpga_app/synthesis",
            "Run State" : "Complete",
            "Return Code" : "1",
            "Has Errors" : "no",
            "Run Start Time" : "13:02:55",
            "Run Time" : "08s",
            "Exe Run Time" : "07s",
            "Memory Usage" : "-",
            "Up-to-date (run skipped)" : "no"
         }
      },
      "map" : {
         "Job Flow" : "Sequential",
         "Start Time" : "13:03:03",
         "Runtime" : "35s",
         "Executable Run Time" : "35s",
         "fpga_mapper" : {
            "executable" : "bin64/m_generic.exe",
            "Run Directory" : "C:/repo1/gpb/stn/fpga_app/synthesis",
            "Run State" : "Complete",
            "Return Code" : "1",
            "Has Errors" : "no",
            "Run Start Time" : "13:03:03",
            "Run Time" : "35s",
            "Exe Run Time" : "35s",
            "Memory Usage" : "-",
            "Up-to-date (run skipped)" : "no"
         }
      }
   }
}
}