
Copyright (C) 1994-2023 Synopsys, Inc.
This Synopsys software and all associated documentation are proprietary to Synopsys, Inc.
and may only be used pursuant to the terms and conditions of a written license agreement
with Synopsys, Inc. All other use, reproduction, modification, or distribution of the
Synopsys software or the associated documentation is strictly prohibited.
Tool: Synplify Pro (R)
Build: V-2023.09M-3
Install: C:\Microchip\Libero_SoC_v2024.2\SynplifyPro
OS: Windows 10 or later
Hostname: LAPTOP-6FQD1N4B

Implementation : synthesis

# Written on Fri Sep  5 13:02:57 2025

##### FILES SYNTAX CHECKED ##############################################
Constraint File(s):      "C:\repo1\gpb\stn\fpga_app\designer\top_app\synthesis.fdc"

#Run constraint checker to find more issues with constraints.
#########################################################################



No issues found in constraint syntax.



Clock Summary
*************

          Start                                        Requested     Requested     Clock        Clock          Clock
Level     Clock                                        Frequency     Period        Type         Group          Load 
--------------------------------------------------------------------------------------------------------------------
0 -       top_app|APP_FPGA_100M_CLK                    100.0 MHz     10.000        inferred     (multiple)     9968 
                                                                                                                    
0 -       CLOCK_DIV_9|N_1_inferred_clock               100.0 MHz     10.000        inferred     (multiple)     102  
                                                                                                                    
0 -       ADC_ADS8864_IF|ram_wr_clk_inferred_clock     100.0 MHz     10.000        inferred     (multiple)     16   
                                                                                                                    
0 -       top_app|APP_DBUG_MISO                        100.0 MHz     10.000        inferred     (multiple)     13   
====================================================================================================================


Clock Load Summary
******************

                                             Clock     Source                            Clock Pin                            Non-clock Pin                   Non-clock Pin             
Clock                                        Load      Pin                               Seq Example                          Seq Example                     Comb Example              
----------------------------------------------------------------------------------------------------------------------------------------------------------------------------------------
top_app|APP_FPGA_100M_CLK                    9968      APP_FPGA_100M_CLK(port)           opb_wakeup.C                         u_adc.clk_aq_high[1:0].D[1]     I_1.A(CLKINT)             
                                                                                                                                                                                        
CLOCK_DIV_9|N_1_inferred_clock               102       u_dac.sclk.clkout.Q[0](dffre)     u_dac.data_in[23:0].C                u_dac.sclk.clkout.D[0]          u_dac.un1_clk_sd.I[0](inv)
                                                                                                                                                                                        
ADC_ADS8864_IF|ram_wr_clk_inferred_clock     16        u_adc.ram_wr_clk.Q[0](dffre)      u_adc.data_in_ram.ram[15:0].CLK      -                               -                         
                                                                                                                                                                                        
top_app|APP_DBUG_MISO                        13        APP_DBUG_MISO(port)               oscillator_counter_0.cntr_trig.C     -                               I_3.A(CLKINT)             
========================================================================================================================================================================================
