Software Version: 2024.2.0.13
creating folder: C:\repo1\gpb\stn\hw_fpga_product\hw_fpga_product
Programmer '04404' : JTAG TCK frequency = 1 MHz
Driver : 3.0.0 build 1
programmer '04404' : FlashPro4
Created new project 'C:\repo1\gpb\stn\hw_fpga_product\hw_fpga_product\hw_fpga_product.pro'
Construct Chain...
programmer '04404' : Scan Chain...
Programmer '04404' : JTAG TCK frequency = 1 MHz
Error: programmer '04404' : Signal Integrity Failure
       Integrity Check Pattern Not Found.
       Integrity Check Pattern :
       550FAAF000FF0000FFFF
       IrScan Error.
       TDO stuck at 0
       Chain Analysis Failed.
Error: programmer '04404' : Data Bit length : 3920
Error: programmer '04404' : Compare Data  : 00000000000000000000000000000000000000000000000000000000000000000000000000000000000000000000000000000000000000000000000000000000000000000000000000000000000000000000000000000000000000000000000000000000000000000000000000000000000000000000000000000000000000000000000000000000000000000000000000000000000000000000000000000000000000000000000000000000000000000000000000000000000000000000000000000000000000000000000000000000000000000000000000000000000000000000000000000000000000000000000000000000000000000000000000000000000000000000000000000000000000000000000000000000000000000000000000000000000000000000000000000000000000000000000000000000000000000000000000000000000000000000000000000000000000000000000000000000000000000000000000000000000000000000000000000000000000000000000000000000000000000000000000000000000000000000000000000000000000000000000000000000000000000000000000000000000000000000000000000000000000000000000000000000000000000000000000000000000000000000000000000000000000000000
Error: programmer '04404' : Scan Chain FAILED.
Error: Construct Chain FAILED.

Failed to create FlashPro Express Job Project.
