C:\Microchip\Libero_SoC_v2024.2\SynplifyPro\bin64\c_hdl.exe  -osyn  C:\repo1\gpb\stn\fpga_hw\synthesis\synwork\top_hw_comp.srs  -top  top_hw  -hdllog  C:\repo1\gpb\stn\fpga_hw\synthesis\synlog\top_hw_compiler.srr  -encrypt  -mp  4  -verification_mode 0  -vhdl  -prodtype  synplify_pro   -infer_seqShift -primux -dspmac -pqdpadd -fixsmult -sdff_counter -divnmod -nram  -actel -work_is_curlib 1  -encrypt  -pro  -dmgen  C:\repo1\gpb\stn\fpga_hw\synthesis\dm  -lite -ui -fid2 -ram -sharing on -ll 2000 -autosm  -vhdl2008 -work_is_curlib 1  -ignore_undefined_lib  -lib work C:\repo1\gpb\stn\fpga_hw\hdl\serial_eeprom_if_v2.vhd -lib work C:\repo1\gpb\stn\fpga_hw\hdl\SERIAL_MII.vhd -lib work C:\repo1\gpb\stn\fpga_hw\hdl\cmn_uart.vhd  -verilog  -prodtype  synplify_pro   -infer_seqShift -primux -dspmac -pqdpadd -fixsmult -sdff_counter -divnmod -nram  -actel   -I C:\repo1\gpb\stn\fpga_hw\hdl  -I C:\repo1\gpb\stn\fpga_hw\synthesis\  -I C:\Microchip\Libero_SoC_v2024.2\SynplifyPro\lib   -sysv  -devicelib  C:\Microchip\Libero_SoC_v2024.2\SynplifyPro\lib\generic\acg5.v  -encrypt  -pro  -dmgen  C:\repo1\gpb\stn\fpga_hw\synthesis\dm  -ui -fid2 -ram -sharing on -ll 2000 -autosm  -lib work C:\repo1\gpb\stn\fpga_hw\component\polarfire_syn_comps.v -lib work C:\repo1\gpb\stn\fpga_hw\hdl\ADDR_DECODE.v -lib work C:\repo1\gpb\stn\fpga_hw\hdl\APP_IF.v -lib work C:\repo1\gpb\stn\fpga_hw\hdl\CLOCK_DIV.V -lib work C:\repo1\gpb\stn\fpga_hw\hdl\ClkGen.v -lib work C:\repo1\gpb\stn\fpga_hw\hdl\EEPROM_OPB_IF_V2.v -lib work C:\repo1\gpb\stn\fpga_hw\hdl\gpio.v -lib work C:\repo1\gpb\stn\fpga_hw\hdl\afifo.v -lib work C:\repo1\gpb\stn\fpga_hw\hdl\OSCILLATOR_COUNTER.v -lib work C:\repo1\gpb\stn\fpga_hw\hdl\ctrl_package_transceiver.v -lib work C:\repo1\gpb\stn\fpga_hw\hdl\phy_ctrl_rmii.v -lib work C:\repo1\gpb\stn\fpga_hw\hdl\PHY_IF.v -lib work C:\repo1\gpb\stn\fpga_hw\hdl\msg_buffer.v -lib work C:\repo1\gpb\stn\fpga_hw\hdl\msg_read.v -lib work C:\repo1\gpb\stn\fpga_hw\hdl\msg_write.v -lib work C:\repo1\gpb\stn\fpga_hw\hdl\opb_emu_target.v -lib work C:\repo1\gpb\stn\fpga_hw\hdl\cmd_server.v -lib work C:\repo1\gpb\stn\fpga_hw\hdl\SCRATCH_PAD_REGISTER.v -lib work C:\repo1\gpb\stn\fpga_hw\hdl\top_hw.v  -jobname  "compiler" 
relcom:..\..\..\..\..\..\Microchip\Libero_SoC_v2024.2\SynplifyPro\bin64\c_hdl.exe -osyn ..\synwork\top_hw_comp.srs -top top_hw -hdllog ..\synlog\top_hw_compiler.srr -encrypt -mp 4 -verification_mode 0 -vhdl -prodtype synplify_pro -infer_seqShift -primux -dspmac -pqdpadd -fixsmult -sdff_counter -divnmod -nram -actel -work_is_curlib 1 -encrypt -pro -dmgen ..\dm -lite -ui -fid2 -ram -sharing on -ll 2000 -autosm -vhdl2008 -work_is_curlib 1 -ignore_undefined_lib -lib work ..\..\hdl\serial_eeprom_if_v2.vhd -lib work ..\..\hdl\SERIAL_MII.vhd -lib work ..\..\hdl\cmn_uart.vhd -verilog -prodtype synplify_pro -infer_seqShift -primux -dspmac -pqdpadd -fixsmult -sdff_counter -divnmod -nram -actel -I ..\..\hdl -I ..\ -I ..\..\..\..\..\..\Microchip\Libero_SoC_v2024.2\SynplifyPro\lib -sysv -devicelib ..\..\..\..\..\..\Microchip\Libero_SoC_v2024.2\SynplifyPro\lib\generic\acg5.v -encrypt -pro -dmgen ..\dm -ui -fid2 -ram -sharing on -ll 2000 -autosm -lib work ..\..\component\polarfire_syn_comps.v -lib work ..\..\hdl\ADDR_DECODE.v -lib work ..\..\hdl\APP_IF.v -lib work ..\..\hdl\CLOCK_DIV.V -lib work ..\..\hdl\ClkGen.v -lib work ..\..\hdl\EEPROM_OPB_IF_V2.v -lib work ..\..\hdl\gpio.v -lib work ..\..\hdl\afifo.v -lib work ..\..\hdl\OSCILLATOR_COUNTER.v -lib work ..\..\hdl\ctrl_package_transceiver.v -lib work ..\..\hdl\phy_ctrl_rmii.v -lib work ..\..\hdl\PHY_IF.v -lib work ..\..\hdl\msg_buffer.v -lib work ..\..\hdl\msg_read.v -lib work ..\..\hdl\msg_write.v -lib work ..\..\hdl\opb_emu_target.v -lib work ..\..\hdl\cmd_server.v -lib work ..\..\hdl\SCRATCH_PAD_REGISTER.v -lib work ..\..\hdl\top_hw.v -jobname "compiler"
rc:0 success:1 runtime:29
file:..\synwork\top_hw_comp.srs|io:o|time:1760669602|size:92314|exec:0|csum:
file:..\synlog\top_hw_compiler.srr|io:o|time:1760669603|size:81514|exec:0|csum:
file:..\..\hdl\serial_eeprom_if_v2.vhd|io:i|time:1759737918|size:24189|exec:0|csum:54639D8A8483E08414FCD63E54B047A8
file:..\..\hdl\serial_mii.vhd|io:i|time:1470615539|size:10887|exec:0|csum:8781D9F4C4614AED2ED9C6958C4DEC5B
file:..\..\hdl\cmn_uart.vhd|io:i|time:1750471156|size:25394|exec:0|csum:AB17D104A0DE7906A3EB92FC827D9EE6
file:..\..\..\..\..\..\microchip\libero_soc_v2024.2\synplifypro\lib\generic\acg5.v|io:i|time:1721920354|size:43686|exec:0|csum:C5B8CD150154D193C7B0D4301122DDFB
file:..\..\component\polarfire_syn_comps.v|io:i|time:1760669574|size:501962|exec:0|csum:9D7BCB9DCEAECB8D4D889904A10D8265
file:..\..\hdl\addr_decode.v|io:i|time:1752299411|size:5239|exec:0|csum:9DA202CFBBE399E1A59AAE24BFFDC210
file:..\..\hdl\app_if.v|io:i|time:1755828365|size:3639|exec:0|csum:D7CFB21E1213F31725E2CED2724144D1
file:..\..\hdl\clock_div.v|io:i|time:1750471156|size:1308|exec:0|csum:E10BB5900275A0E1EDF6FEFE8125C462
file:..\..\hdl\clkgen.v|io:i|time:1752294317|size:5487|exec:0|csum:A4EB51FD2908EA4E41904ADF6EE57CA2
file:..\..\hdl\eeprom_opb_if_v2.v|io:i|time:1760071170|size:9825|exec:0|csum:A2CCDF406F9A42493C73B2C3419DE582
file:..\..\hdl\gpio.v|io:i|time:1755673694|size:10274|exec:0|csum:CE1468ED98A7C071467787E76A36B6D9
file:..\..\hdl\afifo.v|io:i|time:1750471156|size:20479|exec:0|csum:8B02ABF961DA4FF7EDA436F7F0165F44
file:..\..\hdl\oscillator_counter.v|io:i|time:1752297791|size:4887|exec:0|csum:9B69AA9096D3CE7D543360CCC4944380
file:..\..\hdl\ctrl_package_transceiver.v|io:i|time:1755406570|size:4983|exec:0|csum:847F159EF4D096A506206271E2B3E1B6
file:..\..\hdl\phy_ctrl_rmii.v|io:i|time:1755356962|size:2769|exec:0|csum:3DBF0221DBF51B3536001713F2FAFA41
file:..\..\hdl\phy_if.v|io:i|time:1755407844|size:12180|exec:0|csum:F65191EE318E78F727490B3321EB21CE
file:..\..\hdl\msg_buffer.v|io:i|time:1750471156|size:2269|exec:0|csum:08ABC7551FD62E63ED1E3099076E0D67
file:..\..\hdl\msg_read.v|io:i|time:1756551276|size:10593|exec:0|csum:1A1FF3CCD4D6457F89330567C7460804
file:..\..\hdl\msg_write.v|io:i|time:1754301197|size:10006|exec:0|csum:A134D3B1EC30D40DCC236F6F87E90BF0
file:..\..\hdl\opb_emu_target.v|io:i|time:1750471358|size:5613|exec:0|csum:1B9577FC57070E0034877FC95AC093BD
file:..\..\hdl\cmd_server.v|io:i|time:1755252753|size:3117|exec:0|csum:952AD7F73A40E03EDEBA86A90950856B
file:..\..\hdl\scratch_pad_register.v|io:i|time:1754103555|size:2804|exec:0|csum:7E5FDBB88AB5B827B91FC3FC582C7E67
file:..\..\hdl\top_hw.v|io:i|time:1760669559|size:19629|exec:0|csum:3F8A38AC64E461FE6483205851F1B150
file:..\..\..\..\..\..\microchip\libero_soc_v2024.2\synplifypro\bin64\c_hdl.exe|io:i|time:1721969608|size:7450112|exec:1|csum:9A75A5B83AB344F306883ED2955C0E70
