C:\Microchip\Libero_SoC_v2024.2\SynplifyPro\bin64\c_hdl.exe  -osyn  C:\repo2\gpb\dmd\P1060973_FPGA\synthesis\synwork\top_comp.srs  -top  top  -hdllog  C:\repo2\gpb\dmd\P1060973_FPGA\synthesis\synlog\top_compiler.srr  -encrypt  -mp  4  -verification_mode 0  -vhdl  -prodtype  synplify_pro   -infer_seqShift -primux -dspmac -pqdpadd -fixsmult -sdff_counter -divnmod -nram  -actel -work_is_curlib 1  -encrypt  -pro  -dmgen  C:\repo2\gpb\dmd\P1060973_FPGA\synthesis\dm  -lite -ui -fid2 -ram -sharing on -ll 2000 -autosm  -vhdl2008 -work_is_curlib 1  -ignore_undefined_lib  -lib work C:\repo2\gpb\dmd\P1060973_FPGA\hdl\cmn_uart.vhd -lib work C:\repo2\gpb\dmd\P1060973_FPGA\hdl\serial_eeprom_if_v2.vhd -lib work C:\repo2\gpb\dmd\P1060973_FPGA\hdl\PH_PWM.vhd -lib work C:\repo2\gpb\dmd\P1060973_FPGA\hdl\SIMPLE_PH_PWM.vhd -lib work C:\repo2\gpb\dmd\P1060973_FPGA\hdl\cmn_deadband.vhd -lib work C:\repo2\gpb\dmd\P1060973_FPGA\hdl\cmn_debouncer.vhd -lib work C:\repo2\gpb\dmd\P1060973_FPGA\hdl\cmn_pwm.vhd  -verilog  -prodtype  synplify_pro   -infer_seqShift -primux -dspmac -pqdpadd -fixsmult -sdff_counter -divnmod -nram  -actel   -I C:\repo2\gpb\dmd\P1060973_FPGA\hdl  -I C:\repo2\gpb\dmd\P1060973_FPGA\synthesis\  -I C:\Microchip\Libero_SoC_v2024.2\SynplifyPro\lib   -sysv  -devicelib  C:\Microchip\Libero_SoC_v2024.2\SynplifyPro\lib\generic\acg5.v  -encrypt  -pro  -dmgen  C:\repo2\gpb\dmd\P1060973_FPGA\synthesis\dm  -ui -fid2 -ram -sharing on -ll 2000 -autosm  -lib work C:\repo2\gpb\dmd\P1060973_FPGA\component\polarfire_syn_comps.v -lib work C:\repo2\gpb\dmd\P1060973_FPGA\hdl\CLK_DIV.V -lib work C:\repo2\gpb\dmd\P1060973_FPGA\hdl\dual_port_ram.v -lib work C:\repo2\gpb\dmd\P1060973_FPGA\hdl\afifo.v -lib work C:\repo2\gpb\dmd\P1060973_FPGA\hdl\ADC_ADS8864_IF.v -lib work C:\repo2\gpb\dmd\P1060973_FPGA\hdl\ADDR_DECODER.v -lib work C:\repo2\gpb\dmd\P1060973_FPGA\hdl\CLK_GEN.v -lib work C:\repo2\gpb\dmd\P1060973_FPGA\hdl\DAC_DACx0504_IF.v -lib work C:\repo2\gpb\dmd\P1060973_FPGA\hdl\EEPROM_OPB_IF_V2.v -lib work C:\repo2\gpb\dmd\P1060973_FPGA\hdl\FPGA_WD.v -lib work C:\repo2\gpb\dmd\P1060973_FPGA\hdl\GPIO.v -lib work C:\repo2\gpb\dmd\P1060973_FPGA\hdl\MSSB_IF.v -lib work C:\repo2\gpb\dmd\P1060973_FPGA\hdl\OSCILLATOR_COUNTER.v -lib work C:\repo2\gpb\dmd\P1060973_FPGA\hdl\ScratchPadRegister.v -lib work C:\repo2\gpb\dmd\P1060973_FPGA\hdl\msg_buffer.v -lib work C:\repo2\gpb\dmd\P1060973_FPGA\hdl\msg_read.v -lib work C:\repo2\gpb\dmd\P1060973_FPGA\hdl\msg_write.v -lib work C:\repo2\gpb\dmd\P1060973_FPGA\hdl\opb_emu_target.v -lib work C:\repo2\gpb\dmd\P1060973_FPGA\hdl\cmd_server.v -lib work C:\repo2\gpb\dmd\P1060973_FPGA\hdl\cmn_pwm_wrapper.v -lib work C:\repo2\gpb\dmd\P1060973_FPGA\hdl\top.v  -jobname  "compiler" 
relcom:..\..\..\..\..\..\Microchip\Libero_SoC_v2024.2\SynplifyPro\bin64\c_hdl.exe -osyn ..\synwork\top_comp.srs -top top -hdllog ..\synlog\top_compiler.srr -encrypt -mp 4 -verification_mode 0 -vhdl -prodtype synplify_pro -infer_seqShift -primux -dspmac -pqdpadd -fixsmult -sdff_counter -divnmod -nram -actel -work_is_curlib 1 -encrypt -pro -dmgen ..\dm -lite -ui -fid2 -ram -sharing on -ll 2000 -autosm -vhdl2008 -work_is_curlib 1 -ignore_undefined_lib -lib work ..\..\hdl\cmn_uart.vhd -lib work ..\..\hdl\serial_eeprom_if_v2.vhd -lib work ..\..\hdl\PH_PWM.vhd -lib work ..\..\hdl\SIMPLE_PH_PWM.vhd -lib work ..\..\hdl\cmn_deadband.vhd -lib work ..\..\hdl\cmn_debouncer.vhd -lib work ..\..\hdl\cmn_pwm.vhd -verilog -prodtype synplify_pro -infer_seqShift -primux -dspmac -pqdpadd -fixsmult -sdff_counter -divnmod -nram -actel -I ..\..\hdl -I ..\ -I ..\..\..\..\..\..\Microchip\Libero_SoC_v2024.2\SynplifyPro\lib -sysv -devicelib ..\..\..\..\..\..\Microchip\Libero_SoC_v2024.2\SynplifyPro\lib\generic\acg5.v -encrypt -pro -dmgen ..\dm -ui -fid2 -ram -sharing on -ll 2000 -autosm -lib work ..\..\component\polarfire_syn_comps.v -lib work ..\..\hdl\CLK_DIV.V -lib work ..\..\hdl\dual_port_ram.v -lib work ..\..\hdl\afifo.v -lib work ..\..\hdl\ADC_ADS8864_IF.v -lib work ..\..\hdl\ADDR_DECODER.v -lib work ..\..\hdl\CLK_GEN.v -lib work ..\..\hdl\DAC_DACx0504_IF.v -lib work ..\..\hdl\EEPROM_OPB_IF_V2.v -lib work ..\..\hdl\FPGA_WD.v -lib work ..\..\hdl\GPIO.v -lib work ..\..\hdl\MSSB_IF.v -lib work ..\..\hdl\OSCILLATOR_COUNTER.v -lib work ..\..\hdl\ScratchPadRegister.v -lib work ..\..\hdl\msg_buffer.v -lib work ..\..\hdl\msg_read.v -lib work ..\..\hdl\msg_write.v -lib work ..\..\hdl\opb_emu_target.v -lib work ..\..\hdl\cmd_server.v -lib work ..\..\hdl\cmn_pwm_wrapper.v -lib work ..\..\hdl\top.v -jobname "compiler"
rc:0 success:1 runtime:22
file:..\synwork\top_comp.srs|io:o|time:1760777466|size:141964|exec:0|csum:
file:..\synlog\top_compiler.srr|io:o|time:1760777466|size:111797|exec:0|csum:
file:..\..\hdl\cmn_uart.vhd|io:i|time:1745416052|size:25394|exec:0|csum:AB17D104A0DE7906A3EB92FC827D9EE6
file:..\..\hdl\serial_eeprom_if_v2.vhd|io:i|time:1759737918|size:24189|exec:0|csum:54639D8A8483E08414FCD63E54B047A8
file:..\..\hdl\ph_pwm.vhd|io:i|time:1747789079|size:8374|exec:0|csum:7D74F41C6537AC13614967C38F70F891
file:..\..\hdl\simple_ph_pwm.vhd|io:i|time:1748142462|size:4287|exec:0|csum:8D1EE42392488F568F2D17164F917526
file:..\..\hdl\cmn_deadband.vhd|io:i|time:1474197791|size:6022|exec:0|csum:A2E434D6F63C2A5F254DF7FE5A912254
file:..\..\hdl\cmn_debouncer.vhd|io:i|time:1747013917|size:5109|exec:0|csum:A6345F75C23F3E35EA9B96AE9FF7620B
file:..\..\hdl\cmn_pwm.vhd|io:i|time:1748142528|size:12262|exec:0|csum:451141CBF3646A4A6EBB41E0FA1BFA6C
file:..\..\..\..\..\..\microchip\libero_soc_v2024.2\synplifypro\lib\generic\acg5.v|io:i|time:1721920354|size:43686|exec:0|csum:C5B8CD150154D193C7B0D4301122DDFB
file:..\..\component\polarfire_syn_comps.v|io:i|time:1760777443|size:501962|exec:0|csum:9D7BCB9DCEAECB8D4D889904A10D8265
file:..\..\hdl\clk_div.v|io:i|time:1745416052|size:1308|exec:0|csum:E10BB5900275A0E1EDF6FEFE8125C462
file:..\..\hdl\dual_port_ram.v|io:i|time:1745416052|size:1602|exec:0|csum:4A315AE8E97A8D35B296D4C8325A7C38
file:..\..\hdl\afifo.v|io:i|time:1745416052|size:20479|exec:0|csum:8B02ABF961DA4FF7EDA436F7F0165F44
file:..\..\hdl\adc_ads8864_if.v|io:i|time:1760776731|size:17118|exec:0|csum:64EC30DAC23C315D635F2243E85C6546
file:..\..\hdl\addr_decoder.v|io:i|time:1760070965|size:17846|exec:0|csum:E172F75E9C626DC9483AD9D02AF1C15E
file:..\..\hdl\clk_gen.v|io:i|time:1749236150|size:5493|exec:0|csum:A67B96EE2AC761EDC1D87ADFC6AFAA78
file:..\..\hdl\dac_dacx0504_if.v|io:i|time:1746079675|size:6652|exec:0|csum:1D7B09D0ED0C3E1BC156F39B0B4BBDEF
file:..\..\hdl\eeprom_opb_if_v2.v|io:i|time:1760071170|size:9825|exec:0|csum:A2CCDF406F9A42493C73B2C3419DE582
file:..\..\hdl\fpga_wd.v|io:i|time:1745977508|size:1449|exec:0|csum:34C827BB95716E3FD87B3E1C56DDC757
file:..\..\hdl\gpio.v|io:i|time:1749233589|size:21513|exec:0|csum:B705410C5E646D40EF5F7CAFFD91E393
file:..\..\hdl\mssb_if.v|io:i|time:1748143582|size:13301|exec:0|csum:C9AD2B03E3853102AAFC81B920131E07
file:..\..\hdl\oscillator_counter.v|io:i|time:1745988133|size:4791|exec:0|csum:AF90F03D5D7AE2B60D8A7108EDD90800
file:..\..\hdl\scratchpadregister.v|io:i|time:1745637890|size:1633|exec:0|csum:C05B5E73E37C6B38F42A5128BA9C2C50
file:..\..\hdl\msg_buffer.v|io:i|time:1745416052|size:2269|exec:0|csum:08ABC7551FD62E63ED1E3099076E0D67
file:..\..\hdl\msg_read.v|io:i|time:1745889155|size:10591|exec:0|csum:E7C550E55F2619CA947F378B8B5AE537
file:..\..\hdl\msg_write.v|io:i|time:1760693610|size:10004|exec:0|csum:F20893816FDA0E114624AFCCD5838132
file:..\..\hdl\opb_emu_target.v|io:i|time:1745634123|size:5613|exec:0|csum:1B9577FC57070E0034877FC95AC093BD
file:..\..\hdl\cmd_server.v|io:i|time:1745416052|size:3117|exec:0|csum:952AD7F73A40E03EDEBA86A90950856B
file:..\..\hdl\cmn_pwm_wrapper.v|io:i|time:1751531926|size:14390|exec:0|csum:271277CEBDEBAC76A10C10DDE39D7A12
file:..\..\hdl\top.v|io:i|time:1760695612|size:44193|exec:0|csum:76496E2A1E42E5E04D5FE65061D4CEC3
file:..\..\..\..\..\..\microchip\libero_soc_v2024.2\synplifypro\bin64\c_hdl.exe|io:i|time:1721969608|size:7450112|exec:1|csum:9A75A5B83AB344F306883ED2955C0E70
