Resource Usage Report for top 

Mapping to part: mpf100tfcg484std
Cell usage:
CLKINT          15 uses
CFG1           58 uses
CFG2           690 uses
CFG3           1228 uses
CFG4           2808 uses

Carry cells:
ARI1            2046 uses - used for arithmetic functions
ARI1            922 uses - used for Wide-Mux implementation
Total ARI1      2968 uses


Sequential Cells: 
SLE            6069 uses

DSP Blocks:    0 of 336 (0%)

I/O ports: 148
I/O primitives: 148
INBUF          60 uses
OUTBUF         88 uses


Global Clock Buffers: 15

Total LUTs:    7752

Extra resources required for RAM and MACC_PA interface logic during P&R:

RAM64X12 Interface Logic : SLEs = 456; LUTs = 456;
RAM1K20  Interface Logic : SLEs = 36; LUTs = 36;
MACC_PA     Interface Logic : SLEs = 0; LUTs = 0;
MACC_PA_BC_ROM     Interface Logic : SLEs = 0; LUTs = 0;

Total number of SLEs after P&R:  6069 + 456 + 36 + 0 = 6561;
Total number of LUTs after P&R:  7752 + 456 + 36 + 0 = 8244;

